###############################################################################
#
# IAR ELF Linker V7.50.2.10312/W32 for ARM                13/Nov/2016  18:14:27
# Copyright 2007-2015 IAR Systems AB.
#
#    Output file  =  
#        C:\Users\Zhaojingyangchun\Documents\GitHub\Wireless-control\Project-IAR\EWARM\SmartHouse\Exe\SmartHouse.out
#    Map file     =  
#        C:\Users\Zhaojingyangchun\Documents\GitHub\Wireless-control\Project-IAR\EWARM\SmartHouse\List\SmartHouse.map
#    Command line =  
#        C:\Users\Zhaojingyangchun\Documents\GitHub\Wireless-control\Project-IAR\EWARM\SmartHouse\Obj\adc.o
#        C:\Users\Zhaojingyangchun\Documents\GitHub\Wireless-control\Project-IAR\EWARM\SmartHouse\Obj\Alarm.o
#        C:\Users\Zhaojingyangchun\Documents\GitHub\Wireless-control\Project-IAR\EWARM\SmartHouse\Obj\board.o
#        C:\Users\Zhaojingyangchun\Documents\GitHub\Wireless-control\Project-IAR\EWARM\SmartHouse\Obj\bsp_driver_sd.o
#        C:\Users\Zhaojingyangchun\Documents\GitHub\Wireless-control\Project-IAR\EWARM\SmartHouse\Obj\can.o
#        C:\Users\Zhaojingyangchun\Documents\GitHub\Wireless-control\Project-IAR\EWARM\SmartHouse\Obj\cc950.o
#        C:\Users\Zhaojingyangchun\Documents\GitHub\Wireless-control\Project-IAR\EWARM\SmartHouse\Obj\cmsis_os.o
#        C:\Users\Zhaojingyangchun\Documents\GitHub\Wireless-control\Project-IAR\EWARM\SmartHouse\Obj\CRC_JIAMI.o
#        C:\Users\Zhaojingyangchun\Documents\GitHub\Wireless-control\Project-IAR\EWARM\SmartHouse\Obj\croutine.o
#        C:\Users\Zhaojingyangchun\Documents\GitHub\Wireless-control\Project-IAR\EWARM\SmartHouse\Obj\dac.o
#        C:\Users\Zhaojingyangchun\Documents\GitHub\Wireless-control\Project-IAR\EWARM\SmartHouse\Obj\DataTransfer.o
#        C:\Users\Zhaojingyangchun\Documents\GitHub\Wireless-control\Project-IAR\EWARM\SmartHouse\Obj\DeviceModule.o
#        C:\Users\Zhaojingyangchun\Documents\GitHub\Wireless-control\Project-IAR\EWARM\SmartHouse\Obj\diskio.o
#        C:\Users\Zhaojingyangchun\Documents\GitHub\Wireless-control\Project-IAR\EWARM\SmartHouse\Obj\DS1307.o
#        C:\Users\Zhaojingyangchun\Documents\GitHub\Wireless-control\Project-IAR\EWARM\SmartHouse\Obj\event_groups.o
#        C:\Users\Zhaojingyangchun\Documents\GitHub\Wireless-control\Project-IAR\EWARM\SmartHouse\Obj\fatfs.o
#        C:\Users\Zhaojingyangchun\Documents\GitHub\Wireless-control\Project-IAR\EWARM\SmartHouse\Obj\fatfs_platform.o
#        C:\Users\Zhaojingyangchun\Documents\GitHub\Wireless-control\Project-IAR\EWARM\SmartHouse\Obj\ff.o
#        C:\Users\Zhaojingyangchun\Documents\GitHub\Wireless-control\Project-IAR\EWARM\SmartHouse\Obj\ff_gen_drv.o
#        C:\Users\Zhaojingyangchun\Documents\GitHub\Wireless-control\Project-IAR\EWARM\SmartHouse\Obj\freertos.o
#        C:\Users\Zhaojingyangchun\Documents\GitHub\Wireless-control\Project-IAR\EWARM\SmartHouse\Obj\Gizwits.o
#        C:\Users\Zhaojingyangchun\Documents\GitHub\Wireless-control\Project-IAR\EWARM\SmartHouse\Obj\gpio.o
#        C:\Users\Zhaojingyangchun\Documents\GitHub\Wireless-control\Project-IAR\EWARM\SmartHouse\Obj\Handle.o
#        C:\Users\Zhaojingyangchun\Documents\GitHub\Wireless-control\Project-IAR\EWARM\SmartHouse\Obj\heap_4.o
#        C:\Users\Zhaojingyangchun\Documents\GitHub\Wireless-control\Project-IAR\EWARM\SmartHouse\Obj\HMI.o
#        C:\Users\Zhaojingyangchun\Documents\GitHub\Wireless-control\Project-IAR\EWARM\SmartHouse\Obj\Key.o
#        C:\Users\Zhaojingyangchun\Documents\GitHub\Wireless-control\Project-IAR\EWARM\SmartHouse\Obj\list.o
#        C:\Users\Zhaojingyangchun\Documents\GitHub\Wireless-control\Project-IAR\EWARM\SmartHouse\Obj\main.o
#        C:\Users\Zhaojingyangchun\Documents\GitHub\Wireless-control\Project-IAR\EWARM\SmartHouse\Obj\port.o
#        C:\Users\Zhaojingyangchun\Documents\GitHub\Wireless-control\Project-IAR\EWARM\SmartHouse\Obj\portasm.o
#        C:\Users\Zhaojingyangchun\Documents\GitHub\Wireless-control\Project-IAR\EWARM\SmartHouse\Obj\queue.o
#        C:\Users\Zhaojingyangchun\Documents\GitHub\Wireless-control\Project-IAR\EWARM\SmartHouse\Obj\relay.o
#        C:\Users\Zhaojingyangchun\Documents\GitHub\Wireless-control\Project-IAR\EWARM\SmartHouse\Obj\RF4463.o
#        C:\Users\Zhaojingyangchun\Documents\GitHub\Wireless-control\Project-IAR\EWARM\SmartHouse\Obj\sd_diskio.o
#        C:\Users\Zhaojingyangchun\Documents\GitHub\Wireless-control\Project-IAR\EWARM\SmartHouse\Obj\sdio.o
#        C:\Users\Zhaojingyangchun\Documents\GitHub\Wireless-control\Project-IAR\EWARM\SmartHouse\Obj\SerialDriver.o
#        C:\Users\Zhaojingyangchun\Documents\GitHub\Wireless-control\Project-IAR\EWARM\SmartHouse\Obj\SerialDriver_Bare.o
#        C:\Users\Zhaojingyangchun\Documents\GitHub\Wireless-control\Project-IAR\EWARM\SmartHouse\Obj\SerialDriver_OS.o
#        C:\Users\Zhaojingyangchun\Documents\GitHub\Wireless-control\Project-IAR\EWARM\SmartHouse\Obj\SHT2x.o
#        C:\Users\Zhaojingyangchun\Documents\GitHub\Wireless-control\Project-IAR\EWARM\SmartHouse\Obj\si446x.o
#        C:\Users\Zhaojingyangchun\Documents\GitHub\Wireless-control\Project-IAR\EWARM\SmartHouse\Obj\spi.o
#        C:\Users\Zhaojingyangchun\Documents\GitHub\Wireless-control\Project-IAR\EWARM\SmartHouse\Obj\startup_stm32f103xe.o
#        C:\Users\Zhaojingyangchun\Documents\GitHub\Wireless-control\Project-IAR\EWARM\SmartHouse\Obj\stm32f1xx_hal.o
#        C:\Users\Zhaojingyangchun\Documents\GitHub\Wireless-control\Project-IAR\EWARM\SmartHouse\Obj\stm32f1xx_hal_adc.o
#        C:\Users\Zhaojingyangchun\Documents\GitHub\Wireless-control\Project-IAR\EWARM\SmartHouse\Obj\stm32f1xx_hal_adc_ex.o
#        C:\Users\Zhaojingyangchun\Documents\GitHub\Wireless-control\Project-IAR\EWARM\SmartHouse\Obj\stm32f1xx_hal_can.o
#        C:\Users\Zhaojingyangchun\Documents\GitHub\Wireless-control\Project-IAR\EWARM\SmartHouse\Obj\stm32f1xx_hal_cortex.o
#        C:\Users\Zhaojingyangchun\Documents\GitHub\Wireless-control\Project-IAR\EWARM\SmartHouse\Obj\stm32f1xx_hal_dac.o
#        C:\Users\Zhaojingyangchun\Documents\GitHub\Wireless-control\Project-IAR\EWARM\SmartHouse\Obj\stm32f1xx_hal_dac_ex.o
#        C:\Users\Zhaojingyangchun\Documents\GitHub\Wireless-control\Project-IAR\EWARM\SmartHouse\Obj\stm32f1xx_hal_dma.o
#        C:\Users\Zhaojingyangchun\Documents\GitHub\Wireless-control\Project-IAR\EWARM\SmartHouse\Obj\stm32f1xx_hal_flash.o
#        C:\Users\Zhaojingyangchun\Documents\GitHub\Wireless-control\Project-IAR\EWARM\SmartHouse\Obj\stm32f1xx_hal_flash_ex.o
#        C:\Users\Zhaojingyangchun\Documents\GitHub\Wireless-control\Project-IAR\EWARM\SmartHouse\Obj\stm32f1xx_hal_gpio.o
#        C:\Users\Zhaojingyangchun\Documents\GitHub\Wireless-control\Project-IAR\EWARM\SmartHouse\Obj\stm32f1xx_hal_gpio_ex.o
#        C:\Users\Zhaojingyangchun\Documents\GitHub\Wireless-control\Project-IAR\EWARM\SmartHouse\Obj\stm32f1xx_hal_msp.o
#        C:\Users\Zhaojingyangchun\Documents\GitHub\Wireless-control\Project-IAR\EWARM\SmartHouse\Obj\stm32f1xx_hal_pwr.o
#        C:\Users\Zhaojingyangchun\Documents\GitHub\Wireless-control\Project-IAR\EWARM\SmartHouse\Obj\stm32f1xx_hal_rcc.o
#        C:\Users\Zhaojingyangchun\Documents\GitHub\Wireless-control\Project-IAR\EWARM\SmartHouse\Obj\stm32f1xx_hal_rcc_ex.o
#        C:\Users\Zhaojingyangchun\Documents\GitHub\Wireless-control\Project-IAR\EWARM\SmartHouse\Obj\stm32f1xx_hal_sd.o
#        C:\Users\Zhaojingyangchun\Documents\GitHub\Wireless-control\Project-IAR\EWARM\SmartHouse\Obj\stm32f1xx_hal_spi.o
#        C:\Users\Zhaojingyangchun\Documents\GitHub\Wireless-control\Project-IAR\EWARM\SmartHouse\Obj\stm32f1xx_hal_spi_ex.o
#        C:\Users\Zhaojingyangchun\Documents\GitHub\Wireless-control\Project-IAR\EWARM\SmartHouse\Obj\stm32f1xx_hal_tim.o
#        C:\Users\Zhaojingyangchun\Documents\GitHub\Wireless-control\Project-IAR\EWARM\SmartHouse\Obj\stm32f1xx_hal_tim_ex.o
#        C:\Users\Zhaojingyangchun\Documents\GitHub\Wireless-control\Project-IAR\EWARM\SmartHouse\Obj\stm32f1xx_hal_timebase_TIM.o
#        C:\Users\Zhaojingyangchun\Documents\GitHub\Wireless-control\Project-IAR\EWARM\SmartHouse\Obj\stm32f1xx_hal_uart.o
#        C:\Users\Zhaojingyangchun\Documents\GitHub\Wireless-control\Project-IAR\EWARM\SmartHouse\Obj\stm32f1xx_it.o
#        C:\Users\Zhaojingyangchun\Documents\GitHub\Wireless-control\Project-IAR\EWARM\SmartHouse\Obj\stm32f1xx_ll_sdmmc.o
#        C:\Users\Zhaojingyangchun\Documents\GitHub\Wireless-control\Project-IAR\EWARM\SmartHouse\Obj\syscall.o
#        C:\Users\Zhaojingyangchun\Documents\GitHub\Wireless-control\Project-IAR\EWARM\SmartHouse\Obj\system_stm32f1xx.o
#        C:\Users\Zhaojingyangchun\Documents\GitHub\Wireless-control\Project-IAR\EWARM\SmartHouse\Obj\tasks.o
#        C:\Users\Zhaojingyangchun\Documents\GitHub\Wireless-control\Project-IAR\EWARM\SmartHouse\Obj\tim.o
#        C:\Users\Zhaojingyangchun\Documents\GitHub\Wireless-control\Project-IAR\EWARM\SmartHouse\Obj\timers.o
#        C:\Users\Zhaojingyangchun\Documents\GitHub\Wireless-control\Project-IAR\EWARM\SmartHouse\Obj\usart.o
#        C:\Users\Zhaojingyangchun\Documents\GitHub\Wireless-control\Project-IAR\EWARM\SmartHouse\Obj\UsartDriver.o
#        --redirect _Printf=_PrintfFull --redirect _Scanf=_ScanfFull -o
#        C:\Users\Zhaojingyangchun\Documents\GitHub\Wireless-control\Project-IAR\EWARM\SmartHouse\Exe\SmartHouse.out
#        --map
#        C:\Users\Zhaojingyangchun\Documents\GitHub\Wireless-control\Project-IAR\EWARM\SmartHouse\List\SmartHouse.map
#        --config
#        C:\Users\Zhaojingyangchun\Documents\GitHub\Wireless-control\Project-IAR\EWARM/stm32f103xe_flash.icf
#        --semihosting --entry __iar_program_start --vfe
#
###############################################################################

*******************************************************************************
*** RUNTIME MODEL ATTRIBUTES
***

CppFlavor                     = *
__Heap_Handler                = Basic
__SystemLibrary               = DLib
__dlib_dynamic_initialization = normal


*******************************************************************************
*** PLACEMENT SUMMARY
***

"A1":  place at 0x08000000 { ro section .intvec };
"P1":  place in [from 0x08000000 to 0x0807ffff] { ro };
"P2":  place in [from 0x20000000 to 0x2000ffff] { rw, block CSTACK, block HEAP };

  Section             Kind        Address    Size  Object
  -------             ----        -------    ----  ------
"A1":                                       0x130
  .intvec             ro code  0x08000000   0x130  startup_stm32f103xe.o [1]
                             - 0x08000130   0x130

"P1":                                      0xd5d1
  .text               ro code  0x08000130  0x1166  xprintffull.o [3]
  .text               ro code  0x08001296    0x20  xmbtowc.o [3]
  .text               ro code  0x080012b6    0x76  lz77_init_single.o [5]
  .text               ro code  0x0800132c    0x16  strchr.o [5]
  .text               ro code  0x08001342     0xa  xsprout.o [3]
  .text               ro code  0x0800134c    0x36  strlen.o [5]
  .rodata             const    0x08001382     0x2  stm32f1xx_hal_rcc.o [1]
  .text               ro code  0x08001384    0x58  memchr.o [5]
  .text               ro code  0x080013dc     0xa  xmbcurmax.o [3]
  .text               ro code  0x080013e8    0xb0  xxmemxmalloc.o [3]
  .text               ro code  0x08001498    0x1a  xwctomb.o [3]
  .text               ro code  0x080014b4    0x76  ABImemcpy_unaligned.o [5]
  .text               ro code  0x0800152c    0x80  xxmemxfree.o [3]
  .text               ro code  0x080015ac    0xee  I64DivMod.o [5]
  .text               ro code  0x0800169a    0x42  xdnorm.o [4]
  .text               ro code  0x080016dc    0x2e  DblCmpLe.o [4]
  .text               ro code  0x0800170c    0x2e  DblCmpGe.o [4]
  .text               ro code  0x0800173c   0x10c  xdscale.o [4]
  .text               ro code  0x08001848    0x58  DblToI32.o [4]
  .text               ro code  0x080018a0    0x30  I32ToDbl.o [4]
  .text               ro code  0x080018d0   0x180  DblSub.o [4]
  .text               ro code  0x08001a50   0x1a2  DblMul.o [4]
  .text               ro code  0x08001bf4   0x256  DblDiv.o [4]
  .text               ro code  0x08001e4c    0x6c  localeconv.o [3]
  .text               ro code  0x08001eb8     0xe  div.o [3]
  .text               ro code  0x08001ec8    0x24  setlocale.o [3]
  .text               ro code  0x08001eec    0x60  xencoding_sb.o [3]
  .text               ro code  0x08001f4c    0x2c  xgetmemchunk.o [3]
  .text               ro code  0x08001f78     0x2  I64DivZer.o [5]
  .text               ro code  0x08001f7c    0xe8  DblAdd.o [4]
  .text               ro code  0x08002064     0x2  xtls.o [3]
  .text               ro code  0x08002068   0xda4  tasks.o [1]
  CODE                ro code  0x08002e0c    0x94  portasm.o [1]
  .text               ro code  0x08002ea0   0x34c  port.o [1]
  .text               ro code  0x080031ec    0x9e  list.o [1]
  .text               ro code  0x0800328c   0x458  timers.o [1]
  .text               ro code  0x080036e4   0x2ec  freertos.o [1]
  .text               ro code  0x080039d0   0x258  heap_4.o [1]
  .text               ro code  0x08003c28    0x66  ABImemset.o [5]
  .text               ro code  0x08003c90   0x818  queue.o [1]
  .text               ro code  0x080044a8   0x204  cmsis_os.o [1]
  .text               ro code  0x080046ac   0x1bc  Gizwits.o [1]
  .text               ro code  0x08004868   0x35c  board.o [1]
  .text               ro code  0x08004bc4     0x6  ABImemclr4.o [5]
  .text               ro code  0x08004bcc    0x44  strcpy_unaligned.o [5]
  .text               ro code  0x08004c10    0x42  strcmp_unaligned.o [5]
  .text               ro code  0x08004c52    0x1c  strcat.o [3]
  .text               ro code  0x08004c70   0x188  DeviceModule.o [1]
  .text               ro code  0x08004df8    0x32  ABImemset48.o [5]
  .text               ro code  0x08004e2c   0x1d8  spi.o [1]
  .text               ro code  0x08005004   0x484  stm32f1xx_hal_gpio.o [1]
  .text               ro code  0x08005488   0x71e  stm32f1xx_hal_spi.o [1]
  .text               ro code  0x08005ba8    0x90  stm32f1xx_hal_spi_ex.o [1]
  .text               ro code  0x08005c38    0xf2  main.o [1]
  .text               ro code  0x08005d2c   0x184  stm32f1xx_hal_cortex.o [1]
  .text               ro code  0x08005eb0    0x58  stm32f1xx_hal.o [1]
  .text               ro code  0x08005f08   0x1ac  gpio.o [1]
  .text               ro code  0x080060b4   0x110  can.o [1]
  .text               ro code  0x080061c4    0x90  dac.o [1]
  .text               ro code  0x08006254    0x34  sdio.o [1]
  .text               ro code  0x08006288   0x620  tim.o [1]
  .text               ro code  0x080068a8   0xa5c  stm32f1xx_hal_rcc.o [1]
  .text               ro code  0x08007304   0x144  stm32f1xx_hal_rcc_ex.o [1]
  .text               ro code  0x08007448    0x94  stm32f1xx_hal_timebase_TIM.o [1]
  .text               ro code  0x080074dc    0x7c  stm32f1xx_hal_msp.o [1]
  .text               ro code  0x08007558   0x47e  stm32f1xx_hal_can.o [1]
  .text               ro code  0x080079d8    0x7e  stm32f1xx_hal_dac.o [1]
  .text               ro code  0x08007a58   0x680  stm32f1xx_hal_tim.o [1]
  .text               ro code  0x080080d8    0xa8  stm32f1xx_hal_tim_ex.o [1]
  .text               ro code  0x08008180   0x7a8  stm32f1xx_hal_adc.o [1]
  .text               ro code  0x08008928    0x9c  adc.o [1]
  .text               ro code  0x080089c4   0x35c  Key.o [1]
  .text               ro code  0x08008d20     0x2  stm32f1xx_hal_adc_ex.o [1]
  .text               ro code  0x08008d24   0x76e  SHT2x.o [1]
  .text               ro code  0x08009494    0xe6  FltSub.o [4]
  .text               ro code  0x0800957c    0x4e  FltToDbl.o [4]
  .text               ro code  0x080095cc    0x1e  I32ToFlt.o [4]
  .text               ro code  0x080095ec    0x90  DblToFlt.o [4]
  .text               ro code  0x0800967c    0x74  FltAdd.o [4]
  .text               ro code  0x080096f0   0x604  DS1307.o [1]
  .text               ro code  0x08009cf4   0x348  DataTransfer.o [1]
  .text               ro code  0x0800a03c   0x170  CRC_JIAMI.o [1]
  .text               ro code  0x0800a1ac    0x34  sprintf.o [3]
  .text               ro code  0x0800a1e0   0x276  Handle.o [1]
  .text               ro code  0x0800a456     0x8  atoi.o [3]
  .text               ro code  0x0800a460   0x260  relay.o [1]
  .text               ro code  0x0800a6c0   0x198  xstoul.o [3]
  .text               ro code  0x0800a858    0x14  isxxx.o [3]
  .text               ro code  0x0800a86c    0x14  tolower.o [3]
  .text               ro code  0x0800a880     0xc  errno.o [3]
  .text               ro code  0x0800a88c    0x14  xlocale_c.o [3]
  .text               ro code  0x0800a8a0     0xc  xlocale_c.o [3]
  .text               ro code  0x0800a8ac   0x5ac  SerialDriver.o [1]
  .text               ro code  0x0800ae58    0xa0  SerialDriver_OS.o [1]
  .text               ro code  0x0800aef8   0x594  stm32f1xx_hal_uart.o [1]
  .text               ro code  0x0800b48c   0x158  usart.o [1]
  .text               ro code  0x0800b5e4   0x54c  UsartDriver.o [1]
  .text               ro code  0x0800bb30   0x534  si446x.o [1]
  .text               ro code  0x0800c064   0x4c4  RF4463.o [1]
  .text               ro code  0x0800c528   0x428  HMI.o [1]
  .text               ro code  0x0800c950   0x340  Alarm.o [1]
  .rodata             const    0x0800cc90   0x16c  si446x.o [1]
  .text               ro code  0x0800cdfc    0xdc  stm32f1xx_it.o [1]
  .text               ro code  0x0800ced8    0xc0  stm32f1xx_hal_sd.o [1]
  .text               ro code  0x0800cf98    0x68  system_stm32f1xx.o [1]
  .text               ro code  0x0800d000    0x40  zero_init3.o [5]
  .text               ro code  0x0800d040    0x28  data_init.o [5]
  .iar.init_table     const    0x0800d068    0x20  - Linker created -
  .rodata             const    0x0800d088    0x1c  HMI.o [1]
  .text               ro code  0x0800d0a4    0x1a  cmain.o [5]
  .text               ro code  0x0800d0be     0x4  low_level_init.o [3]
  .text               ro code  0x0800d0c2     0x4  exit.o [3]
  .text               ro code  0x0800d0c8     0xa  cexit.o [5]
  .text               ro code  0x0800d0d4    0x14  exit.o [6]
  .rodata             const    0x0800d0e8    0x18  freertos.o [1]
  .rodata             const    0x0800d100    0x18  freertos.o [1]
  .rodata             const    0x0800d118    0x18  freertos.o [1]
  .rodata             const    0x0800d130    0x18  freertos.o [1]
  .rodata             const    0x0800d148    0x14  freertos.o [1]
  .rodata             const    0x0800d15c    0x14  freertos.o [1]
  .rodata             const    0x0800d170    0x14  freertos.o [1]
  .rodata             const    0x0800d184    0x14  freertos.o [1]
  .rodata             const    0x0800d198    0x14  freertos.o [1]
  .rodata             const    0x0800d1ac    0x14  freertos.o [1]
  .rodata             const    0x0800d1c0    0x14  freertos.o [1]
  .rodata             const    0x0800d1d4    0x14  freertos.o [1]
  .rodata             const    0x0800d1e8    0x14  HMI.o [1]
  .rodata             const    0x0800d1fc    0x10  Handle.o [1]
  .rodata             const    0x0800d20c    0x10  Handle.o [1]
  .rodata             const    0x0800d21c    0x10  stm32f1xx_hal_rcc.o [1]
  .rodata             const    0x0800d22c    0x10  system_stm32f1xx.o [1]
  .text               ro code  0x0800d23c    0x10  startup_stm32f103xe.o [1]
  .rodata             const    0x0800d24c     0xc  DS1307.o [1]
  .rodata             const    0x0800d258     0xc  DS1307.o [1]
  .rodata             const    0x0800d264     0xc  freertos.o [1]
  .rodata             const    0x0800d270     0xc  freertos.o [1]
  .rodata             const    0x0800d27c     0xc  HMI.o [1]
  .rodata             const    0x0800d288     0xc  RF4463.o [1]
  .rodata             const    0x0800d294     0xc  SHT2x.o [1]
  .rodata             const    0x0800d2a0     0xc  SHT2x.o [1]
  .text               ro code  0x0800d2ac     0xc  cstartup_M.o [5]
  .rodata             const    0x0800d2b8     0x8  board.o [1]
  .rodata             const    0x0800d2c0     0x8  DataTransfer.o [1]
  .rodata             const    0x0800d2c8     0x8  DataTransfer.o [1]
  .rodata             const    0x0800d2d0     0x8  Gizwits.o [1]
  .rodata             const    0x0800d2d8     0x8  Gizwits.o [1]
  .rodata             const    0x0800d2e0     0x8  Gizwits.o [1]
  .rodata             const    0x0800d2e8     0x8  Gizwits.o [1]
  .rodata             const    0x0800d2f0     0x8  Handle.o [1]
  .rodata             const    0x0800d2f8     0x8  Handle.o [1]
  .rodata             const    0x0800d300     0x8  Handle.o [1]
  .rodata             const    0x0800d308     0x8  Handle.o [1]
  .rodata             const    0x0800d310     0x8  HMI.o [1]
  .rodata             const    0x0800d318     0x8  HMI.o [1]
  .rodata             const    0x0800d320     0x8  relay.o [1]
  .rodata             const    0x0800d328     0x8  relay.o [1]
  .rodata             const    0x0800d330     0x8  relay.o [1]
  .rodata             const    0x0800d338     0x8  relay.o [1]
  .rodata             const    0x0800d340     0x8  system_stm32f1xx.o [1]
  .rodata             const    0x0800d348     0x8  tasks.o [1]
  .rodata             const    0x0800d350     0x8  timers.o [1]
  .rodata             const    0x0800d358     0x8  timers.o [1]
  .rodata             const    0x0800d360     0x4  freertos.o [1]
  .rodata             const    0x0800d364     0x4  freertos.o [1]
  .rodata             const    0x0800d368     0x4  heap_4.o [1]
  .rodata             const    0x0800d36c     0x4  port.o [1]
  .text               ro code  0x0800d370     0x4  startup_stm32f103xe.o [1]
  .text               ro code  0x0800d374     0x4  startup_stm32f103xe.o [1]
  .text               ro code  0x0800d378     0x4  startup_stm32f103xe.o [1]
  .text               ro code  0x0800d37c     0x4  startup_stm32f103xe.o [1]
  .text               ro code  0x0800d380     0x4  startup_stm32f103xe.o [1]
  .text               ro code  0x0800d384     0x4  startup_stm32f103xe.o [1]
  .text               ro code  0x0800d388     0x4  startup_stm32f103xe.o [1]
  .text               ro code  0x0800d38c     0x4  startup_stm32f103xe.o [1]
  .text               ro code  0x0800d390     0x4  startup_stm32f103xe.o [1]
  .text               ro code  0x0800d394     0x4  startup_stm32f103xe.o [1]
  .text               ro code  0x0800d398     0x4  startup_stm32f103xe.o [1]
  .text               ro code  0x0800d39c     0x4  startup_stm32f103xe.o [1]
  .text               ro code  0x0800d3a0     0x4  startup_stm32f103xe.o [1]
  .text               ro code  0x0800d3a4     0x4  startup_stm32f103xe.o [1]
  .text               ro code  0x0800d3a8     0x4  startup_stm32f103xe.o [1]
  .text               ro code  0x0800d3ac     0x4  startup_stm32f103xe.o [1]
  .text               ro code  0x0800d3b0     0x4  startup_stm32f103xe.o [1]
  .text               ro code  0x0800d3b4     0x4  startup_stm32f103xe.o [1]
  .text               ro code  0x0800d3b8     0x4  startup_stm32f103xe.o [1]
  .text               ro code  0x0800d3bc     0x4  startup_stm32f103xe.o [1]
  .text               ro code  0x0800d3c0     0x4  startup_stm32f103xe.o [1]
  .text               ro code  0x0800d3c4     0x4  startup_stm32f103xe.o [1]
  .text               ro code  0x0800d3c8     0x4  startup_stm32f103xe.o [1]
  .text               ro code  0x0800d3cc     0x4  startup_stm32f103xe.o [1]
  .text               ro code  0x0800d3d0     0x4  startup_stm32f103xe.o [1]
  .text               ro code  0x0800d3d4     0x4  startup_stm32f103xe.o [1]
  .text               ro code  0x0800d3d8     0x4  startup_stm32f103xe.o [1]
  .text               ro code  0x0800d3dc     0x4  startup_stm32f103xe.o [1]
  .text               ro code  0x0800d3e0     0x4  startup_stm32f103xe.o [1]
  .text               ro code  0x0800d3e4     0x4  startup_stm32f103xe.o [1]
  .text               ro code  0x0800d3e8     0x4  startup_stm32f103xe.o [1]
  .text               ro code  0x0800d3ec     0x4  startup_stm32f103xe.o [1]
  .text               ro code  0x0800d3f0     0x4  startup_stm32f103xe.o [1]
  .text               ro code  0x0800d3f4     0x4  startup_stm32f103xe.o [1]
  .text               ro code  0x0800d3f8     0x4  startup_stm32f103xe.o [1]
  .text               ro code  0x0800d3fc     0x4  startup_stm32f103xe.o [1]
  .text               ro code  0x0800d400     0x4  startup_stm32f103xe.o [1]
  .text               ro code  0x0800d404     0x4  startup_stm32f103xe.o [1]
  .text               ro code  0x0800d408     0x4  startup_stm32f103xe.o [1]
  .text               ro code  0x0800d40c     0x4  startup_stm32f103xe.o [1]
  .text               ro code  0x0800d410     0x4  startup_stm32f103xe.o [1]
  .text               ro code  0x0800d414     0x4  startup_stm32f103xe.o [1]
  .text               ro code  0x0800d418     0x4  startup_stm32f103xe.o [1]
  .text               ro code  0x0800d41c     0x4  startup_stm32f103xe.o [1]
  .text               ro code  0x0800d420     0x4  startup_stm32f103xe.o [1]
  .text               ro code  0x0800d424     0x4  startup_stm32f103xe.o [1]
  .text               ro code  0x0800d428     0x4  startup_stm32f103xe.o [1]
  .text               ro code  0x0800d42c     0x4  startup_stm32f103xe.o [1]
  .text               ro code  0x0800d430     0x4  startup_stm32f103xe.o [1]
  .text               ro code  0x0800d434     0x4  startup_stm32f103xe.o [1]
  .rodata             const    0x0800d438     0x0  zero_init3.o [5]
  .rodata             const    0x0800d438     0x0  lz77_init_single.o [5]
  Initializer bytes   const    0x0800d438   0x2c9  <for P2-1>
                             - 0x0800d701  0xd5d1

"P2", part 1 of 3:                          0x582
  P2-1                         0x20000000   0x582  <Init block>
    .data             inited   0x20000000    0x48  Alarm.o [1]
    .data             inited   0x20000048    0x28  board.o [1]
    .data             inited   0x20000070     0xc  CRC_JIAMI.o [1]
    .data             inited   0x2000007c     0xc  CRC_JIAMI.o [1]
    .data             inited   0x20000088    0x20  CRC_JIAMI.o [1]
    .data             inited   0x200000a8     0x4  DataTransfer.o [1]
    .data             inited   0x200000ac    0x20  DataTransfer.o [1]
    .data             inited   0x200000cc    0x34  DeviceModule.o [1]
    .data             inited   0x20000100    0x48  DS1307.o [1]
    .data             inited   0x20000148    0xe4  HMI.o [1]
    .data             inited   0x2000022c    0x2c  Key.o [1]
    .data             inited   0x20000258    0x48  Key.o [1]
    .data             inited   0x200002a0     0x4  port.o [1]
    .data             inited   0x200002a4    0x38  relay.o [1]
    .data             inited   0x200002dc     0x8  relay.o [1]
    .data             inited   0x200002e4    0x48  relay.o [1]
    .data             inited   0x2000032c    0x10  RF4463.o [1]
    .data             inited   0x2000033c    0x48  RF4463.o [1]
    .data             inited   0x20000384    0x20  SerialDriver.o [1]
    .data             inited   0x200003a4    0x48  SHT2x.o [1]
    .data             inited   0x200003ec     0x4  system_stm32f1xx.o [1]
    .data             inited   0x200003f0    0x48  UsartDriver.o [1]
    .data             inited   0x20000438    0x48  UsartDriver.o [1]
    __DLIB_PERTHREAD  inited   0x20000480    0x88  localeconv.o [3]
    __DLIB_PERTHREAD  inited   0x20000508     0x4  errno.o [3]
    __DLIB_PERTHREAD  inited   0x2000050c    0x74  setlocale.o [3]
    .data             inited   0x20000580     0x1  HMI.o [1]
    .data             inited   0x20000581     0x1  RF4463.o [1]
                             - 0x20000582   0x582

"P2", part 2 of 3:                         0x2000
  CSTACK                       0x20000588  0x1000  <Block>
    CSTACK            uninit   0x20000588  0x1000  <Block tail>
  HEAP                         0x20001588  0x1000  <Block>
    HEAP              uninit   0x20001588  0x1000  <Block tail>
                             - 0x20002588  0x2000

"P2", part 3 of 3:                         0x8d08
  .bss                zero     0x20002588  0x7800  heap_4.o [1]
  .bss                zero     0x20009d88   0x7a0  board.o [1]
  .bss                zero     0x2000a528   0x280  tasks.o [1]
  .bss                zero     0x2000a7a8   0x1b8  board.o [1]
  .bss                zero     0x2000a960   0x128  UsartDriver.o [1]
  .bss                zero     0x2000aa88    0xa0  SerialDriver.o [1]
  .bss                zero     0x2000ab28    0x68  UsartDriver.o [1]
  .bss                zero     0x2000ab90    0x60  sdio.o [1]
  .bss                zero     0x2000abf0    0x58  spi.o [1]
  .bss                zero     0x2000ac48    0x58  spi.o [1]
  .bss                zero     0x2000aca0    0x40  can.o [1]
  .bss                zero     0x2000ace0    0x40  DataTransfer.o [1]
  .bss                zero     0x2000ad20    0x40  DataTransfer.o [1]
  .bss                zero     0x2000ad60    0x40  Gizwits.o [1]
  .bss                zero     0x2000ada0    0x40  Gizwits.o [1]
  .bss                zero     0x2000ade0    0x40  queue.o [1]
  .bss                zero     0x2000ae20    0x40  usart.o [1]
  .bss                zero     0x2000ae60    0x40  UsartDriver.o [1]
  .bss                zero     0x2000aea0    0x40  UsartDriver.o [1]
  .bss                zero     0x2000aee0    0x3c  stm32f1xx_hal_timebase_TIM.o [1]
  .bss                zero     0x2000af1c    0x3c  tim.o [1]
  .bss                zero     0x2000af58    0x3c  tim.o [1]
  .bss                zero     0x2000af94    0x3c  tim.o [1]
  .bss                zero     0x2000afd0    0x3c  tim.o [1]
  .bss                zero     0x2000b00c    0x3c  tim.o [1]
  .bss                zero     0x2000b048    0x3c  tim.o [1]
  .bss                zero     0x2000b084    0x30  adc.o [1]
  .bss                zero     0x2000b0b4    0x2c  Alarm.o [1]
  .bss                zero     0x2000b0e0    0x20  relay.o [1]
  .bss                zero     0x2000b100    0x1c  SHT2x.o [1]
  .bss                zero     0x2000b11c    0x14  dac.o [1]
  .bss                zero     0x2000b130    0x14  tasks.o [1]
  .bss                zero     0x2000b144    0x14  tasks.o [1]
  .bss                zero     0x2000b158    0x14  tasks.o [1]
  .bss                zero     0x2000b16c    0x14  tasks.o [1]
  .bss                zero     0x2000b180    0x14  tasks.o [1]
  .bss                zero     0x2000b194    0x14  timers.o [1]
  .bss                zero     0x2000b1a8    0x14  timers.o [1]
  .bss                zero     0x2000b1bc     0xc  relay.o [1]
  .bss                zero     0x2000b1c8     0x8  DS1307.o [1]
  .bss                zero     0x2000b1d0     0x8  heap_4.o [1]
  .bss                zero     0x2000b1d8     0x8  xxmemxmalloc.o [3]
  .bss                zero     0x2000b1e0     0x4  freertos.o [1]
  .bss                zero     0x2000b1e4     0x4  freertos.o [1]
  .bss                zero     0x2000b1e8     0x4  freertos.o [1]
  .bss                zero     0x2000b1ec     0x4  freertos.o [1]
  .bss                zero     0x2000b1f0     0x4  freertos.o [1]
  .bss                zero     0x2000b1f4     0x4  freertos.o [1]
  .bss                zero     0x2000b1f8     0x4  freertos.o [1]
  .bss                zero     0x2000b1fc     0x4  freertos.o [1]
  .bss                zero     0x2000b200     0x4  freertos.o [1]
  .bss                zero     0x2000b204     0x4  freertos.o [1]
  .bss                zero     0x2000b208     0x4  freertos.o [1]
  .bss                zero     0x2000b20c     0x4  freertos.o [1]
  .bss                zero     0x2000b210     0x4  heap_4.o [1]
  .bss                zero     0x2000b214     0x4  heap_4.o [1]
  .bss                zero     0x2000b218     0x4  heap_4.o [1]
  .bss                zero     0x2000b21c     0x4  heap_4.o [1]
  .bss                zero     0x2000b220     0x4  port.o [1]
  .bss                zero     0x2000b224     0x4  port.o [1]
  .bss                zero     0x2000b228     0x4  port.o [1]
  .bss                zero     0x2000b22c     0x4  port.o [1]
  .bss                zero     0x2000b230     0x4  RF4463.o [1]
  .bss                zero     0x2000b234     0x4  RF4463.o [1]
  .bss                zero     0x2000b238     0x4  stm32f1xx_hal.o [1]
  .bss                zero     0x2000b23c     0x4  tasks.o [1]
  .bss                zero     0x2000b240     0x4  tasks.o [1]
  .bss                zero     0x2000b244     0x4  tasks.o [1]
  .bss                zero     0x2000b248     0x4  tasks.o [1]
  .bss                zero     0x2000b24c     0x4  tasks.o [1]
  .bss                zero     0x2000b250     0x4  tasks.o [1]
  .bss                zero     0x2000b254     0x4  tasks.o [1]
  .bss                zero     0x2000b258     0x4  tasks.o [1]
  .bss                zero     0x2000b25c     0x4  tasks.o [1]
  .bss                zero     0x2000b260     0x4  tasks.o [1]
  .bss                zero     0x2000b264     0x4  tasks.o [1]
  .bss                zero     0x2000b268     0x4  tasks.o [1]
  .bss                zero     0x2000b26c     0x4  tasks.o [1]
  .bss                zero     0x2000b270     0x4  tasks.o [1]
  .bss                zero     0x2000b274     0x4  timers.o [1]
  .bss                zero     0x2000b278     0x4  timers.o [1]
  .bss                zero     0x2000b27c     0x4  timers.o [1]
  .bss                zero     0x2000b280     0x4  timers.o [1]
  .bss                zero     0x2000b284     0x4  xgetmemchunk.o [3]
  .bss                zero     0x2000b288     0x2  freertos.o [1]
  .bss                zero     0x2000b28a     0x1  port.o [1]
  .bss                zero     0x2000b28b     0x1  RF4463.o [1]
  .bss                zero     0x2000b28c     0x1  SerialDriver.o [1]
  .bss                zero     0x2000b28d     0x1  stm32f1xx_hal_spi_ex.o [1]
  .bss                zero     0x2000b28e     0x1  UsartDriver.o [1]
  .bss                zero     0x2000b28f     0x1  UsartDriver.o [1]
                             - 0x2000b290  0x8d08


*******************************************************************************
*** INIT TABLE
***

          Address     Size
          -------     ----
Zero (__iar_zero_init3)
    1 destination range, total size 0x8d08:
          0x20002588  0x8d08

Copy/lz77 (__iar_lz77_init_single3)
    1 source range, total size 0x2c9 (50% of destination):
          0x0800d438   0x2c9
    1 destination range, total size 0x582:
          0x20000000   0x582



*******************************************************************************
*** MODULE SUMMARY
***

    Module                        ro code  ro data  rw data
    ------                        -------  -------  -------
C:\Users\Zhaojingyangchun\Documents\GitHub\Wireless-control\Project-IAR\EWARM\SmartHouse\Obj: [1]
    Alarm.o                           832       36      116
    CRC_JIAMI.o                       368       28       56
    DS1307.o                        1 540       60       80
    DataTransfer.o                    840       35      164
    DeviceModule.o                    392       26       52
    Gizwits.o                         444       32      128
    HMI.o                           1 064      193      229
    Handle.o                          630       64
    Key.o                             860       58      116
    RF4463.o                        1 220       58       98
    SHT2x.o                         1 902       60      100
    SerialDriver.o                  1 452       16      193
    SerialDriver_OS.o                 160
    UsartDriver.o                   1 356       73      674
    adc.o                             156                48
    board.o                           860       28    2 432
    can.o                             272                64
    cmsis_os.o                        516
    dac.o                             144                20
    freertos.o                        748      288       50
    gpio.o                            428
    heap_4.o                          600        4   30 744
    list.o                            158
    main.o                            242
    port.o                            844        6       21
    portasm.o                         148
    queue.o                         2 072                64
    relay.o                           608      101      180
    sdio.o                             52                96
    si446x.o                        1 332      364
    spi.o                             472               176
    startup_stm32f103xe.o             520
    stm32f1xx_hal.o                    88                 4
    stm32f1xx_hal_adc.o             1 960
    stm32f1xx_hal_adc_ex.o              2
    stm32f1xx_hal_can.o             1 150
    stm32f1xx_hal_cortex.o            388
    stm32f1xx_hal_dac.o               126
    stm32f1xx_hal_gpio.o            1 156
    stm32f1xx_hal_msp.o               124
    stm32f1xx_hal_rcc.o             2 652       18
    stm32f1xx_hal_rcc_ex.o            324
    stm32f1xx_hal_sd.o                192
    stm32f1xx_hal_spi.o             1 822
    stm32f1xx_hal_spi_ex.o            144                 1
    stm32f1xx_hal_tim.o             1 664
    stm32f1xx_hal_tim_ex.o            168
    stm32f1xx_hal_timebase_TIM.o      148                60
    stm32f1xx_hal_uart.o            1 428
    stm32f1xx_it.o                    220
    system_stm32f1xx.o                104       26        4
    tasks.o                         3 492        8      796
    tim.o                           1 568               360
    timers.o                        1 112       16       56
    usart.o                           344                64
    -------------------------------------------------------
    Total:                         43 608    1 598   37 246

command line: [2]
    -------------------------------------------------------
    Total:

dl7M_tlf.a: [3]
    atoi.o                              8
    div.o                              14
    errno.o                            12        2        4
    exit.o                              4
    isxxx.o                            20
    localeconv.o                      108       69      136
    low_level_init.o                    4
    setlocale.o                        36       58      116
    sprintf.o                          52
    strcat.o                           28
    tolower.o                          20
    xencoding_sb.o                     96
    xgetmemchunk.o                     44                 4
    xlocale_c.o                        32
    xmbcurmax.o                        10
    xmbtowc.o                          32
    xprintffull.o                   4 454
    xsprout.o                          10
    xstoul.o                          408
    xtls.o                              2
    xwctomb.o                          26
    xxmemxfree.o                      128
    xxmemxmalloc.o                    176                 8
    -------------------------------------------------------
    Total:                          5 724      129      268

m7M_tl.a: [4]
    DblAdd.o                          232
    DblCmpGe.o                         46
    DblCmpLe.o                         46
    DblDiv.o                          598
    DblMul.o                          418
    DblSub.o                          384
    DblToFlt.o                        144
    DblToI32.o                         88
    FltAdd.o                          116
    FltSub.o                          230
    FltToDbl.o                         78
    I32ToDbl.o                         48
    I32ToFlt.o                         30
    xdnorm.o                           66
    xdscale.o                         268
    -------------------------------------------------------
    Total:                          2 792

rt7M_tl.a: [5]
    ABImemclr4.o                        6
    ABImemcpy_unaligned.o             118
    ABImemset.o                       102
    ABImemset48.o                      50
    I64DivMod.o                       238
    I64DivZer.o                         2
    cexit.o                            10
    cmain.o                            26
    cstartup_M.o                       12
    data_init.o                        40
    lz77_init_single.o                118
    memchr.o                           88
    strchr.o                           22
    strcmp_unaligned.o                 66
    strcpy_unaligned.o                 68
    strlen.o                           54
    zero_init3.o                       64
    -------------------------------------------------------
    Total:                          1 084

shb_l.a: [6]
    exit.o                             20
    -------------------------------------------------------
    Total:                             20

    Gaps                               54
    Linker created                              32    8 192
-----------------------------------------------------------
    Grand Total:                   53 282    1 759   45 706


*******************************************************************************
*** ENTRY LIST
***

Entry                      Address    Size  Type      Object
-----                      -------    ----  ----      ------
.iar.init_table$$Base   0x0800d068           --   Gb  - Linker created -
.iar.init_table$$Limit  0x0800d088           --   Gb  - Linker created -
?main                   0x0800d0a5          Code  Gb  cmain.o [5]
ADC1_2_IRQHandler       0x0800ce05     0xa  Code  Gb  stm32f1xx_it.o [1]
ADC_ConversionStop_Disable
                        0x080088dd    0x4a  Code  Gb  stm32f1xx_hal_adc.o [1]
ADC_Enable              0x0800883f    0x6e  Code  Gb  stm32f1xx_hal_adc.o [1]
ADC_Key                 0x2000022c    0x2c  Data  Lc  Key.o [1]
ADC_KeyGetKey           0x080089c5    0xe8  Code  Gb  Key.o [1]
AHBPrescTable           0x0800d22c    0x10  Data  Gb  system_stm32f1xx.o [1]
AHT2xData               0x2000b100    0x1c  Data  Lc  SHT2x.o [1]
APBPrescTable           0x0800d340     0x8  Data  Gb  system_stm32f1xx.o [1]
AddPrivateBuf           0x08004cc3    0x16  Code  Gb  DeviceModule.o [1]
Alarm                   0x20000000    0x48  Data  Gb  Alarm.o [1]
AlarmMutex              0x2000b204     0x4  Data  Gb  freertos.o [1]
Alarm_close             0x0800c9eb    0x30  Code  Lc  Alarm.o [1]
Alarm_command           0x0800ca37    0x20  Code  Lc  Alarm.o [1]
Alarm_detect            0x0800ca1b    0x1c  Code  Lc  Alarm.o [1]
Alarm_gets              0x0800cb63    0x22  Code  Lc  Alarm.o [1]
Alarm_open              0x0800c951    0x9a  Code  Lc  Alarm.o [1]
Alarm_puts              0x0800cb1f    0x44  Code  Lc  Alarm.o [1]
Alarm_set               0x0800ca57    0xc8  Code  Lc  Alarm.o [1]
Alarm_timing_process    0x0800cb85    0xf2  Code  Lc  Alarm.o [1]
BSP_SPI_ExchangeByte    0x0800bb4b    0x12  Code  Gb  si446x.o [1]
BackGroundTask_1        0x080037e1     0xc  Code  Gb  freertos.o [1]
BackGroundTask_1_Handle
                        0x2000b1e0     0x4  Data  Gb  freertos.o [1]
BackGroundTask_2        0x080037ed     0xc  Code  Gb  freertos.o [1]
BackGroundTask_2_Handle
                        0x2000b1e4     0x4  Data  Gb  freertos.o [1]
CAN1_RX1_IRQHandler     0x0800ce23     0xa  Code  Gb  stm32f1xx_it.o [1]
CAN1_SCE_IRQHandler     0x0800ce2d     0xa  Code  Gb  stm32f1xx_it.o [1]
CAN_Receive_IT          0x0800785b   0x17c  Code  Lc  stm32f1xx_hal_can.o [1]
CAN_Transmit_IT         0x08007817    0x44  Code  Lc  stm32f1xx_hal_can.o [1]
CRC16CCITT_Table        0x20000088    0x20  Data  Gb  CRC_JIAMI.o [1]
CRC16Ccitt              0x0800a0c5    0x62  Code  Gb  CRC_JIAMI.o [1]
CRC16Table_SerialDriver
                        0x20000384    0x20  Data  Gb  SerialDriver.o [1]
CRC16_SerialDriver      0x0800a8ad    0x72  Code  Lc  SerialDriver.o [1]
CRC_JIAMI               0x0800a135    0x3e  Code  Gb  CRC_JIAMI.o [1]
CRC_JIEMI               0x0800a173    0x3a  Code  Gb  CRC_JIAMI.o [1]
CSTACK$$Base            0x20000588           --   Gb  - Linker created -
CSTACK$$Limit           0x20001588           --   Gb  - Linker created -
CheckReceive            0x08009da9    0x1c  Code  Gb  DataTransfer.o [1]
CurPageID               0x20000580     0x1  Data  Gb  HMI.o [1]
DS1307                  0x20000100    0x48  Data  Gb  DS1307.o [1]
DS1307Task              0x0800987d    0x76  Code  Lc  DS1307.o [1]
DS1307Time              0x2000b1c8     0x8  Data  Gb  DS1307.o [1]
DS1307_Delay            0x080099ad    0x1a  Code  Lc  DS1307.o [1]
DS1307_GetTime          0x080098f3    0xba  Code  Lc  DS1307.o [1]
DS1307_I2cNoAcknowledge
                        0x08009ae3    0x3c  Code  Lc  DS1307.o [1]
DS1307_I2cReadByte      0x08009b1f    0x7c  Code  Lc  DS1307.o [1]
DS1307_I2cStartCondition
                        0x08009a53    0x48  Code  Lc  DS1307.o [1]
DS1307_I2cStopCondition
                        0x08009a9b    0x48  Code  Lc  DS1307.o [1]
DS1307_I2cWriteByte     0x08009b9b    0xb4  Code  Lc  DS1307.o [1]
DS1307_Init             0x080099c7    0x36  Code  Lc  DS1307.o [1]
DS1307_SCL_OUTPUT       0x080099fd    0x1e  Code  Lc  DS1307.o [1]
DS1307_SDA_INPUT        0x08009a39    0x1a  Code  Lc  DS1307.o [1]
DS1307_SDA_OUTPUT       0x08009a1b    0x1e  Code  Lc  DS1307.o [1]
DS1307_close            0x0800972b    0x26  Code  Lc  DS1307.o [1]
DS1307_command          0x08009771    0x24  Code  Lc  DS1307.o [1]
DS1307_detect           0x08009751    0x20  Code  Lc  DS1307.o [1]
DS1307_gets             0x0800984b    0x32  Code  Lc  DS1307.o [1]
DS1307_open             0x080096f1    0x3a  Code  Lc  DS1307.o [1]
DS1307_puts             0x08009825    0x26  Code  Lc  DS1307.o [1]
DS1307_set              0x08009795    0x90  Code  Lc  DS1307.o [1]
DeviceList              0x2000a7a8   0x1b8  Data  Gb  board.o [1]
Error_Handler           0x08005d29     0x2  Code  Gb  main.o [1]
GetRelayState           0x0800a461    0x56  Code  Gb  relay.o [1]
GizwitsExecDirective    0x080046b9    0xde  Code  Gb  Gizwits.o [1]
GizwitsInit             0x080046ad     0xc  Code  Gb  Gizwits.o [1]
GizwitsRecv             0x080047f9    0x3c  Code  Gb  Gizwits.o [1]
GizwitsSend             0x08004797    0x62  Code  Gb  Gizwits.o [1]
GizwitsTimingProcess    0x08004835    0x10  Code  Gb  Gizwits.o [1]
HAL_ADCEx_InjectedConvCpltCallback
                        0x08008d21     0x2  Code  Wk  stm32f1xx_hal_adc_ex.o [1]
HAL_ADC_ConfigChannel   0x080086a7   0x198  Code  Gb  stm32f1xx_hal_adc.o [1]
HAL_ADC_ConvCpltCallback
                        0x08008aad    0x12  Code  Gb  Key.o [1]
HAL_ADC_DeInit          0x0800830b   0x10a  Code  Gb  stm32f1xx_hal_adc.o [1]
HAL_ADC_GetValue        0x08008599     0x6  Code  Gb  stm32f1xx_hal_adc.o [1]
HAL_ADC_IRQHandler      0x0800859f   0x106  Code  Gb  stm32f1xx_hal_adc.o [1]
HAL_ADC_Init            0x08008181   0x18a  Code  Gb  stm32f1xx_hal_adc.o [1]
HAL_ADC_LevelOutOfWindowCallback
                        0x080086a5     0x2  Code  Wk  stm32f1xx_hal_adc.o [1]
HAL_ADC_MspDeInit       0x08008983    0x30  Code  Gb  adc.o [1]
HAL_ADC_MspInit         0x08008929    0x5a  Code  Gb  adc.o [1]
HAL_ADC_Start_IT        0x08008415   0x13a  Code  Gb  stm32f1xx_hal_adc.o [1]
HAL_ADC_Stop_IT         0x0800854f    0x4a  Code  Gb  stm32f1xx_hal_adc.o [1]
HAL_CAN_ErrorCallback   0x08007815     0x2  Code  Wk  stm32f1xx_hal_can.o [1]
HAL_CAN_IRQHandler      0x0800768b   0x178  Code  Gb  stm32f1xx_hal_can.o [1]
HAL_CAN_Init            0x08007559   0x132  Code  Gb  stm32f1xx_hal_can.o [1]
HAL_CAN_MspInit         0x08006111    0x9e  Code  Gb  can.o [1]
HAL_CAN_RxCpltCallback  0x08007813     0x2  Code  Wk  stm32f1xx_hal_can.o [1]
HAL_CAN_TxCpltCallback  0x08007811     0x2  Code  Wk  stm32f1xx_hal_can.o [1]
HAL_DAC_ConfigChannel   0x08007a05    0x52  Code  Gb  stm32f1xx_hal_dac.o [1]
HAL_DAC_Init            0x080079d9    0x2c  Code  Gb  stm32f1xx_hal_dac.o [1]
HAL_DAC_MspInit         0x0800620b    0x3a  Code  Gb  dac.o [1]
HAL_Delay               0x08005ee5    0x1a  Code  Wk  stm32f1xx_hal.o [1]
HAL_GPIO_DeInit         0x080052db   0x138  Code  Gb  stm32f1xx_hal_gpio.o [1]
HAL_GPIO_Init           0x08005005   0x2d6  Code  Gb  stm32f1xx_hal_gpio.o [1]
HAL_GPIO_ReadPin        0x08005413    0x18  Code  Gb  stm32f1xx_hal_gpio.o [1]
HAL_GPIO_WritePin       0x0800542b    0x14  Code  Gb  stm32f1xx_hal_gpio.o [1]
HAL_GetTick             0x08005edf     0x6  Code  Wk  stm32f1xx_hal.o [1]
HAL_IncTick             0x08005ed3     0xc  Code  Wk  stm32f1xx_hal.o [1]
HAL_Init                0x08005eb1    0x22  Code  Gb  stm32f1xx_hal.o [1]
HAL_InitTick            0x08007449    0x82  Code  Gb  stm32f1xx_hal_timebase_TIM.o [1]
HAL_MspInit             0x080074dd    0x7c  Code  Gb  stm32f1xx_hal_msp.o [1]
HAL_NVIC_DisableIRQ     0x08005e51     0xe  Code  Gb  stm32f1xx_hal_cortex.o [1]
HAL_NVIC_EnableIRQ      0x08005e43     0xe  Code  Gb  stm32f1xx_hal_cortex.o [1]
HAL_NVIC_SetPriority    0x08005e1d    0x26  Code  Gb  stm32f1xx_hal_cortex.o [1]
HAL_NVIC_SetPriorityGrouping
                        0x08005e11     0xc  Code  Gb  stm32f1xx_hal_cortex.o [1]
HAL_RCCEx_PeriphCLKConfig
                        0x08007305   0x12c  Code  Gb  stm32f1xx_hal_rcc_ex.o [1]
HAL_RCC_ClockConfig     0x08006f91   0x228  Code  Gb  stm32f1xx_hal_rcc.o [1]
HAL_RCC_GetClockConfig  0x08007289    0x3a  Code  Gb  stm32f1xx_hal_rcc.o [1]
HAL_RCC_GetHCLKFreq     0x08007243     0x6  Code  Gb  stm32f1xx_hal_rcc.o [1]
HAL_RCC_GetPCLK1Freq    0x08007249    0x20  Code  Gb  stm32f1xx_hal_rcc.o [1]
HAL_RCC_GetPCLK2Freq    0x08007269    0x20  Code  Gb  stm32f1xx_hal_rcc.o [1]
HAL_RCC_GetSysClockFreq
                        0x080071b9    0x8a  Code  Gb  stm32f1xx_hal_rcc.o [1]
HAL_RCC_OscConfig       0x080068a9   0x6e8  Code  Gb  stm32f1xx_hal_rcc.o [1]
HAL_SD_IRQHandler       0x0800ced9    0xb6  Code  Gb  stm32f1xx_hal_sd.o [1]
HAL_SD_XferCpltCallback
                        0x0800cf8f     0x2  Code  Wk  stm32f1xx_hal_sd.o [1]
HAL_SD_XferErrorCallback
                        0x0800cf91     0x2  Code  Wk  stm32f1xx_hal_sd.o [1]
HAL_SPI_DeInit          0x08005489    0x38  Code  Gb  stm32f1xx_hal_spi.o [1]
HAL_SPI_ErrorCallback   0x08005ab3     0x2  Code  Wk  stm32f1xx_hal_spi.o [1]
HAL_SPI_IRQHandler      0x080059e9    0xca  Code  Gb  stm32f1xx_hal_spi.o [1]
HAL_SPI_Init            0x08005ba9    0x8c  Code  Gb  stm32f1xx_hal_spi_ex.o [1]
HAL_SPI_MspDeInit       0x08004f95    0x4e  Code  Gb  spi.o [1]
HAL_SPI_MspInit         0x08004ee9    0xac  Code  Gb  spi.o [1]
HAL_SPI_Transmit        0x080054c1   0x1cc  Code  Gb  stm32f1xx_hal_spi.o [1]
HAL_SPI_TransmitReceive
                        0x0800568d   0x35c  Code  Gb  stm32f1xx_hal_spi.o [1]
HAL_SYSTICK_CLKSourceConfig
                        0x08005e6b    0x20  Code  Gb  stm32f1xx_hal_cortex.o [1]
HAL_SYSTICK_Config      0x08005e5f     0xc  Code  Gb  stm32f1xx_hal_cortex.o [1]
HAL_TIMEx_BreakCallback
                        0x0800817d     0x2  Code  Wk  stm32f1xx_hal_tim_ex.o [1]
HAL_TIMEx_CommutationCallback
                        0x0800817b     0x2  Code  Wk  stm32f1xx_hal_tim_ex.o [1]
HAL_TIMEx_ConfigBreakDeadTime
                        0x080080d9    0x48  Code  Gb  stm32f1xx_hal_tim_ex.o [1]
HAL_TIMEx_MasterConfigSynchronization
                        0x08008121    0x5a  Code  Gb  stm32f1xx_hal_tim_ex.o [1]
HAL_TIM_Base_Init       0x08007a59    0x38  Code  Gb  stm32f1xx_hal_tim.o [1]
HAL_TIM_Base_MspInit    0x08006703    0xf0  Code  Gb  tim.o [1]
HAL_TIM_Base_Start_IT   0x08007a91    0x1e  Code  Gb  stm32f1xx_hal_tim.o [1]
HAL_TIM_ConfigClockSource
                        0x08007cc9   0x11e  Code  Gb  stm32f1xx_hal_tim.o [1]
HAL_TIM_IC_CaptureCallback
                        0x08007de9     0x2  Code  Wk  stm32f1xx_hal_tim.o [1]
HAL_TIM_IRQHandler      0x08007ae7   0x176  Code  Gb  stm32f1xx_hal_tim.o [1]
HAL_TIM_MspPostInit     0x08006819    0x4e  Code  Gb  tim.o [1]
HAL_TIM_OC_ConfigChannel
                        0x08007c5d    0x6c  Code  Gb  stm32f1xx_hal_tim.o [1]
HAL_TIM_OC_DelayElapsedCallback
                        0x08007de7     0x2  Code  Wk  stm32f1xx_hal_tim.o [1]
HAL_TIM_OC_Init         0x08007aaf    0x38  Code  Gb  stm32f1xx_hal_tim.o [1]
HAL_TIM_OC_MspInit      0x080067f3    0x26  Code  Gb  tim.o [1]
HAL_TIM_PWM_PulseFinishedCallback
                        0x08007deb     0x2  Code  Wk  stm32f1xx_hal_tim.o [1]
HAL_TIM_PeriodElapsedCallback
                        0x08005d11    0x12  Code  Gb  main.o [1]
HAL_TIM_TriggerCallback
                        0x08007ded     0x2  Code  Wk  stm32f1xx_hal_tim.o [1]
HAL_UART_ErrorCallback  0x0800b17b     0x2  Code  Wk  stm32f1xx_hal_uart.o [1]
HAL_UART_IRQHandler     0x0800b061   0x11a  Code  Gb  stm32f1xx_hal_uart.o [1]
HAL_UART_Init           0x0800aef9    0x70  Code  Gb  stm32f1xx_hal_uart.o [1]
HAL_UART_MspInit        0x0800b48d   0x136  Code  Gb  usart.o [1]
HAL_UART_Receive_IT     0x0800afd9    0x88  Code  Gb  stm32f1xx_hal_uart.o [1]
HAL_UART_RxCpltCallback
                        0x0800bab9    0x2e  Code  Gb  UsartDriver.o [1]
HAL_UART_Transmit_IT    0x0800af69    0x70  Code  Gb  stm32f1xx_hal_uart.o [1]
HAL_UART_TxCpltCallback
                        0x0800ba8b    0x2e  Code  Gb  UsartDriver.o [1]
HEAP$$Base              0x20001588           --   Gb  - Linker created -
HEAP$$Limit             0x20002588           --   Gb  - Linker created -
HMI_ExecInstruction     0x0800c745    0xfe  Code  Gb  HMI.o [1]
HMI_SendInstruction     0x0800c529    0xcc  Code  Lc  HMI.o [1]
HMI_SetTime             0x0800c8e3    0x42  Code  Lc  HMI.o [1]
HMI_Task                0x0800c843    0xa0  Code  Gb  HMI.o [1]
HighSpeedDeviceTask_1   0x0800386b    0x5e  Code  Gb  freertos.o [1]
HighSpeedDeviceTask_1_Handle
                        0x2000b1e8     0x4  Data  Gb  freertos.o [1]
HighSpeedDeviceTask_2   0x080038c9    0x1a  Code  Gb  freertos.o [1]
HighSpeedDeviceTask_2_Handle
                        0x2000b1ec     0x4  Data  Gb  freertos.o [1]
HighSpeedTimer          0x2000b1f8     0x4  Data  Gb  freertos.o [1]
HighSpeedTimerTask      0x080037f9    0x70  Code  Gb  freertos.o [1]
InfSetAdd               0x08004a9d    0xba  Code  Gb  board.o [1]
InfSet_1                0x20009d88   0x7a0  Data  Gb  board.o [1]
JIAMI                   0x0800a03d    0x44  Code  Gb  CRC_JIAMI.o [1]
JIAMI_Table             0x20000070     0xc  Data  Gb  CRC_JIAMI.o [1]
JIEMI                   0x0800a081    0x44  Code  Gb  CRC_JIAMI.o [1]
JIEMI_Table             0x2000007c     0xc  Data  Gb  CRC_JIAMI.o [1]
LL_SHT2x_Delay          0x08008f79    0x1a  Code  Gb  SHT2x.o [1]
LL_SHT2x_GetSerialNumber
                        0x080093c5    0xce  Code  Gb  SHT2x.o [1]
LL_SHT2x_I2cAcknowledge
                        0x080090cf    0x42  Code  Gb  SHT2x.o [1]
LL_SHT2x_I2cNoAcknowledge
                        0x08009111    0x42  Code  Gb  SHT2x.o [1]
LL_SHT2x_I2cReadByte    0x08009153    0x74  Code  Gb  SHT2x.o [1]
LL_SHT2x_I2cStartCondition
                        0x0800902f    0x50  Code  Gb  SHT2x.o [1]
LL_SHT2x_I2cStopCondition
                        0x0800907f    0x50  Code  Gb  SHT2x.o [1]
LL_SHT2x_I2cWriteByte   0x080091c7    0xa8  Code  Gb  SHT2x.o [1]
LL_SHT2x_Init           0x08008f93    0x40  Code  Gb  SHT2x.o [1]
LL_SHT2x_MeasureHumiPoll
                        0x080092ed    0x7e  Code  Gb  SHT2x.o [1]
LL_SHT2x_MeasureTempPoll
                        0x0800926f    0x7e  Code  Gb  SHT2x.o [1]
LL_SHT2x_SCL_OUTPUT     0x08008fd3    0x20  Code  Gb  SHT2x.o [1]
LL_SHT2x_SDA_INPUT      0x08009013    0x1c  Code  Gb  SHT2x.o [1]
LL_SHT2x_SDA_OUTPUT     0x08008ff3    0x20  Code  Gb  SHT2x.o [1]
LL_SHT2x_SoftReset      0x080093ad    0x18  Code  Gb  SHT2x.o [1]
LoadInt                 0x0800077f    0x6e  Code  Lc  xprintffull.o [3]
LowSpeedDeviceTask_1    0x080038e3    0x22  Code  Gb  freertos.o [1]
LowSpeedDeviceTask_1_Handle
                        0x2000b1f4     0x4  Data  Gb  freertos.o [1]
LowSpeedDeviceTask_2    0x08003905    0x50  Code  Gb  freertos.o [1]
LowSpeedDeviceTask_2_Handle
                        0x2000b1f0     0x4  Data  Gb  freertos.o [1]
LowSpeedTimer           0x2000b1fc     0x4  Data  Gb  freertos.o [1]
LowSpeedTimerTask       0x08003869     0x2  Code  Gb  freertos.o [1]
MX_CAN_Init             0x080060b5    0x5c  Code  Gb  can.o [1]
MX_DAC_Init             0x080061c5    0x46  Code  Gb  dac.o [1]
MX_FREERTOS_Init        0x080036f1    0xf0  Code  Gb  freertos.o [1]
MX_GPIO_Init            0x08005f09   0x1ac  Code  Gb  gpio.o [1]
MX_SDIO_SD_Init         0x08006255    0x2c  Code  Gb  sdio.o [1]
MX_SPI1_Init            0x08004e2d    0x5e  Code  Gb  spi.o [1]
MX_SPI2_Init            0x08004e8b    0x5e  Code  Gb  spi.o [1]
MX_TIM1_Init            0x08006289   0x12a  Code  Gb  tim.o [1]
MX_TIM2_Init            0x080063b3    0xe8  Code  Gb  tim.o [1]
MX_TIM4_Init            0x0800649b    0xf8  Code  Gb  tim.o [1]
MX_TIM6_Init            0x08006593    0x56  Code  Gb  tim.o [1]
MX_TIM7_Init            0x080065e9    0x4a  Code  Gb  tim.o [1]
MX_TIM8_Init            0x08006633    0xd0  Code  Gb  tim.o [1]
NVIC_DisableIRQ         0x08005d69    0x14  Code  Lc  stm32f1xx_hal_cortex.o [1]
NVIC_EnableIRQ          0x08005d55    0x14  Code  Lc  stm32f1xx_hal_cortex.o [1]
NVIC_EncodePriority     0x08005da3    0x3e  Code  Lc  stm32f1xx_hal_cortex.o [1]
NVIC_GetPriorityGrouping
                        0x08005d4b     0xa  Code  Lc  stm32f1xx_hal_cortex.o [1]
NVIC_SetPriority        0x08005d7d    0x26  Code  Lc  stm32f1xx_hal_cortex.o [1]
NVIC_SetPriorityGrouping
                        0x08005d2d    0x1e  Code  Lc  stm32f1xx_hal_cortex.o [1]
PageAll                 0x20000148    0xe4  Data  Gb  HMI.o [1]
PendSV_Handler          0x08002e0d          Code  Gb  portasm.o [1]
Port_RecvDataIT         0x0800b893    0x12  Code  Gb  UsartDriver.o [1]
Port_SendDataIT         0x0800b87b    0x18  Code  Gb  UsartDriver.o [1]
Port_SerialInit         0x0800b8a5     0x4  Code  Gb  UsartDriver.o [1]
PostSleepProcessing     0x080036ef     0x2  Code  Gb  freertos.o [1]
PreSleepProcessing      0x080036ed     0x2  Code  Gb  freertos.o [1]
REPD                    0x200002a4    0x38  Data  Gb  relay.o [1]
RF4463Task              0x0800c49f    0x56  Code  Lc  RF4463.o [1]
RFPD                    0x2000032c    0x10  Data  Gb  RF4463.o [1]
RTC_init                0x08009c6d    0x10  Code  Lc  DS1307.o [1]
Region$$Table$$Base     0x0800d068           --   Gb  - Linker created -
Region$$Table$$Limit    0x0800d088           --   Gb  - Linker created -
SDIO_IRQHandler         0x0800ce87     0xa  Code  Gb  stm32f1xx_it.o [1]
SHT20                   0x200003a4    0x48  Data  Gb  SHT2x.o [1]
SHT2x_Task              0x08008eb1    0xc6  Code  Gb  SHT2x.o [1]
SI4463Mutex             0x2000b200     0x4  Data  Gb  freertos.o [1]
SI4463_Delay            0x0800bb31    0x1a  Code  Gb  si446x.o [1]
SI446X_CHANGE_STATE     0x0800c015    0x1a  Code  Gb  si446x.o [1]
SI446X_CMD              0x0800bbbb    0x52  Code  Gb  si446x.o [1]
SI446X_CONFIG_INIT      0x0800bd01    0x4c  Code  Gb  si446x.o [1]
SI446X_GET_DEVICE_STATE
                        0x0800c043    0x22  Code  Gb  si446x.o [1]
SI446X_GPIO_CONFIG      0x0800bfc1    0x54  Code  Gb  si446x.o [1]
SI446X_INT_STATUS       0x0800bc67    0x38  Code  Gb  si446x.o [1]
SI446X_READ_PACKET      0x0800be79    0x54  Code  Gb  si446x.o [1]
SI446X_READ_RESPONSE    0x0800bc0d    0x5a  Code  Gb  si446x.o [1]
SI446X_RESET            0x0800bccf    0x32  Code  Gb  si446x.o [1]
SI446X_RX_FIFO_RESET    0x0800bf91    0x18  Code  Gb  si446x.o [1]
SI446X_SEND_PACKET      0x0800bd4d    0xb2  Code  Gb  si446x.o [1]
SI446X_SET_POWER        0x0800c02f    0x14  Code  Gb  si446x.o [1]
SI446X_SET_PROPERTY_1   0x0800bc9f    0x30  Code  Gb  si446x.o [1]
SI446X_START_RX         0x0800bee1    0xb0  Code  Gb  si446x.o [1]
SI446X_START_TX         0x0800bdff    0x7a  Code  Gb  si446x.o [1]
SI446X_TX_FIFO_RESET    0x0800bfa9    0x18  Code  Gb  si446x.o [1]
SI446X_WAIT_CTS         0x0800bb5d    0x5e  Code  Gb  si446x.o [1]
SPI1_IRQHandler         0x0800ce55     0xa  Code  Gb  stm32f1xx_it.o [1]
SPI2_IRQHandler         0x0800ce5f     0xa  Code  Gb  stm32f1xx_it.o [1]
SPI_WaitOnFlagUntilTimeout
                        0x08005ab5    0xf2  Code  Lc  stm32f1xx_hal_spi.o [1]
SVC_Handler             0x08002e5f          Code  Gb  portasm.o [1]
SaveHMIValue            0x0800c5f5    0x9c  Code  Lc  HMI.o [1]
SerialInit_Basic        0x0800a91f    0x48  Code  Gb  SerialDriver.o [1]
SerialInit_OS           0x0800ae59    0x18  Code  Gb  SerialDriver_OS.o [1]
SerialNotify            0x0800ac81    0x7a  Code  Lc  SerialDriver.o [1]
SerialNotifyHook        0x0800aeeb     0xe  Code  Gb  SerialDriver_OS.o [1]
SerialRecvProcessIT     0x0800ab7b   0x106  Code  Gb  SerialDriver.o [1]
SerialRecv_Basic        0x0800ab17    0x64  Code  Gb  SerialDriver.o [1]
SerialRecv_OS           0x0800aea9    0x42  Code  Gb  SerialDriver_OS.o [1]
SerialSendProcessIT     0x0800aa43    0xd4  Code  Gb  SerialDriver.o [1]
SerialSend_Basic        0x0800a967    0xdc  Code  Gb  SerialDriver.o [1]
SerialSend_OS           0x0800ae71    0x38  Code  Gb  SerialDriver_OS.o [1]
SerialTCB_Usart2        0x2000a960   0x128  Data  Lc  UsartDriver.o [1]
SuspendList             0x2000aa88    0xa0  Data  Gb  SerialDriver.o [1]
SuspendListAdd          0x0800acfb    0xba  Code  Lc  SerialDriver.o [1]
SuspendListCheck        0x0800adb5    0x96  Code  Lc  SerialDriver.o [1]
SyncPage                0x0800c691    0xb4  Code  Lc  HMI.o [1]
SysTick_Config          0x08005de1    0x30  Code  Lc  stm32f1xx_hal_cortex.o [1]
SysTick_Handler         0x0800cdfd     0x8  Code  Gb  stm32f1xx_it.o [1]
SystemClock_Config      0x08005c7d    0x94  Code  Gb  main.o [1]
SystemCoreClock         0x200003ec     0x4  Data  Gb  system_stm32f1xx.o [1]
SystemInit              0x0800cf99    0x4e  Code  Gb  system_stm32f1xx.o [1]
TIM1_UP_IRQHandler      0x0800ce37     0xa  Code  Gb  stm32f1xx_it.o [1]
TIM2_IRQHandler         0x0800ce41     0xa  Code  Gb  stm32f1xx_it.o [1]
TIM3_IRQHandler         0x0800ce4b     0xa  Code  Gb  stm32f1xx_it.o [1]
TIM6_IRQHandler         0x0800ce91     0xa  Code  Gb  stm32f1xx_it.o [1]
TIM7_IRQHandler         0x0800ce9b     0xa  Code  Gb  stm32f1xx_it.o [1]
TIM_Base_SetConfig      0x08007def    0x88  Code  Gb  stm32f1xx_hal_tim.o [1]
TIM_ETR_SetConfig       0x080080bd    0x1c  Code  Lc  stm32f1xx_hal_tim.o [1]
TIM_ITRx_SetConfig      0x080080a7    0x16  Code  Lc  stm32f1xx_hal_tim.o [1]
TIM_OC1_SetConfig       0x08007e77    0x72  Code  Lc  stm32f1xx_hal_tim.o [1]
TIM_OC2_SetConfig       0x08007ee9    0x7c  Code  Gb  stm32f1xx_hal_tim.o [1]
TIM_OC3_SetConfig       0x08007f65    0x7a  Code  Lc  stm32f1xx_hal_tim.o [1]
TIM_OC4_SetConfig       0x08007fdf    0x58  Code  Lc  stm32f1xx_hal_tim.o [1]
TIM_TI1_ConfigInputStage
                        0x0800804d    0x2c  Code  Lc  stm32f1xx_hal_tim.o [1]
TIM_TI2_ConfigInputStage
                        0x08008079    0x2e  Code  Lc  stm32f1xx_hal_tim.o [1]
TempRx                  0x2000b28c     0x1  Data  Lc  SerialDriver.o [1]
U2PD                    0x2000ab28    0x68  Data  Lc  UsartDriver.o [1]
UART_EndTransmit_IT     0x0800b1f7    0x30  Code  Lc  stm32f1xx_hal_uart.o [1]
UART_Receive_IT         0x0800b227    0xc4  Code  Lc  stm32f1xx_hal_uart.o [1]
UART_SetConfig          0x0800b2eb   0x198  Code  Lc  stm32f1xx_hal_uart.o [1]
UART_Transmit_IT        0x0800b17d    0x7a  Code  Lc  stm32f1xx_hal_uart.o [1]
USART1_IRQHandler       0x0800ce69     0xa  Code  Gb  stm32f1xx_it.o [1]
USART2_IRQHandler       0x0800ce73     0xa  Code  Gb  stm32f1xx_it.o [1]
USART3_IRQHandler       0x0800ce7d     0xa  Code  Gb  stm32f1xx_it.o [1]
USB_HP_CAN1_TX_IRQHandler
                        0x0800ce0f     0xa  Code  Gb  stm32f1xx_it.o [1]
USB_LP_CAN1_RX0_IRQHandler
                        0x0800ce19     0xa  Code  Gb  stm32f1xx_it.o [1]
Usart2RxMutex           0x2000b20c     0x4  Data  Gb  freertos.o [1]
Usart2TxMutex           0x2000b208     0x4  Data  Gb  freertos.o [1]
_EncodingSb_Mbtowc      0x08001f07    0x30  Code  Gb  xencoding_sb.o [3]
_EncodingSb_Wctomb      0x08001eed    0x1a  Code  Gb  xencoding_sb.o [3]
_GenldFull              0x08001003   0x24c  Code  Lc  xprintffull.o [3]
_IsdstStr               0x20000510     0x4  Data  Gb  setlocale.o [3]
_LdtobFull              0x08000c01   0x3fc  Code  Lc  xprintffull.o [3]
_LitobFull              0x08000af9   0x106  Code  Lc  xprintffull.o [3]
_LocaleC_isspace        0x0800a88d    0x14  Code  Gb  xlocale_c.o [3]
_LocaleC_tolower        0x0800a8a1     0xc  Code  Gb  xlocale_c.o [3]
_LocaleEncoding         0x08001edb     0xe  Code  Gb  setlocale.o [3]
_LocaleForCat           0x08001ec9    0x12  Code  Gb  setlocale.o [3]
_LocaleReturnString     0x20000530    0x50  Data  Lc  setlocale.o [3]
_Locale_Profile         0x20000514    0x1c  Data  Gb  setlocale.o [3]
_Locale_aeabi_lconv     0x200004d0    0x38  Data  Gb  localeconv.o [3]
_Locale_lconv           0x20000480    0x50  Data  Gb  localeconv.o [3]
_Mbtowc                 0x08001297    0x20  Code  Gb  xmbtowc.o [3]
_PrintfFull             0x08000131   0x638  Code  Gb  xprintffull.o [3]
_PutcharsFull           0x0800124f    0x2e  Code  Lc  xprintffull.o [3]
_PutstrFull             0x080007ed   0x306  Code  Lc  xprintffull.o [3]
_SProut                 0x08001343     0xa  Code  Gb  xsprout.o [3]
_TzoneStr               0x2000050c     0x4  Data  Gb  setlocale.o [3]
_Wctomb                 0x08001499    0x1a  Code  Gb  xwctomb.o [3]
__aeabi_cdcmple         0x080016dd          Code  Gb  DblCmpLe.o [4]
__aeabi_cdrcmple        0x0800170d          Code  Gb  DblCmpGe.o [4]
__aeabi_d2f             0x080095ed          Code  Gb  DblToFlt.o [4]
__aeabi_d2iz            0x08001849          Code  Gb  DblToI32.o [4]
__aeabi_d2uiz           0x08001875          Code  Gb  DblToI32.o [4]
__aeabi_dadd            0x08001f7d          Code  Gb  DblAdd.o [4]
__aeabi_ddiv            0x08001bf5          Code  Gb  DblDiv.o [4]
__aeabi_dmul            0x08001a51          Code  Gb  DblMul.o [4]
__aeabi_dsub            0x080018d1          Code  Gb  DblSub.o [4]
__aeabi_errno_addr      0x0800a881     0x6  Code  Gb  errno.o [3]
__aeabi_f2d             0x0800957d          Code  Gb  FltToDbl.o [4]
__aeabi_fsub            0x08009495          Code  Gb  FltSub.o [4]
__aeabi_i2d             0x080018a1          Code  Gb  I32ToDbl.o [4]
__aeabi_ldiv0           0x08001f79          Code  Gb  I64DivZer.o [5]
__aeabi_memclr4         0x08004bc5          Code  Gb  ABImemclr4.o [5]
__aeabi_memset          0x08003c29          Code  Gb  ABImemset.o [5]
__aeabi_ui2d            0x080018b5          Code  Gb  I32ToDbl.o [4]
__aeabi_ui2f            0x080095cd          Code  Gb  I32ToFlt.o [4]
__aeabi_uldivmod        0x080015ad          Code  Gb  I64DivMod.o [5]
__cmain                 0x0800d0a5          Code  Gb  cmain.o [5]
__data_Aldata           0x2000b1d8     0x8  Data  Gb  xxmemxmalloc.o [3]
__data_GetMemChunk      0x08001f4d    0x2c  Code  Gb  xgetmemchunk.o [3]
__exit                  0x0800d0d5    0x14  Code  Gb  exit.o [6]
__iar_Dnorm             0x0800169b    0x42  Code  Gb  xdnorm.o [4]
__iar_Dscale            0x0800173d   0x10c  Code  Gb  xdscale.o [4]
__iar_Errno             0x20000508     0x4  Data  Gb  errno.o [3]
__iar_Locale_lconv_init
                        0x08001e4d    0x3a  Code  Gb  localeconv.o [3]
__iar_Mbcurmax          0x080013dd     0xa  Code  Gb  xmbcurmax.o [3]
__iar_Memchr            0x08001385          Code  Gb  memchr.o [5]
__iar_Memset            0x08003c29          Code  Gb  ABImemset.o [5]
__iar_Memset4_word      0x08004df9          Code  Gb  ABImemset48.o [5]
__iar_Memset8_word      0x08004df9          Code  Gb  ABImemset48.o [5]
__iar_Memset_word       0x08003c31          Code  Gb  ABImemset.o [5]
__iar_Stoul             0x0800a805     0x4  Code  Gb  xstoul.o [3]
__iar_Stoulx            0x0800a6c1   0x13e  Code  Gb  xstoul.o [3]
__iar_Strchr            0x0800132d          Code  Gb  strchr.o [5]
__iar_d2uiz             0x08001881          Code  Gb  DblToI32.o [4]
__iar_dadd              0x08001f91          Code  Gb  DblAdd.o [4]
__iar_data_init3        0x0800d041    0x28  Code  Gb  data_init.o [5]
__iar_dlib_perthread_access
                        0x08002065     0x2  Code  Gb  xtls.o [3]
__iar_dsub              0x080018e5          Code  Gb  DblSub.o [4]
__iar_dsubStart         0x080018f7          Code  Gb  DblSub.o [4]
__iar_fadd              0x0800967d          Code  Gb  FltAdd.o [4]
__iar_fsub              0x080094a5          Code  Gb  FltSub.o [4]
__iar_fsubStart         0x080094b5          Code  Gb  FltSub.o [4]
__iar_lz77_init_single3
                        0x080012b7    0x76  Code  Gb  lz77_init_single.o [5]
__iar_program_start     0x0800d2ad          Code  Gb  cstartup_M.o [5]
__iar_ui2d              0x080018b9          Code  Gb  I32ToDbl.o [4]
__iar_ui2f              0x080095d1          Code  Gb  I32ToFlt.o [4]
__iar_unaligned___aeabi_memcpy
                        0x080014b5          Code  Gb  ABImemcpy_unaligned.o [5]
__iar_unaligned___aeabi_memcpy4
                        0x080014d5          Code  Gb  ABImemcpy_unaligned.o [5]
__iar_unaligned___aeabi_memcpy8
                        0x080014d5          Code  Gb  ABImemcpy_unaligned.o [5]
__iar_unaligned_strcmp  0x08004c11          Code  Gb  strcmp_unaligned.o [5]
__iar_unaligned_strcpy  0x08004bcd          Code  Gb  strcpy_unaligned.o [5]
__iar_zero_init3        0x0800d001    0x40  Code  Gb  zero_init3.o [5]
__low_level_init        0x0800d0bf     0x4  Code  Gb  low_level_init.o [3]
__vector_table          0x08000000          Data  Gb  startup_stm32f103xe.o [1]
_call_main              0x0800d0b1          Code  Gb  cmain.o [5]
_exit                   0x0800d0c9          Code  Gb  cexit.o [5]
_main                   0x0800d0bb          Code  Gb  cmain.o [5]
ack_handle              0x0800a455     0x2  Code  Gb  Handle.o [1]
alarm_handle            0x0800a289     0x2  Code  Gb  Handle.o [1]
atoi                    0x0800a457     0x8  Code  Gb  atoi.o [3]
board                   0x20000048    0x28  Data  Gb  board.o [1]
board_device_list_add   0x080048f1    0xe2  Code  Gb  board.o [1]
board_device_list_exit  0x08004a45    0x58  Code  Gb  board.o [1]
board_device_list_opera
                        0x080049d3    0x72  Code  Gb  board.o [1]
board_init              0x08004b5d    0x38  Code  Gb  board.o [1]
board_sync_device       0x08004869    0x88  Code  Gb  board.o [1]
caution                 0x2000b0b4    0x2c  Data  Lc  Alarm.o [1]
config_table_1k         0x0800cc90   0x16c  Data  Gb  si446x.o [1]
d_ADC_Key               0x20000258    0x48  Data  Gb  Key.o [1]
d_ADC_Key_Close         0x08008baf    0x18  Code  Lc  Key.o [1]
d_ADC_Key_Command       0x08008be3    0x20  Code  Lc  Key.o [1]
d_ADC_Key_Detect        0x08008bc7    0x1c  Code  Lc  Key.o [1]
d_ADC_Key_Gets          0x08008c45    0x4a  Code  Lc  Key.o [1]
d_ADC_Key_Open          0x08008abf    0xf0  Code  Lc  Key.o [1]
d_ADC_Key_Puts          0x08008c23    0x22  Code  Lc  Key.o [1]
d_ADC_Key_Set           0x08008c03    0x20  Code  Lc  Key.o [1]
d_ADC_Key_TimingProcess
                        0x08008c8f    0x28  Code  Lc  Key.o [1]
d_ADC_Key_process_it    0x08008cb7    0x52  Code  Lc  Key.o [1]
d_close_SHT20           0x08008d5f    0x26  Code  Gb  SHT2x.o [1]
d_close_relay           0x0800a51f    0x1e  Code  Lc  relay.o [1]
d_close_si4463          0x0800c0d3    0x26  Code  Lc  RF4463.o [1]
d_close_usart_1         0x0800b6ef    0x26  Code  Gb  UsartDriver.o [1]
d_close_usart_2         0x0800b975    0x1e  Code  Gb  UsartDriver.o [1]
d_command_SHT20         0x08008da5    0x24  Code  Gb  SHT2x.o [1]
d_command_relay         0x0800a559    0x5c  Code  Lc  relay.o [1]
d_command_si4463        0x0800c119    0x24  Code  Lc  RF4463.o [1]
d_command_usart_1       0x0800b72d    0x1c  Code  Gb  UsartDriver.o [1]
d_command_usart_2       0x0800b9a7    0x18  Code  Gb  UsartDriver.o [1]
d_detect_SHT20          0x08008d85    0x20  Code  Gb  SHT2x.o [1]
d_detect_relay          0x0800a53d    0x1c  Code  Lc  relay.o [1]
d_detect_si4463         0x0800c0f9    0x20  Code  Lc  RF4463.o [1]
d_detect_usart_1        0x0800b715    0x18  Code  Gb  UsartDriver.o [1]
d_detect_usart_2        0x0800b993    0x14  Code  Gb  UsartDriver.o [1]
d_gets_SHT20            0x08008e3f    0x26  Code  Gb  SHT2x.o [1]
d_gets_relay            0x0800a623    0x22  Code  Lc  relay.o [1]
d_gets_si4463           0x0800c2e7   0x154  Code  Lc  RF4463.o [1]
d_gets_usart_1          0x0800b791    0x2c  Code  Gb  UsartDriver.o [1]
d_gets_usart_2          0x0800ba0f    0x34  Code  Gb  UsartDriver.o [1]
d_open_SHT20            0x08008d25    0x3a  Code  Gb  SHT2x.o [1]
d_open_relay            0x0800a4b7    0x68  Code  Lc  relay.o [1]
d_open_si4463           0x0800c065    0x6e  Code  Lc  RF4463.o [1]
d_open_usart_1          0x0800b5e5   0x10a  Code  Gb  UsartDriver.o [1]
d_open_usart_2          0x0800b8a9    0xcc  Code  Gb  UsartDriver.o [1]
d_process_it_SHT20      0x08008e8b    0x26  Code  Gb  SHT2x.o [1]
d_process_it_relay      0x0800a667    0x22  Code  Lc  relay.o [1]
d_process_it_si4463     0x0800c47d    0x22  Code  Lc  RF4463.o [1]
d_process_it_usart_1    0x0800b7dd    0x9e  Code  Gb  UsartDriver.o [1]
d_process_it_usart_2    0x0800ba5d    0x2e  Code  Gb  UsartDriver.o [1]
d_puts_SHT20            0x08008e19    0x26  Code  Gb  SHT2x.o [1]
d_puts_relay            0x0800a601    0x22  Code  Lc  relay.o [1]
d_puts_si4463           0x0800c161   0x186  Code  Lc  RF4463.o [1]
d_puts_usart_1          0x0800b765    0x2c  Code  Gb  UsartDriver.o [1]
d_puts_usart_2          0x0800b9d7    0x38  Code  Gb  UsartDriver.o [1]
d_set_SHT20             0x08008dc9    0x50  Code  Gb  SHT2x.o [1]
d_set_relay             0x0800a5b5    0x4c  Code  Lc  relay.o [1]
d_set_si4463            0x0800c13d    0x24  Code  Lc  RF4463.o [1]
d_set_usart_1           0x0800b749    0x1c  Code  Gb  UsartDriver.o [1]
d_set_usart_2           0x0800b9bf    0x18  Code  Gb  UsartDriver.o [1]
d_timing_proceee_SHT20  0x08008e65    0x26  Code  Gb  SHT2x.o [1]
d_timing_proceee_relay  0x0800a645    0x22  Code  Lc  relay.o [1]
d_timing_proceee_si4463
                        0x0800c43b    0x42  Code  Lc  RF4463.o [1]
d_timing_proceee_usart_1
                        0x0800b7bd    0x20  Code  Gb  UsartDriver.o [1]
d_timing_proceee_usart_2
                        0x0800ba43    0x1a  Code  Gb  UsartDriver.o [1]
data_recv_process       0x08009fc9    0x46  Code  Gb  DataTransfer.o [1]
data_tran_handle        0x0800a287     0x2  Code  Gb  Handle.o [1]
device_add              0x08004c71    0x26  Code  Gb  DeviceModule.o [1]
device_find_local       0x08004c97    0x2c  Code  Gb  DeviceModule.o [1]
digits                  0x0800a808    0x28  Data  Lc  xstoul.o [3]
div                     0x08001eb9     0xe  Code  Gb  div.o [3]
ds1307_Read             0x08009cbd    0x38  Code  Lc  DS1307.o [1]
ds1307_Write            0x08009c7d    0x40  Code  Lc  DS1307.o [1]
eTaskConfirmSleepModeStatus
                        0x080029c7    0x3c  Code  Gb  tasks.o [1]
exit                    0x0800d0c3     0x4  Code  Gb  exit.o [3]
frame_rx                0x200000a8     0x4  Data  Gb  DataTransfer.o [1]
free                    0x0800152d    0x7a  Code  Gb  xxmemxfree.o [3]
hadc1                   0x2000b084    0x30  Data  Gb  adc.o [1]
hcan                    0x2000aca0    0x40  Data  Gb  can.o [1]
hdac                    0x2000b11c    0x14  Data  Gb  dac.o [1]
hsd                     0x2000ab90    0x60  Data  Gb  sdio.o [1]
hspi1                   0x2000abf0    0x58  Data  Gb  spi.o [1]
hspi2                   0x2000ac48    0x58  Data  Gb  spi.o [1]
htim1                   0x2000af1c    0x3c  Data  Gb  tim.o [1]
htim2                   0x2000af58    0x3c  Data  Gb  tim.o [1]
htim3                   0x2000aee0    0x3c  Data  Gb  stm32f1xx_hal_timebase_TIM.o [1]
htim4                   0x2000af94    0x3c  Data  Gb  tim.o [1]
htim6                   0x2000afd0    0x3c  Data  Gb  tim.o [1]
htim7                   0x2000b00c    0x3c  Data  Gb  tim.o [1]
htim8                   0x2000b048    0x3c  Data  Gb  tim.o [1]
huart1                  0x2000ae60    0x40  Data  Gb  UsartDriver.o [1]
huart2                  0x2000aea0    0x40  Data  Gb  UsartDriver.o [1]
huart3                  0x2000ae20    0x40  Data  Gb  usart.o [1]
inHandlerMode           0x080044bb    0x12  Code  Lc  cmsis_os.o [1]
isspace                 0x0800a859    0x14  Code  Gb  isxxx.o [3]
localeconv              0x08001e87    0x16  Code  Gb  localeconv.o [3]
main                    0x08005c39    0x44  Code  Gb  main.o [1]
makeFreeRtosPriority    0x080044a9    0x12  Code  Lc  cmsis_os.o [1]
malloc                  0x080013e9    0xac  Code  Gb  xxmemxmalloc.o [3]
memchr                  0x08001385          Code  Gb  memchr.o [5]
ndigs                   0x0800a830    0x28  Data  Lc  xstoul.o [3]
operation_handle        0x0800a1e1    0xa6  Code  Gb  Handle.o [1]
ops                     0x200000ac    0x20  Data  Gb  DataTransfer.o [1]
osDelay                 0x08004511    0x1c  Code  Gb  cmsis_os.o [1]
osKernelStart           0x080044cd     0xa  Code  Gb  cmsis_os.o [1]
osMutexCreate           0x080045bf     0xc  Code  Gb  cmsis_os.o [1]
osMutexRelease          0x08004649    0x4c  Code  Gb  cmsis_os.o [1]
osMutexWait             0x080045cb    0x7e  Code  Gb  cmsis_os.o [1]
osSystickHandler        0x08004699    0x10  Code  Gb  cmsis_os.o [1]
osThreadCreate          0x080044d7    0x3a  Code  Gb  cmsis_os.o [1]
osTimerCreate           0x0800452d    0x26  Code  Gb  cmsis_os.o [1]
osTimerStart            0x08004553    0x6c  Code  Gb  cmsis_os.o [1]
p_close_spi_1           0x08004d03    0x18  Code  Gb  DeviceModule.o [1]
p_ioctl_spi_1           0x08004d1b    0x20  Code  Gb  DeviceModule.o [1]
p_open_spi_1            0x08004cd9    0x2a  Code  Gb  DeviceModule.o [1]
p_read_spi_1            0x08004d3b    0x3c  Code  Gb  DeviceModule.o [1]
p_rw_spi_1              0x08004daf    0x36  Code  Gb  DeviceModule.o [1]
p_write_spi_1           0x08004d77    0x38  Code  Gb  DeviceModule.o [1]
pcInterruptPriorityRegisters
                        0x0800d36c     0x4  Data  Lc  port.o [1]
prvAddCurrentTaskToDelayedList
                        0x08002b2d    0x4a  Code  Lc  tasks.o [1]
prvAllocateTCBAndStack  0x08002b77    0x5a  Code  Lc  tasks.o [1]
prvCheckForValidListAndQueue
                        0x08003669    0x5a  Code  Lc  timers.o [1]
prvCheckTasksWaitingTermination
                        0x08002ac7    0x66  Code  Lc  tasks.o [1]
prvCopyDataFromQueue    0x0800435d    0x30  Code  Lc  queue.o [1]
prvCopyDataToQueue      0x080042c5    0x98  Code  Lc  queue.o [1]
prvDeleteTCB            0x08002bd5    0x12  Code  Lc  tasks.o [1]
prvGetExpectedIdleTime  0x0800241f    0x34  Code  Lc  tasks.o [1]
prvGetNextExpireTime    0x08003473    0x2e  Code  Lc  timers.o [1]
prvHeapInit             0x08003b39    0x6e  Code  Lc  heap_4.o [1]
prvIdleTask             0x08002975    0x52  Code  Lc  tasks.o [1]
prvInitialiseTCBVariables
                        0x08002a03    0x6c  Code  Lc  tasks.o [1]
prvInitialiseTaskLists  0x08002a6f    0x58  Code  Lc  tasks.o [1]
prvInsertBlockIntoFreeList
                        0x08003ba7    0x62  Code  Lc  heap_4.o [1]
prvInsertTimerInActiveList
                        0x080034c9    0x50  Code  Lc  timers.o [1]
prvIsQueueEmpty         0x080043f7    0x20  Code  Lc  queue.o [1]
prvIsQueueFull          0x08004417    0x22  Code  Lc  queue.o [1]
prvProcessExpiredTimer  0x080033a5    0x50  Code  Lc  timers.o [1]
prvProcessReceivedCommands
                        0x08003519    0xca  Code  Lc  timers.o [1]
prvProcessTimerOrBlockTask
                        0x0800340f    0x64  Code  Lc  timers.o [1]
prvResetNextTaskUnblockTime
                        0x08002be7    0x2a  Code  Lc  tasks.o [1]
prvSampleTimeNow        0x080034a1    0x28  Code  Lc  timers.o [1]
prvSwitchTimerLists     0x080035e3    0x86  Code  Lc  timers.o [1]
prvTaskExitError        0x08002ebd    0x18  Code  Lc  port.o [1]
prvTaskIsTaskSuspended  0x080022f1    0x34  Code  Lc  tasks.o [1]
prvTimerTask            0x080033f5    0x1a  Code  Lc  timers.o [1]
prvUnlockQueue          0x0800438d    0x6a  Code  Lc  queue.o [1]
pvPortMalloc            0x080039d1   0x104  Code  Gb  heap_4.o [1]
pvTaskIncrementMutexHeldCount
                        0x08002da9    0x1e  Code  Gb  tasks.o [1]
pxCurrentTCB            0x2000b23c     0x4  Data  Gb  tasks.o [1]
pxCurrentTimerList      0x2000b274     0x4  Data  Lc  timers.o [1]
pxDelayedTaskList       0x2000b240     0x4  Data  Lc  tasks.o [1]
pxEnd                   0x2000b210     0x4  Data  Lc  heap_4.o [1]
pxOverflowDelayedTaskList
                        0x2000b244     0x4  Data  Lc  tasks.o [1]
pxOverflowTimerList     0x2000b278     0x4  Data  Lc  timers.o [1]
pxPortInitialiseStack   0x08002ea1    0x1c  Code  Gb  port.o [1]
pxReadyTasksLists       0x2000a528   0x280  Data  Lc  tasks.o [1]
relay                   0x200002e4    0x48  Data  Gb  relay.o [1]
rx_buffer               0x2000ace0    0x40  Data  Gb  DataTransfer.o [1]
send_alarm              0x08009dc5    0x20  Code  Gb  DataTransfer.o [1]
send_data               0x08009cf5    0xb4  Code  Gb  DataTransfer.o [1]
send_datatran           0x08009f8f    0x1a  Code  Gb  DataTransfer.o [1]
send_operation          0x08009fa9    0x20  Code  Gb  DataTransfer.o [1]
send_sync               0x08009de5    0x90  Code  Gb  DataTransfer.o [1]
send_sync_time          0x08009e75    0xb2  Code  Gb  DataTransfer.o [1]
si4463                  0x2000033c    0x48  Data  Gb  RF4463.o [1]
spi_1                   0x200000cc    0x34  Data  Gb  DeviceModule.o [1]
sprintf                 0x0800a1ad    0x34  Code  Gb  sprintf.o [3]
strcat                  0x08004c53    0x1c  Code  Gb  strcat.o [3]
strchr                  0x0800132d          Code  Gb  strchr.o [5]
strlen                  0x0800134d          Code  Gb  strlen.o [5]
sync_handle             0x0800a28b   0x19e  Code  Gb  Handle.o [1]
sync_send_TH            0x08009f27    0x68  Code  Gb  DataTransfer.o [1]
tolower                 0x0800a86d    0x14  Code  Gb  tolower.o [3]
tx_buffer               0x2000ad20    0x40  Data  Gb  DataTransfer.o [1]
uCRCErrorWorkaroundCheck
                        0x2000b28d     0x1  Data  Gb  stm32f1xx_hal_spi_ex.o [1]
ucHeap                  0x20002588  0x7800  Data  Lc  heap_4.o [1]
ucMaxSysCallPriority    0x2000b28a     0x1  Data  Lc  port.o [1]
ulMaxPRIGROUPValue      0x2000b22c     0x4  Data  Lc  port.o [1]
ulPortSetInterruptMask  0x08002e4b          Code  Gb  portasm.o [1]
ulStoppedTimerCompensation
                        0x2000b228     0x4  Data  Lc  port.o [1]
ulTimerCountsForOneTick
                        0x2000b220     0x4  Data  Lc  port.o [1]
usart_1                 0x200003f0    0x48  Data  Gb  UsartDriver.o [1]
usart_2                 0x20000438    0x48  Data  Gb  UsartDriver.o [1]
uwTick                  0x2000b238     0x4  Data  Lc  stm32f1xx_hal.o [1]
uxCriticalNesting       0x200002a0     0x4  Data  Lc  port.o [1]
uxCurrentNumberOfTasks  0x2000b24c     0x4  Data  Lc  tasks.o [1]
uxListRemove            0x08003263    0x28  Code  Gb  list.o [1]
uxPendedTicks           0x2000b25c     0x4  Data  Lc  tasks.o [1]
uxSchedulerSuspended    0x2000b270     0x4  Data  Lc  tasks.o [1]
uxTaskNumber            0x2000b268     0x4  Data  Lc  tasks.o [1]
uxTasksDeleted          0x2000b248     0x4  Data  Lc  tasks.o [1]
uxTopReadyPriority      0x2000b254     0x4  Data  Lc  tasks.o [1]
vApplicationIdleHook    0x080036e5     0x2  Code  Gb  freertos.o [1]
vApplicationMallocFailedHook
                        0x080036eb     0x2  Code  Gb  freertos.o [1]
vApplicationStackOverflowHook
                        0x080036e9     0x2  Code  Gb  freertos.o [1]
vApplicationTickHook    0x080036e7     0x2  Code  Gb  freertos.o [1]
vListInitialise         0x080031ed    0x1e  Code  Gb  list.o [1]
vListInitialiseItem     0x0800320b     0x6  Code  Gb  list.o [1]
vListInsert             0x08003229    0x3a  Code  Gb  list.o [1]
vListInsertEnd          0x08003211    0x18  Code  Gb  list.o [1]
vPortClearInterruptMask
                        0x08002e59          Code  Gb  portasm.o [1]
vPortEnterCritical      0x08002f6f    0x30  Code  Gb  port.o [1]
vPortExitCritical       0x08002f9f    0x2a  Code  Gb  port.o [1]
vPortFree               0x08003ad5    0x64  Code  Gb  heap_4.o [1]
vPortSetupTimerInterrupt
                        0x08003125    0x50  Code  Wk  port.o [1]
vPortStartFirstTask     0x08002e7f          Code  Gb  portasm.o [1]
vPortSuppressTicksAndSleep
                        0x08002fe7   0x13e  Code  Wk  port.o [1]
vPortValidateInterruptPriority
                        0x08003175    0x3c  Code  Gb  port.o [1]
vPortYield              0x08002f5d    0x12  Code  Gb  port.o [1]
vQueueAddToRegistry     0x08004439    0x28  Code  Gb  queue.o [1]
vQueueWaitForMessageRestricted
                        0x08004465    0x44  Code  Gb  queue.o [1]
vTaskDelay              0x080021c1    0x6c  Code  Gb  tasks.o [1]
vTaskMissedYield        0x08002957     0xa  Code  Gb  tasks.o [1]
vTaskPlaceOnEventList   0x08002737    0x6a  Code  Gb  tasks.o [1]
vTaskPlaceOnEventListRestricted
                        0x080027bd    0x76  Code  Gb  tasks.o [1]
vTaskPriorityInherit    0x08002c4d    0xac  Code  Gb  tasks.o [1]
vTaskSetTimeOutState    0x080028c1    0x20  Code  Gb  tasks.o [1]
vTaskStartScheduler     0x080023ab    0x64  Code  Gb  tasks.o [1]
vTaskStepTick           0x08002545    0x2c  Code  Gb  tasks.o [1]
vTaskSuspend            0x0800222d    0xc4  Code  Gb  tasks.o [1]
vTaskSuspendAll         0x0800240f    0x10  Code  Gb  tasks.o [1]
vTaskSwitchContext      0x080026ad    0x8a  Code  Gb  tasks.o [1]
xActiveTimerList1       0x2000b194    0x14  Data  Lc  timers.o [1]
xActiveTimerList2       0x2000b1a8    0x14  Data  Lc  timers.o [1]
xBlockAllocatedBit      0x2000b21c     0x4  Data  Lc  heap_4.o [1]
xDelayedTaskList1       0x2000b130    0x14  Data  Lc  tasks.o [1]
xDelayedTaskList2       0x2000b144    0x14  Data  Lc  tasks.o [1]
xFreeBytesRemaining     0x2000b214     0x4  Data  Lc  heap_4.o [1]
xHeapStructSize         0x0800d368     0x4  Data  Lc  heap_4.o [1]
xMaximumPossibleSuppressedTicks
                        0x2000b224     0x4  Data  Lc  port.o [1]
xMinimumEverFreeBytesRemaining
                        0x2000b218     0x4  Data  Lc  heap_4.o [1]
xNextTaskUnblockTime    0x2000b26c     0x4  Data  Lc  tasks.o [1]
xNumOfOverflows         0x2000b264     0x4  Data  Lc  tasks.o [1]
xPendingReadyList       0x2000b158    0x14  Data  Lc  tasks.o [1]
xPortStartScheduler     0x08002ed5    0x88  Code  Gb  port.o [1]
xPortSysTickHandler     0x08002fc9    0x1e  Code  Gb  port.o [1]
xQueueCreateMutex       0x08003d73    0x5c  Code  Gb  queue.o [1]
xQueueGenericCreate     0x08003d09    0x6a  Code  Gb  queue.o [1]
xQueueGenericReceive    0x0800409f   0x184  Code  Gb  queue.o [1]
xQueueGenericReset      0x08003c91    0x78  Code  Gb  queue.o [1]
xQueueGenericSend       0x08003dcf   0x160  Code  Gb  queue.o [1]
xQueueGenericSendFromISR
                        0x08003f2f    0xc2  Code  Gb  queue.o [1]
xQueueGiveFromISR       0x08003ff1    0xae  Code  Gb  queue.o [1]
xQueueReceiveFromISR    0x08004223    0xa2  Code  Gb  queue.o [1]
xQueueRegistry          0x2000ade0    0x40  Data  Gb  queue.o [1]
xSchedulerRunning       0x2000b258     0x4  Data  Lc  tasks.o [1]
xStart                  0x2000b1d0     0x8  Data  Lc  heap_4.o [1]
xSuspendedTaskList      0x2000b180    0x14  Data  Lc  tasks.o [1]
xTaskCheckForTimeOut    0x080028e1    0x76  Code  Gb  tasks.o [1]
xTaskGenericCreate      0x08002069   0x158  Code  Gb  tasks.o [1]
xTaskGetCurrentTaskHandle
                        0x08002c11     0xa  Code  Gb  tasks.o [1]
xTaskGetSchedulerState  0x08002c21    0x26  Code  Gb  tasks.o [1]
xTaskGetTickCount       0x0800253b     0xa  Code  Gb  tasks.o [1]
xTaskIncrementTick      0x08002571   0x13c  Code  Gb  tasks.o [1]
xTaskPriorityDisinherit
                        0x08002cfd    0xa6  Code  Gb  tasks.o [1]
xTaskRemoveFromEventList
                        0x08002835    0x86  Code  Gb  tasks.o [1]
xTaskResumeAll          0x08002453    0xe8  Code  Gb  tasks.o [1]
xTaskResumeFromISR      0x08002325    0x86  Code  Gb  tasks.o [1]
xTasksWaitingTermination
                        0x2000b16c    0x14  Data  Lc  tasks.o [1]
xTickCount              0x2000b250     0x4  Data  Lc  tasks.o [1]
xTimerCreate            0x080032d3    0x58  Code  Gb  timers.o [1]
xTimerCreateTimerTask   0x0800328d    0x46  Code  Gb  timers.o [1]
xTimerGenericCommand    0x0800332b    0x7a  Code  Gb  timers.o [1]
xTimerQueue             0x2000b27c     0x4  Data  Lc  timers.o [1]
xYieldPending           0x2000b260     0x4  Data  Lc  tasks.o [1]


[1] = C:\Users\Zhaojingyangchun\Documents\GitHub\Wireless-control\Project-IAR\EWARM\SmartHouse\Obj
[2] = command line
[3] = dl7M_tlf.a
[4] = m7M_tl.a
[5] = rt7M_tl.a
[6] = shb_l.a

  53 282 bytes of readonly  code memory
   1 759 bytes of readonly  data memory
  45 706 bytes of readwrite data memory

Errors: none
Warnings: none
