###############################################################################
#
# IAR ELF Linker V7.50.2.10312/W32 for ARM                16/Nov/2016  17:25:31
# Copyright 2007-2015 IAR Systems AB.
#
#    Output file  =  
#        C:\GitHub\Wireless-control\Project-IAR\EWARM\SmartHouse\Exe\SmartHouse.out
#    Map file     =  
#        C:\GitHub\Wireless-control\Project-IAR\EWARM\SmartHouse\List\SmartHouse.map
#    Command line =  
#        C:\GitHub\Wireless-control\Project-IAR\EWARM\SmartHouse\Obj\adc.o
#        C:\GitHub\Wireless-control\Project-IAR\EWARM\SmartHouse\Obj\Alarm.o
#        C:\GitHub\Wireless-control\Project-IAR\EWARM\SmartHouse\Obj\board.o
#        C:\GitHub\Wireless-control\Project-IAR\EWARM\SmartHouse\Obj\bsp_driver_sd.o
#        C:\GitHub\Wireless-control\Project-IAR\EWARM\SmartHouse\Obj\can.o
#        C:\GitHub\Wireless-control\Project-IAR\EWARM\SmartHouse\Obj\cc950.o
#        C:\GitHub\Wireless-control\Project-IAR\EWARM\SmartHouse\Obj\cmsis_os.o
#        C:\GitHub\Wireless-control\Project-IAR\EWARM\SmartHouse\Obj\CRC_JIAMI.o
#        C:\GitHub\Wireless-control\Project-IAR\EWARM\SmartHouse\Obj\croutine.o
#        C:\GitHub\Wireless-control\Project-IAR\EWARM\SmartHouse\Obj\dac.o
#        C:\GitHub\Wireless-control\Project-IAR\EWARM\SmartHouse\Obj\DataTransfer.o
#        C:\GitHub\Wireless-control\Project-IAR\EWARM\SmartHouse\Obj\DeviceModule.o
#        C:\GitHub\Wireless-control\Project-IAR\EWARM\SmartHouse\Obj\diskio.o
#        C:\GitHub\Wireless-control\Project-IAR\EWARM\SmartHouse\Obj\DS1307.o
#        C:\GitHub\Wireless-control\Project-IAR\EWARM\SmartHouse\Obj\event_groups.o
#        C:\GitHub\Wireless-control\Project-IAR\EWARM\SmartHouse\Obj\fatfs.o
#        C:\GitHub\Wireless-control\Project-IAR\EWARM\SmartHouse\Obj\fatfs_platform.o
#        C:\GitHub\Wireless-control\Project-IAR\EWARM\SmartHouse\Obj\ff.o
#        C:\GitHub\Wireless-control\Project-IAR\EWARM\SmartHouse\Obj\ff_gen_drv.o
#        C:\GitHub\Wireless-control\Project-IAR\EWARM\SmartHouse\Obj\freertos.o
#        C:\GitHub\Wireless-control\Project-IAR\EWARM\SmartHouse\Obj\Gizwits.o
#        C:\GitHub\Wireless-control\Project-IAR\EWARM\SmartHouse\Obj\gpio.o
#        C:\GitHub\Wireless-control\Project-IAR\EWARM\SmartHouse\Obj\Handle.o
#        C:\GitHub\Wireless-control\Project-IAR\EWARM\SmartHouse\Obj\heap_4.o
#        C:\GitHub\Wireless-control\Project-IAR\EWARM\SmartHouse\Obj\HMI.o
#        C:\GitHub\Wireless-control\Project-IAR\EWARM\SmartHouse\Obj\iwdg.o
#        C:\GitHub\Wireless-control\Project-IAR\EWARM\SmartHouse\Obj\Key.o
#        C:\GitHub\Wireless-control\Project-IAR\EWARM\SmartHouse\Obj\list.o
#        C:\GitHub\Wireless-control\Project-IAR\EWARM\SmartHouse\Obj\main.o
#        C:\GitHub\Wireless-control\Project-IAR\EWARM\SmartHouse\Obj\port.o
#        C:\GitHub\Wireless-control\Project-IAR\EWARM\SmartHouse\Obj\portasm.o
#        C:\GitHub\Wireless-control\Project-IAR\EWARM\SmartHouse\Obj\queue.o
#        C:\GitHub\Wireless-control\Project-IAR\EWARM\SmartHouse\Obj\relay.o
#        C:\GitHub\Wireless-control\Project-IAR\EWARM\SmartHouse\Obj\RF4463.o
#        C:\GitHub\Wireless-control\Project-IAR\EWARM\SmartHouse\Obj\sd_diskio.o
#        C:\GitHub\Wireless-control\Project-IAR\EWARM\SmartHouse\Obj\sdio.o
#        C:\GitHub\Wireless-control\Project-IAR\EWARM\SmartHouse\Obj\SerialDriver.o
#        C:\GitHub\Wireless-control\Project-IAR\EWARM\SmartHouse\Obj\SerialDriver_Bare.o
#        C:\GitHub\Wireless-control\Project-IAR\EWARM\SmartHouse\Obj\SerialDriver_OS.o
#        C:\GitHub\Wireless-control\Project-IAR\EWARM\SmartHouse\Obj\SHT2x.o
#        C:\GitHub\Wireless-control\Project-IAR\EWARM\SmartHouse\Obj\si446x.o
#        C:\GitHub\Wireless-control\Project-IAR\EWARM\SmartHouse\Obj\spi.o
#        C:\GitHub\Wireless-control\Project-IAR\EWARM\SmartHouse\Obj\startup_stm32f103xe.o
#        C:\GitHub\Wireless-control\Project-IAR\EWARM\SmartHouse\Obj\stm32f1xx_hal.o
#        C:\GitHub\Wireless-control\Project-IAR\EWARM\SmartHouse\Obj\stm32f1xx_hal_adc.o
#        C:\GitHub\Wireless-control\Project-IAR\EWARM\SmartHouse\Obj\stm32f1xx_hal_adc_ex.o
#        C:\GitHub\Wireless-control\Project-IAR\EWARM\SmartHouse\Obj\stm32f1xx_hal_can.o
#        C:\GitHub\Wireless-control\Project-IAR\EWARM\SmartHouse\Obj\stm32f1xx_hal_cortex.o
#        C:\GitHub\Wireless-control\Project-IAR\EWARM\SmartHouse\Obj\stm32f1xx_hal_dac.o
#        C:\GitHub\Wireless-control\Project-IAR\EWARM\SmartHouse\Obj\stm32f1xx_hal_dac_ex.o
#        C:\GitHub\Wireless-control\Project-IAR\EWARM\SmartHouse\Obj\stm32f1xx_hal_dma.o
#        C:\GitHub\Wireless-control\Project-IAR\EWARM\SmartHouse\Obj\stm32f1xx_hal_flash.o
#        C:\GitHub\Wireless-control\Project-IAR\EWARM\SmartHouse\Obj\stm32f1xx_hal_flash_ex.o
#        C:\GitHub\Wireless-control\Project-IAR\EWARM\SmartHouse\Obj\stm32f1xx_hal_gpio.o
#        C:\GitHub\Wireless-control\Project-IAR\EWARM\SmartHouse\Obj\stm32f1xx_hal_gpio_ex.o
#        C:\GitHub\Wireless-control\Project-IAR\EWARM\SmartHouse\Obj\stm32f1xx_hal_iwdg.o
#        C:\GitHub\Wireless-control\Project-IAR\EWARM\SmartHouse\Obj\stm32f1xx_hal_msp.o
#        C:\GitHub\Wireless-control\Project-IAR\EWARM\SmartHouse\Obj\stm32f1xx_hal_pwr.o
#        C:\GitHub\Wireless-control\Project-IAR\EWARM\SmartHouse\Obj\stm32f1xx_hal_rcc.o
#        C:\GitHub\Wireless-control\Project-IAR\EWARM\SmartHouse\Obj\stm32f1xx_hal_rcc_ex.o
#        C:\GitHub\Wireless-control\Project-IAR\EWARM\SmartHouse\Obj\stm32f1xx_hal_sd.o
#        C:\GitHub\Wireless-control\Project-IAR\EWARM\SmartHouse\Obj\stm32f1xx_hal_spi.o
#        C:\GitHub\Wireless-control\Project-IAR\EWARM\SmartHouse\Obj\stm32f1xx_hal_spi_ex.o
#        C:\GitHub\Wireless-control\Project-IAR\EWARM\SmartHouse\Obj\stm32f1xx_hal_tim.o
#        C:\GitHub\Wireless-control\Project-IAR\EWARM\SmartHouse\Obj\stm32f1xx_hal_tim_ex.o
#        C:\GitHub\Wireless-control\Project-IAR\EWARM\SmartHouse\Obj\stm32f1xx_hal_timebase_TIM.o
#        C:\GitHub\Wireless-control\Project-IAR\EWARM\SmartHouse\Obj\stm32f1xx_hal_uart.o
#        C:\GitHub\Wireless-control\Project-IAR\EWARM\SmartHouse\Obj\stm32f1xx_it.o
#        C:\GitHub\Wireless-control\Project-IAR\EWARM\SmartHouse\Obj\stm32f1xx_ll_sdmmc.o
#        C:\GitHub\Wireless-control\Project-IAR\EWARM\SmartHouse\Obj\syscall.o
#        C:\GitHub\Wireless-control\Project-IAR\EWARM\SmartHouse\Obj\system_stm32f1xx.o
#        C:\GitHub\Wireless-control\Project-IAR\EWARM\SmartHouse\Obj\tasks.o
#        C:\GitHub\Wireless-control\Project-IAR\EWARM\SmartHouse\Obj\tim.o
#        C:\GitHub\Wireless-control\Project-IAR\EWARM\SmartHouse\Obj\timers.o
#        C:\GitHub\Wireless-control\Project-IAR\EWARM\SmartHouse\Obj\usart.o
#        C:\GitHub\Wireless-control\Project-IAR\EWARM\SmartHouse\Obj\UsartDriver.o
#        --redirect _Printf=_PrintfFull --redirect _Scanf=_ScanfFull -o
#        C:\GitHub\Wireless-control\Project-IAR\EWARM\SmartHouse\Exe\SmartHouse.out
#        --map
#        C:\GitHub\Wireless-control\Project-IAR\EWARM\SmartHouse\List\SmartHouse.map
#        --config
#        C:\GitHub\Wireless-control\Project-IAR\EWARM/stm32f103xe_flash.icf
#        --semihosting --entry __iar_program_start --vfe
#
###############################################################################

*******************************************************************************
*** RUNTIME MODEL ATTRIBUTES
***

CppFlavor                     = *
__Heap_Handler                = Basic
__SystemLibrary               = DLib
__dlib_dynamic_initialization = normal


*******************************************************************************
*** PLACEMENT SUMMARY
***

"A1":  place at 0x08000000 { ro section .intvec };
"P1":  place in [from 0x08000000 to 0x0807ffff] { ro };
"P2":  place in [from 0x20000000 to 0x2000ffff] { rw, block CSTACK, block HEAP };

  Section             Kind        Address    Size  Object
  -------             ----        -------    ----  ------
"A1":                                       0x130
  .intvec             ro code  0x08000000   0x130  startup_stm32f103xe.o [1]
                             - 0x08000130   0x130

"P1":                                      0xda39
  .text               ro code  0x08000130  0x1166  xprintffull.o [3]
  .text               ro code  0x08001296    0x20  xmbtowc.o [3]
  .text               ro code  0x080012b6    0x76  lz77_init_single.o [5]
  .text               ro code  0x0800132c    0x16  strchr.o [5]
  .text               ro code  0x08001342     0xa  xsprout.o [3]
  .text               ro code  0x0800134c    0x36  strlen.o [5]
  .rodata             const    0x08001382     0x2  stm32f1xx_hal_rcc.o [1]
  .text               ro code  0x08001384    0x58  memchr.o [5]
  .text               ro code  0x080013dc     0xa  xmbcurmax.o [3]
  .text               ro code  0x080013e8    0xb0  xxmemxmalloc.o [3]
  .text               ro code  0x08001498    0x1a  xwctomb.o [3]
  .text               ro code  0x080014b4    0x76  ABImemcpy_unaligned.o [5]
  .text               ro code  0x0800152c    0x80  xxmemxfree.o [3]
  .text               ro code  0x080015ac    0xee  I64DivMod.o [5]
  .text               ro code  0x0800169a    0x42  xdnorm.o [4]
  .text               ro code  0x080016dc    0x2e  DblCmpLe.o [4]
  .text               ro code  0x0800170c    0x2e  DblCmpGe.o [4]
  .text               ro code  0x0800173c   0x10c  xdscale.o [4]
  .text               ro code  0x08001848    0x58  DblToI32.o [4]
  .text               ro code  0x080018a0    0x30  I32ToDbl.o [4]
  .text               ro code  0x080018d0   0x180  DblSub.o [4]
  .text               ro code  0x08001a50   0x1a2  DblMul.o [4]
  .text               ro code  0x08001bf4   0x256  DblDiv.o [4]
  .text               ro code  0x08001e4c    0x6c  localeconv.o [3]
  .text               ro code  0x08001eb8     0xe  div.o [3]
  .text               ro code  0x08001ec8    0x24  setlocale.o [3]
  .text               ro code  0x08001eec    0x60  xencoding_sb.o [3]
  .text               ro code  0x08001f4c    0x2c  xgetmemchunk.o [3]
  .text               ro code  0x08001f78     0x2  I64DivZer.o [5]
  .text               ro code  0x08001f7c    0xe8  DblAdd.o [4]
  .text               ro code  0x08002064     0x2  xtls.o [3]
  .text               ro code  0x08002068   0xda4  tasks.o [1]
  CODE                ro code  0x08002e0c    0x94  portasm.o [1]
  .text               ro code  0x08002ea0   0x34c  port.o [1]
  .text               ro code  0x080031ec    0x9e  list.o [1]
  .text               ro code  0x0800328c   0x458  timers.o [1]
  .text               ro code  0x080036e4   0x318  freertos.o [1]
  .text               ro code  0x080039fc   0x258  heap_4.o [1]
  .text               ro code  0x08003c54    0x66  ABImemset.o [5]
  .text               ro code  0x08003cbc   0x818  queue.o [1]
  .text               ro code  0x080044d4   0x204  cmsis_os.o [1]
  .text               ro code  0x080046d8    0xe8  stm32f1xx_hal_iwdg.o [1]
  .text               ro code  0x080047c0   0x1bc  Gizwits.o [1]
  .text               ro code  0x0800497c   0x3a8  board.o [1]
  .text               ro code  0x08004d24    0x58  stm32f1xx_hal.o [1]
  .text               ro code  0x08004d7c     0x6  ABImemclr4.o [5]
  .text               ro code  0x08004d84    0x44  strcpy_unaligned.o [5]
  .text               ro code  0x08004dc8    0x42  strcmp_unaligned.o [5]
  .text               ro code  0x08004e0a    0x1c  strcat.o [3]
  .text               ro code  0x08004e28   0x188  DeviceModule.o [1]
  .text               ro code  0x08004fb0   0x184  stm32f1xx_hal_cortex.o [1]
  .text               ro code  0x08005134    0x94  stm32f1xx_hal_timebase_TIM.o [1]
  .text               ro code  0x080051c8    0x7c  stm32f1xx_hal_msp.o [1]
  .text               ro code  0x08005244    0x32  ABImemset48.o [5]
  .text               ro code  0x08005278   0x1d8  spi.o [1]
  .text               ro code  0x08005450   0x484  stm32f1xx_hal_gpio.o [1]
  .text               ro code  0x080058d4   0x71e  stm32f1xx_hal_spi.o [1]
  .text               ro code  0x08005ff4   0xa5c  stm32f1xx_hal_rcc.o [1]
  .text               ro code  0x08006a50   0x680  stm32f1xx_hal_tim.o [1]
  .text               ro code  0x080070d0    0x90  stm32f1xx_hal_spi_ex.o [1]
  .text               ro code  0x08007160    0xf6  main.o [1]
  .text               ro code  0x08007258   0x620  tim.o [1]
  .text               ro code  0x08007878    0xa8  stm32f1xx_hal_tim_ex.o [1]
  .text               ro code  0x08007920   0x1ac  gpio.o [1]
  .text               ro code  0x08007acc   0x110  can.o [1]
  .text               ro code  0x08007bdc    0x90  dac.o [1]
  .text               ro code  0x08007c6c    0x34  sdio.o [1]
  .text               ro code  0x08007ca0    0x34  iwdg.o [1]
  .text               ro code  0x08007cd4   0x144  stm32f1xx_hal_rcc_ex.o [1]
  .text               ro code  0x08007e18   0x47e  stm32f1xx_hal_can.o [1]
  .text               ro code  0x08008298    0x7e  stm32f1xx_hal_dac.o [1]
  .text               ro code  0x08008318   0x7a8  stm32f1xx_hal_adc.o [1]
  .text               ro code  0x08008ac0    0x9c  adc.o [1]
  .text               ro code  0x08008b5c   0x35c  Key.o [1]
  .text               ro code  0x08008eb8     0x2  stm32f1xx_hal_adc_ex.o [1]
  .text               ro code  0x08008ebc   0x76e  SHT2x.o [1]
  .text               ro code  0x0800962c    0xe6  FltSub.o [4]
  .text               ro code  0x08009714    0x4e  FltToDbl.o [4]
  .text               ro code  0x08009764    0x1e  I32ToFlt.o [4]
  .text               ro code  0x08009784    0x90  DblToFlt.o [4]
  .text               ro code  0x08009814    0x74  FltAdd.o [4]
  .text               ro code  0x08009888   0x640  HMI.o [1]
  .text               ro code  0x08009ec8   0x348  DataTransfer.o [1]
  .text               ro code  0x0800a210    0x34  sprintf.o [3]
  .text               ro code  0x0800a244   0x170  CRC_JIAMI.o [1]
  .text               ro code  0x0800a3b4   0x276  Handle.o [1]
  .text               ro code  0x0800a62a     0x8  atoi.o [3]
  .text               ro code  0x0800a634   0x260  relay.o [1]
  .text               ro code  0x0800a894   0x198  xstoul.o [3]
  .text               ro code  0x0800aa2c    0x14  isxxx.o [3]
  .text               ro code  0x0800aa40    0x14  tolower.o [3]
  .text               ro code  0x0800aa54     0xc  errno.o [3]
  .text               ro code  0x0800aa60    0x14  xlocale_c.o [3]
  .text               ro code  0x0800aa74     0xc  xlocale_c.o [3]
  .text               ro code  0x0800aa80   0x604  DS1307.o [1]
  .text               ro code  0x0800b084   0x5ac  SerialDriver.o [1]
  .text               ro code  0x0800b630    0xa0  SerialDriver_OS.o [1]
  .text               ro code  0x0800b6d0   0x594  stm32f1xx_hal_uart.o [1]
  .text               ro code  0x0800bc64   0x158  usart.o [1]
  .text               ro code  0x0800bdbc   0x54c  UsartDriver.o [1]
  .text               ro code  0x0800c308   0x534  si446x.o [1]
  .text               ro code  0x0800c83c   0x4c0  RF4463.o [1]
  .text               ro code  0x0800ccfc   0x340  Alarm.o [1]
  .rodata             const    0x0800d03c   0x16c  si446x.o [1]
  .text               ro code  0x0800d1a8    0xdc  stm32f1xx_it.o [1]
  .text               ro code  0x0800d284    0xc0  stm32f1xx_hal_sd.o [1]
  .text               ro code  0x0800d344    0x68  system_stm32f1xx.o [1]
  .text               ro code  0x0800d3ac    0x40  zero_init3.o [5]
  .text               ro code  0x0800d3ec    0x28  data_init.o [5]
  .iar.init_table     const    0x0800d414    0x20  - Linker created -
  .rodata             const    0x0800d434    0x1c  HMI.o [1]
  .text               ro code  0x0800d450    0x1a  cmain.o [5]
  .text               ro code  0x0800d46a     0x4  low_level_init.o [3]
  .text               ro code  0x0800d46e     0x4  exit.o [3]
  .text               ro code  0x0800d474     0xa  cexit.o [5]
  .text               ro code  0x0800d480    0x14  exit.o [6]
  .rodata             const    0x0800d494    0x18  freertos.o [1]
  .rodata             const    0x0800d4ac    0x18  freertos.o [1]
  .rodata             const    0x0800d4c4    0x18  freertos.o [1]
  .rodata             const    0x0800d4dc    0x18  freertos.o [1]
  .rodata             const    0x0800d4f4    0x14  freertos.o [1]
  .rodata             const    0x0800d508    0x14  freertos.o [1]
  .rodata             const    0x0800d51c    0x14  freertos.o [1]
  .rodata             const    0x0800d530    0x14  freertos.o [1]
  .rodata             const    0x0800d544    0x14  freertos.o [1]
  .rodata             const    0x0800d558    0x14  freertos.o [1]
  .rodata             const    0x0800d56c    0x14  freertos.o [1]
  .rodata             const    0x0800d580    0x14  freertos.o [1]
  .rodata             const    0x0800d594    0x14  HMI.o [1]
  .rodata             const    0x0800d5a8    0x10  Handle.o [1]
  .rodata             const    0x0800d5b8    0x10  Handle.o [1]
  .rodata             const    0x0800d5c8    0x10  stm32f1xx_hal_rcc.o [1]
  .rodata             const    0x0800d5d8    0x10  system_stm32f1xx.o [1]
  .text               ro code  0x0800d5e8    0x10  startup_stm32f103xe.o [1]
  .rodata             const    0x0800d5f8     0xc  DS1307.o [1]
  .rodata             const    0x0800d604     0xc  DS1307.o [1]
  .rodata             const    0x0800d610     0xc  freertos.o [1]
  .rodata             const    0x0800d61c     0xc  freertos.o [1]
  .rodata             const    0x0800d628     0xc  RF4463.o [1]
  .rodata             const    0x0800d634     0xc  SHT2x.o [1]
  .rodata             const    0x0800d640     0xc  SHT2x.o [1]
  .text               ro code  0x0800d64c     0xc  cstartup_M.o [5]
  .rodata             const    0x0800d658     0x8  board.o [1]
  .rodata             const    0x0800d660     0x8  DataTransfer.o [1]
  .rodata             const    0x0800d668     0x8  DataTransfer.o [1]
  .rodata             const    0x0800d670     0x8  Gizwits.o [1]
  .rodata             const    0x0800d678     0x8  Gizwits.o [1]
  .rodata             const    0x0800d680     0x8  Gizwits.o [1]
  .rodata             const    0x0800d688     0x8  Gizwits.o [1]
  .rodata             const    0x0800d690     0x8  Handle.o [1]
  .rodata             const    0x0800d698     0x8  Handle.o [1]
  .rodata             const    0x0800d6a0     0x8  Handle.o [1]
  .rodata             const    0x0800d6a8     0x8  Handle.o [1]
  .rodata             const    0x0800d6b0     0x8  HMI.o [1]
  .rodata             const    0x0800d6b8     0x8  HMI.o [1]
  .rodata             const    0x0800d6c0     0x8  HMI.o [1]
  .rodata             const    0x0800d6c8     0x8  HMI.o [1]
  .rodata             const    0x0800d6d0     0x8  HMI.o [1]
  .rodata             const    0x0800d6d8     0x8  relay.o [1]
  .rodata             const    0x0800d6e0     0x8  relay.o [1]
  .rodata             const    0x0800d6e8     0x8  relay.o [1]
  .rodata             const    0x0800d6f0     0x8  relay.o [1]
  .rodata             const    0x0800d6f8     0x8  system_stm32f1xx.o [1]
  .rodata             const    0x0800d700     0x8  tasks.o [1]
  .rodata             const    0x0800d708     0x8  timers.o [1]
  .rodata             const    0x0800d710     0x8  timers.o [1]
  .rodata             const    0x0800d718     0x4  freertos.o [1]
  .rodata             const    0x0800d71c     0x4  freertos.o [1]
  .rodata             const    0x0800d720     0x4  heap_4.o [1]
  .rodata             const    0x0800d724     0x4  port.o [1]
  .text               ro code  0x0800d728     0x4  startup_stm32f103xe.o [1]
  .text               ro code  0x0800d72c     0x4  startup_stm32f103xe.o [1]
  .text               ro code  0x0800d730     0x4  startup_stm32f103xe.o [1]
  .text               ro code  0x0800d734     0x4  startup_stm32f103xe.o [1]
  .text               ro code  0x0800d738     0x4  startup_stm32f103xe.o [1]
  .text               ro code  0x0800d73c     0x4  startup_stm32f103xe.o [1]
  .text               ro code  0x0800d740     0x4  startup_stm32f103xe.o [1]
  .text               ro code  0x0800d744     0x4  startup_stm32f103xe.o [1]
  .text               ro code  0x0800d748     0x4  startup_stm32f103xe.o [1]
  .text               ro code  0x0800d74c     0x4  startup_stm32f103xe.o [1]
  .text               ro code  0x0800d750     0x4  startup_stm32f103xe.o [1]
  .text               ro code  0x0800d754     0x4  startup_stm32f103xe.o [1]
  .text               ro code  0x0800d758     0x4  startup_stm32f103xe.o [1]
  .text               ro code  0x0800d75c     0x4  startup_stm32f103xe.o [1]
  .text               ro code  0x0800d760     0x4  startup_stm32f103xe.o [1]
  .text               ro code  0x0800d764     0x4  startup_stm32f103xe.o [1]
  .text               ro code  0x0800d768     0x4  startup_stm32f103xe.o [1]
  .text               ro code  0x0800d76c     0x4  startup_stm32f103xe.o [1]
  .text               ro code  0x0800d770     0x4  startup_stm32f103xe.o [1]
  .text               ro code  0x0800d774     0x4  startup_stm32f103xe.o [1]
  .text               ro code  0x0800d778     0x4  startup_stm32f103xe.o [1]
  .text               ro code  0x0800d77c     0x4  startup_stm32f103xe.o [1]
  .text               ro code  0x0800d780     0x4  startup_stm32f103xe.o [1]
  .text               ro code  0x0800d784     0x4  startup_stm32f103xe.o [1]
  .text               ro code  0x0800d788     0x4  startup_stm32f103xe.o [1]
  .text               ro code  0x0800d78c     0x4  startup_stm32f103xe.o [1]
  .text               ro code  0x0800d790     0x4  startup_stm32f103xe.o [1]
  .text               ro code  0x0800d794     0x4  startup_stm32f103xe.o [1]
  .text               ro code  0x0800d798     0x4  startup_stm32f103xe.o [1]
  .text               ro code  0x0800d79c     0x4  startup_stm32f103xe.o [1]
  .text               ro code  0x0800d7a0     0x4  startup_stm32f103xe.o [1]
  .text               ro code  0x0800d7a4     0x4  startup_stm32f103xe.o [1]
  .text               ro code  0x0800d7a8     0x4  startup_stm32f103xe.o [1]
  .text               ro code  0x0800d7ac     0x4  startup_stm32f103xe.o [1]
  .text               ro code  0x0800d7b0     0x4  startup_stm32f103xe.o [1]
  .text               ro code  0x0800d7b4     0x4  startup_stm32f103xe.o [1]
  .text               ro code  0x0800d7b8     0x4  startup_stm32f103xe.o [1]
  .text               ro code  0x0800d7bc     0x4  startup_stm32f103xe.o [1]
  .text               ro code  0x0800d7c0     0x4  startup_stm32f103xe.o [1]
  .text               ro code  0x0800d7c4     0x4  startup_stm32f103xe.o [1]
  .text               ro code  0x0800d7c8     0x4  startup_stm32f103xe.o [1]
  .text               ro code  0x0800d7cc     0x4  startup_stm32f103xe.o [1]
  .text               ro code  0x0800d7d0     0x4  startup_stm32f103xe.o [1]
  .text               ro code  0x0800d7d4     0x4  startup_stm32f103xe.o [1]
  .text               ro code  0x0800d7d8     0x4  startup_stm32f103xe.o [1]
  .text               ro code  0x0800d7dc     0x4  startup_stm32f103xe.o [1]
  .text               ro code  0x0800d7e0     0x4  startup_stm32f103xe.o [1]
  .text               ro code  0x0800d7e4     0x4  startup_stm32f103xe.o [1]
  .text               ro code  0x0800d7e8     0x4  startup_stm32f103xe.o [1]
  .text               ro code  0x0800d7ec     0x4  startup_stm32f103xe.o [1]
  .rodata             const    0x0800d7f0     0x0  zero_init3.o [5]
  .rodata             const    0x0800d7f0     0x0  lz77_init_single.o [5]
  Initializer bytes   const    0x0800d7f0   0x379  <for P2-1>
                             - 0x0800db69  0xda39

"P2", part 1 of 3:                          0x89a
  P2-1                         0x20000000   0x89a  <Init block>
    .data             inited   0x20000000    0x48  Alarm.o [1]
    .data             inited   0x20000048    0x28  board.o [1]
    .data             inited   0x20000070     0xc  CRC_JIAMI.o [1]
    .data             inited   0x2000007c     0xc  CRC_JIAMI.o [1]
    .data             inited   0x20000088    0x20  CRC_JIAMI.o [1]
    .data             inited   0x200000a8     0x4  DataTransfer.o [1]
    .data             inited   0x200000ac    0x20  DataTransfer.o [1]
    .data             inited   0x200000cc    0x34  DeviceModule.o [1]
    .data             inited   0x20000100    0x48  DS1307.o [1]
    .data             inited   0x20000148   0x3fc  HMI.o [1]
    .data             inited   0x20000544    0x2c  Key.o [1]
    .data             inited   0x20000570    0x48  Key.o [1]
    .data             inited   0x200005b8     0x4  port.o [1]
    .data             inited   0x200005bc    0x38  relay.o [1]
    .data             inited   0x200005f4     0x8  relay.o [1]
    .data             inited   0x200005fc    0x48  relay.o [1]
    .data             inited   0x20000644    0x10  RF4463.o [1]
    .data             inited   0x20000654    0x48  RF4463.o [1]
    .data             inited   0x2000069c    0x20  SerialDriver.o [1]
    .data             inited   0x200006bc    0x48  SHT2x.o [1]
    .data             inited   0x20000704     0x4  system_stm32f1xx.o [1]
    .data             inited   0x20000708    0x48  UsartDriver.o [1]
    .data             inited   0x20000750    0x48  UsartDriver.o [1]
    __DLIB_PERTHREAD  inited   0x20000798    0x88  localeconv.o [3]
    __DLIB_PERTHREAD  inited   0x20000820     0x4  errno.o [3]
    __DLIB_PERTHREAD  inited   0x20000824    0x74  setlocale.o [3]
    .data             inited   0x20000898     0x1  HMI.o [1]
    .data             inited   0x20000899     0x1  RF4463.o [1]
                             - 0x2000089a   0x89a

"P2", part 2 of 3:                         0x2000
  CSTACK                       0x200008a0  0x1000  <Block>
    CSTACK            uninit   0x200008a0  0x1000  <Block tail>
  HEAP                         0x200018a0  0x1000  <Block>
    HEAP              uninit   0x200018a0  0x1000  <Block tail>
                             - 0x200028a0  0x2000

"P2", part 3 of 3:                         0x8d18
  .bss                zero     0x200028a0  0x7800  heap_4.o [1]
  .bss                zero     0x2000a0a0   0x7a0  board.o [1]
  .bss                zero     0x2000a840   0x280  tasks.o [1]
  .bss                zero     0x2000aac0   0x1b8  board.o [1]
  .bss                zero     0x2000ac78   0x128  UsartDriver.o [1]
  .bss                zero     0x2000ada0    0xa0  SerialDriver.o [1]
  .bss                zero     0x2000ae40    0x68  UsartDriver.o [1]
  .bss                zero     0x2000aea8    0x60  sdio.o [1]
  .bss                zero     0x2000af08    0x58  spi.o [1]
  .bss                zero     0x2000af60    0x58  spi.o [1]
  .bss                zero     0x2000afb8    0x40  can.o [1]
  .bss                zero     0x2000aff8    0x40  DataTransfer.o [1]
  .bss                zero     0x2000b038    0x40  DataTransfer.o [1]
  .bss                zero     0x2000b078    0x40  Gizwits.o [1]
  .bss                zero     0x2000b0b8    0x40  Gizwits.o [1]
  .bss                zero     0x2000b0f8    0x40  queue.o [1]
  .bss                zero     0x2000b138    0x40  usart.o [1]
  .bss                zero     0x2000b178    0x40  UsartDriver.o [1]
  .bss                zero     0x2000b1b8    0x40  UsartDriver.o [1]
  .bss                zero     0x2000b1f8    0x3c  stm32f1xx_hal_timebase_TIM.o [1]
  .bss                zero     0x2000b234    0x3c  tim.o [1]
  .bss                zero     0x2000b270    0x3c  tim.o [1]
  .bss                zero     0x2000b2ac    0x3c  tim.o [1]
  .bss                zero     0x2000b2e8    0x3c  tim.o [1]
  .bss                zero     0x2000b324    0x3c  tim.o [1]
  .bss                zero     0x2000b360    0x3c  tim.o [1]
  .bss                zero     0x2000b39c    0x30  adc.o [1]
  .bss                zero     0x2000b3cc    0x2c  Alarm.o [1]
  .bss                zero     0x2000b3f8    0x20  relay.o [1]
  .bss                zero     0x2000b418    0x1c  SHT2x.o [1]
  .bss                zero     0x2000b434    0x14  dac.o [1]
  .bss                zero     0x2000b448    0x14  tasks.o [1]
  .bss                zero     0x2000b45c    0x14  tasks.o [1]
  .bss                zero     0x2000b470    0x14  tasks.o [1]
  .bss                zero     0x2000b484    0x14  tasks.o [1]
  .bss                zero     0x2000b498    0x14  tasks.o [1]
  .bss                zero     0x2000b4ac    0x14  timers.o [1]
  .bss                zero     0x2000b4c0    0x14  timers.o [1]
  .bss                zero     0x2000b4d4    0x10  iwdg.o [1]
  .bss                zero     0x2000b4e4     0xc  relay.o [1]
  .bss                zero     0x2000b4f0     0x8  DS1307.o [1]
  .bss                zero     0x2000b4f8     0x8  heap_4.o [1]
  .bss                zero     0x2000b500     0x8  xxmemxmalloc.o [3]
  .bss                zero     0x2000b508     0x4  freertos.o [1]
  .bss                zero     0x2000b50c     0x4  freertos.o [1]
  .bss                zero     0x2000b510     0x4  freertos.o [1]
  .bss                zero     0x2000b514     0x4  freertos.o [1]
  .bss                zero     0x2000b518     0x4  freertos.o [1]
  .bss                zero     0x2000b51c     0x4  freertos.o [1]
  .bss                zero     0x2000b520     0x4  freertos.o [1]
  .bss                zero     0x2000b524     0x4  freertos.o [1]
  .bss                zero     0x2000b528     0x4  freertos.o [1]
  .bss                zero     0x2000b52c     0x4  freertos.o [1]
  .bss                zero     0x2000b530     0x4  freertos.o [1]
  .bss                zero     0x2000b534     0x4  freertos.o [1]
  .bss                zero     0x2000b538     0x4  heap_4.o [1]
  .bss                zero     0x2000b53c     0x4  heap_4.o [1]
  .bss                zero     0x2000b540     0x4  heap_4.o [1]
  .bss                zero     0x2000b544     0x4  heap_4.o [1]
  .bss                zero     0x2000b548     0x4  port.o [1]
  .bss                zero     0x2000b54c     0x4  port.o [1]
  .bss                zero     0x2000b550     0x4  port.o [1]
  .bss                zero     0x2000b554     0x4  port.o [1]
  .bss                zero     0x2000b558     0x4  RF4463.o [1]
  .bss                zero     0x2000b55c     0x4  RF4463.o [1]
  .bss                zero     0x2000b560     0x4  stm32f1xx_hal.o [1]
  .bss                zero     0x2000b564     0x4  tasks.o [1]
  .bss                zero     0x2000b568     0x4  tasks.o [1]
  .bss                zero     0x2000b56c     0x4  tasks.o [1]
  .bss                zero     0x2000b570     0x4  tasks.o [1]
  .bss                zero     0x2000b574     0x4  tasks.o [1]
  .bss                zero     0x2000b578     0x4  tasks.o [1]
  .bss                zero     0x2000b57c     0x4  tasks.o [1]
  .bss                zero     0x2000b580     0x4  tasks.o [1]
  .bss                zero     0x2000b584     0x4  tasks.o [1]
  .bss                zero     0x2000b588     0x4  tasks.o [1]
  .bss                zero     0x2000b58c     0x4  tasks.o [1]
  .bss                zero     0x2000b590     0x4  tasks.o [1]
  .bss                zero     0x2000b594     0x4  tasks.o [1]
  .bss                zero     0x2000b598     0x4  tasks.o [1]
  .bss                zero     0x2000b59c     0x4  timers.o [1]
  .bss                zero     0x2000b5a0     0x4  timers.o [1]
  .bss                zero     0x2000b5a4     0x4  timers.o [1]
  .bss                zero     0x2000b5a8     0x4  timers.o [1]
  .bss                zero     0x2000b5ac     0x4  xgetmemchunk.o [3]
  .bss                zero     0x2000b5b0     0x2  freertos.o [1]
  .bss                zero     0x2000b5b2     0x1  port.o [1]
  .bss                zero     0x2000b5b3     0x1  RF4463.o [1]
  .bss                zero     0x2000b5b4     0x1  SerialDriver.o [1]
  .bss                zero     0x2000b5b5     0x1  stm32f1xx_hal_spi_ex.o [1]
  .bss                zero     0x2000b5b6     0x1  UsartDriver.o [1]
  .bss                zero     0x2000b5b7     0x1  UsartDriver.o [1]
                             - 0x2000b5b8  0x8d18


*******************************************************************************
*** INIT TABLE
***

          Address     Size
          -------     ----
Zero (__iar_zero_init3)
    1 destination range, total size 0x8d18:
          0x200028a0  0x8d18

Copy/lz77 (__iar_lz77_init_single3)
    1 source range, total size 0x379 (40% of destination):
          0x0800d7f0   0x379
    1 destination range, total size 0x89a:
          0x20000000   0x89a



*******************************************************************************
*** MODULE SUMMARY
***

    Module                        ro code  ro data  rw data
    ------                        -------  -------  -------
C:\GitHub\Wireless-control\Project-IAR\EWARM\SmartHouse\Obj: [1]
    Alarm.o                           832       29      116
    CRC_JIAMI.o                       368       22       56
    DS1307.o                        1 540       53       80
    DataTransfer.o                    840       31      164
    DeviceModule.o                    392       21       52
    Gizwits.o                         444       32      128
    HMI.o                           1 600      500    1 021
    Handle.o                          630       64
    Key.o                             860       47      116
    RF4463.o                        1 216       49       98
    SHT2x.o                         1 902       53      100
    SerialDriver.o                  1 452       13      193
    SerialDriver_OS.o                 160
    UsartDriver.o                   1 356       58      674
    adc.o                             156                48
    board.o                           936       24    2 432
    can.o                             272                64
    cmsis_os.o                        516
    dac.o                             144                20
    freertos.o                        792      288       50
    gpio.o                            428
    heap_4.o                          600        4   30 744
    iwdg.o                             52                16
    list.o                            158
    main.o                            246
    port.o                            844        5       21
    portasm.o                         148
    queue.o                         2 072                64
    relay.o                           608       87      180
    sdio.o                             52                96
    si446x.o                        1 332      364
    spi.o                             472               176
    startup_stm32f103xe.o             520
    stm32f1xx_hal.o                    88                 4
    stm32f1xx_hal_adc.o             1 960
    stm32f1xx_hal_adc_ex.o              2
    stm32f1xx_hal_can.o             1 150
    stm32f1xx_hal_cortex.o            388
    stm32f1xx_hal_dac.o               126
    stm32f1xx_hal_gpio.o            1 156
    stm32f1xx_hal_iwdg.o              232
    stm32f1xx_hal_msp.o               124
    stm32f1xx_hal_rcc.o             2 652       18
    stm32f1xx_hal_rcc_ex.o            324
    stm32f1xx_hal_sd.o                192
    stm32f1xx_hal_spi.o             1 822
    stm32f1xx_hal_spi_ex.o            144                 1
    stm32f1xx_hal_tim.o             1 664
    stm32f1xx_hal_tim_ex.o            168
    stm32f1xx_hal_timebase_TIM.o      148                60
    stm32f1xx_hal_uart.o            1 428
    stm32f1xx_it.o                    220
    system_stm32f1xx.o                104       25        4
    tasks.o                         3 492        8      796
    tim.o                           1 568               360
    timers.o                        1 112       16       56
    usart.o                           344                64
    -------------------------------------------------------
    Total:                         44 548    1 811   38 054

command line: [2]
    -------------------------------------------------------
    Total:

dl7M_tlf.a: [3]
    atoi.o                              8
    div.o                              14
    errno.o                            12        2        4
    exit.o                              4
    isxxx.o                            20
    localeconv.o                      108       55      136
    low_level_init.o                    4
    setlocale.o                        36       47      116
    sprintf.o                          52
    strcat.o                           28
    tolower.o                          20
    xencoding_sb.o                     96
    xgetmemchunk.o                     44                 4
    xlocale_c.o                        32
    xmbcurmax.o                        10
    xmbtowc.o                          32
    xprintffull.o                   4 454
    xsprout.o                          10
    xstoul.o                          408
    xtls.o                              2
    xwctomb.o                          26
    xxmemxfree.o                      128
    xxmemxmalloc.o                    176                 8
    -------------------------------------------------------
    Total:                          5 724      104      268

m7M_tl.a: [4]
    DblAdd.o                          232
    DblCmpGe.o                         46
    DblCmpLe.o                         46
    DblDiv.o                          598
    DblMul.o                          418
    DblSub.o                          384
    DblToFlt.o                        144
    DblToI32.o                         88
    FltAdd.o                          116
    FltSub.o                          230
    FltToDbl.o                         78
    I32ToDbl.o                         48
    I32ToFlt.o                         30
    xdnorm.o                           66
    xdscale.o                         268
    -------------------------------------------------------
    Total:                          2 792

rt7M_tl.a: [5]
    ABImemclr4.o                        6
    ABImemcpy_unaligned.o             118
    ABImemset.o                       102
    ABImemset48.o                      50
    I64DivMod.o                       238
    I64DivZer.o                         2
    cexit.o                            10
    cmain.o                            26
    cstartup_M.o                       12
    data_init.o                        40
    lz77_init_single.o                118
    memchr.o                           88
    strchr.o                           22
    strcmp_unaligned.o                 66
    strcpy_unaligned.o                 68
    strlen.o                           54
    zero_init3.o                       64
    -------------------------------------------------------
    Total:                          1 084

shb_l.a: [6]
    exit.o                             20
    -------------------------------------------------------
    Total:                             20

    Gaps                               54
    Linker created                              32    8 192
-----------------------------------------------------------
    Grand Total:                   54 222    1 947   46 514


*******************************************************************************
*** ENTRY LIST
***

Entry                      Address    Size  Type      Object
-----                      -------    ----  ----      ------
.iar.init_table$$Base   0x0800d414           --   Gb  - Linker created -
.iar.init_table$$Limit  0x0800d434           --   Gb  - Linker created -
?main                   0x0800d451          Code  Gb  cmain.o [5]
ADC1_2_IRQHandler       0x0800d1b1     0xa  Code  Gb  stm32f1xx_it.o [1]
ADC_ConversionStop_Disable
                        0x08008a75    0x4a  Code  Gb  stm32f1xx_hal_adc.o [1]
ADC_Enable              0x080089d7    0x6e  Code  Gb  stm32f1xx_hal_adc.o [1]
ADC_Key                 0x20000544    0x2c  Data  Lc  Key.o [1]
ADC_KeyGetKey           0x08008b5d    0xe8  Code  Gb  Key.o [1]
AHBPrescTable           0x0800d5d8    0x10  Data  Gb  system_stm32f1xx.o [1]
AHT2xData               0x2000b418    0x1c  Data  Lc  SHT2x.o [1]
APBPrescTable           0x0800d6f8     0x8  Data  Gb  system_stm32f1xx.o [1]
AddPrivateBuf           0x08004e7b    0x16  Code  Gb  DeviceModule.o [1]
Alarm                   0x20000000    0x48  Data  Gb  Alarm.o [1]
AlarmMutex              0x2000b52c     0x4  Data  Gb  freertos.o [1]
Alarm_close             0x0800cd97    0x30  Code  Lc  Alarm.o [1]
Alarm_command           0x0800cde3    0x20  Code  Lc  Alarm.o [1]
Alarm_detect            0x0800cdc7    0x1c  Code  Lc  Alarm.o [1]
Alarm_gets              0x0800cf0f    0x22  Code  Lc  Alarm.o [1]
Alarm_open              0x0800ccfd    0x9a  Code  Lc  Alarm.o [1]
Alarm_puts              0x0800cecb    0x44  Code  Lc  Alarm.o [1]
Alarm_set               0x0800ce03    0xc8  Code  Lc  Alarm.o [1]
Alarm_timing_process    0x0800cf31    0xf2  Code  Lc  Alarm.o [1]
BSP_SPI_ExchangeByte    0x0800c323    0x12  Code  Gb  si446x.o [1]
BackGroundTask_1        0x080037e1    0x2e  Code  Gb  freertos.o [1]
BackGroundTask_1_Handle
                        0x2000b508     0x4  Data  Gb  freertos.o [1]
BackGroundTask_2        0x0800380f     0xc  Code  Gb  freertos.o [1]
BackGroundTask_2_Handle
                        0x2000b50c     0x4  Data  Gb  freertos.o [1]
CAN1_RX1_IRQHandler     0x0800d1cf     0xa  Code  Gb  stm32f1xx_it.o [1]
CAN1_SCE_IRQHandler     0x0800d1d9     0xa  Code  Gb  stm32f1xx_it.o [1]
CAN_Receive_IT          0x0800811b   0x17c  Code  Lc  stm32f1xx_hal_can.o [1]
CAN_Transmit_IT         0x080080d7    0x44  Code  Lc  stm32f1xx_hal_can.o [1]
CRC16CCITT_Table        0x20000088    0x20  Data  Gb  CRC_JIAMI.o [1]
CRC16Ccitt              0x0800a2cd    0x62  Code  Gb  CRC_JIAMI.o [1]
CRC16Table_SerialDriver
                        0x2000069c    0x20  Data  Gb  SerialDriver.o [1]
CRC16_SerialDriver      0x0800b085    0x72  Code  Lc  SerialDriver.o [1]
CRC_JIAMI               0x0800a33d    0x3e  Code  Gb  CRC_JIAMI.o [1]
CRC_JIEMI               0x0800a37b    0x3a  Code  Gb  CRC_JIAMI.o [1]
CSTACK$$Base            0x200008a0           --   Gb  - Linker created -
CSTACK$$Limit           0x200018a0           --   Gb  - Linker created -
CheckReceive            0x08009f7d    0x1c  Code  Gb  DataTransfer.o [1]
CurPageID               0x20000898     0x1  Data  Gb  HMI.o [1]
DS1307                  0x20000100    0x48  Data  Gb  DS1307.o [1]
DS1307Task              0x0800ac0d    0x76  Code  Lc  DS1307.o [1]
DS1307Time              0x2000b4f0     0x8  Data  Gb  DS1307.o [1]
DS1307_Delay            0x0800ad3d    0x1a  Code  Lc  DS1307.o [1]
DS1307_GetTime          0x0800ac83    0xba  Code  Lc  DS1307.o [1]
DS1307_I2cNoAcknowledge
                        0x0800ae73    0x3c  Code  Lc  DS1307.o [1]
DS1307_I2cReadByte      0x0800aeaf    0x7c  Code  Lc  DS1307.o [1]
DS1307_I2cStartCondition
                        0x0800ade3    0x48  Code  Lc  DS1307.o [1]
DS1307_I2cStopCondition
                        0x0800ae2b    0x48  Code  Lc  DS1307.o [1]
DS1307_I2cWriteByte     0x0800af2b    0xb4  Code  Lc  DS1307.o [1]
DS1307_Init             0x0800ad57    0x36  Code  Lc  DS1307.o [1]
DS1307_SCL_OUTPUT       0x0800ad8d    0x1e  Code  Lc  DS1307.o [1]
DS1307_SDA_INPUT        0x0800adc9    0x1a  Code  Lc  DS1307.o [1]
DS1307_SDA_OUTPUT       0x0800adab    0x1e  Code  Lc  DS1307.o [1]
DS1307_close            0x0800aabb    0x26  Code  Lc  DS1307.o [1]
DS1307_command          0x0800ab01    0x24  Code  Lc  DS1307.o [1]
DS1307_detect           0x0800aae1    0x20  Code  Lc  DS1307.o [1]
DS1307_gets             0x0800abdb    0x32  Code  Lc  DS1307.o [1]
DS1307_open             0x0800aa81    0x3a  Code  Lc  DS1307.o [1]
DS1307_puts             0x0800abb5    0x26  Code  Lc  DS1307.o [1]
DS1307_set              0x0800ab25    0x90  Code  Lc  DS1307.o [1]
DeviceList              0x2000aac0   0x1b8  Data  Gb  board.o [1]
Error_Handler           0x08007255     0x2  Code  Gb  main.o [1]
GetRelayState           0x0800a635    0x56  Code  Gb  relay.o [1]
GizwitsExecDirective    0x080047cd    0xde  Code  Gb  Gizwits.o [1]
GizwitsInit             0x080047c1     0xc  Code  Gb  Gizwits.o [1]
GizwitsRecv             0x0800490d    0x3c  Code  Gb  Gizwits.o [1]
GizwitsSend             0x080048ab    0x62  Code  Gb  Gizwits.o [1]
GizwitsTimingProcess    0x08004949    0x10  Code  Gb  Gizwits.o [1]
HAL_ADCEx_InjectedConvCpltCallback
                        0x08008eb9     0x2  Code  Wk  stm32f1xx_hal_adc_ex.o [1]
HAL_ADC_ConfigChannel   0x0800883f   0x198  Code  Gb  stm32f1xx_hal_adc.o [1]
HAL_ADC_ConvCpltCallback
                        0x08008c45    0x12  Code  Gb  Key.o [1]
HAL_ADC_DeInit          0x080084a3   0x10a  Code  Gb  stm32f1xx_hal_adc.o [1]
HAL_ADC_GetValue        0x08008731     0x6  Code  Gb  stm32f1xx_hal_adc.o [1]
HAL_ADC_IRQHandler      0x08008737   0x106  Code  Gb  stm32f1xx_hal_adc.o [1]
HAL_ADC_Init            0x08008319   0x18a  Code  Gb  stm32f1xx_hal_adc.o [1]
HAL_ADC_LevelOutOfWindowCallback
                        0x0800883d     0x2  Code  Wk  stm32f1xx_hal_adc.o [1]
HAL_ADC_MspDeInit       0x08008b1b    0x30  Code  Gb  adc.o [1]
HAL_ADC_MspInit         0x08008ac1    0x5a  Code  Gb  adc.o [1]
HAL_ADC_Start_IT        0x080085ad   0x13a  Code  Gb  stm32f1xx_hal_adc.o [1]
HAL_ADC_Stop_IT         0x080086e7    0x4a  Code  Gb  stm32f1xx_hal_adc.o [1]
HAL_CAN_ErrorCallback   0x080080d5     0x2  Code  Wk  stm32f1xx_hal_can.o [1]
HAL_CAN_IRQHandler      0x08007f4b   0x178  Code  Gb  stm32f1xx_hal_can.o [1]
HAL_CAN_Init            0x08007e19   0x132  Code  Gb  stm32f1xx_hal_can.o [1]
HAL_CAN_MspInit         0x08007b29    0x9e  Code  Gb  can.o [1]
HAL_CAN_RxCpltCallback  0x080080d3     0x2  Code  Wk  stm32f1xx_hal_can.o [1]
HAL_CAN_TxCpltCallback  0x080080d1     0x2  Code  Wk  stm32f1xx_hal_can.o [1]
HAL_DAC_ConfigChannel   0x080082c5    0x52  Code  Gb  stm32f1xx_hal_dac.o [1]
HAL_DAC_Init            0x08008299    0x2c  Code  Gb  stm32f1xx_hal_dac.o [1]
HAL_DAC_MspInit         0x08007c23    0x3a  Code  Gb  dac.o [1]
HAL_Delay               0x08004d59    0x1a  Code  Wk  stm32f1xx_hal.o [1]
HAL_GPIO_DeInit         0x08005727   0x138  Code  Gb  stm32f1xx_hal_gpio.o [1]
HAL_GPIO_Init           0x08005451   0x2d6  Code  Gb  stm32f1xx_hal_gpio.o [1]
HAL_GPIO_ReadPin        0x0800585f    0x18  Code  Gb  stm32f1xx_hal_gpio.o [1]
HAL_GPIO_WritePin       0x08005877    0x14  Code  Gb  stm32f1xx_hal_gpio.o [1]
HAL_GetTick             0x08004d53     0x6  Code  Wk  stm32f1xx_hal.o [1]
HAL_IWDG_Init           0x080046d9    0x64  Code  Gb  stm32f1xx_hal_iwdg.o [1]
HAL_IWDG_MspInit        0x0800473d     0x2  Code  Wk  stm32f1xx_hal_iwdg.o [1]
HAL_IWDG_Refresh        0x0800476f    0x52  Code  Gb  stm32f1xx_hal_iwdg.o [1]
HAL_IWDG_Start          0x0800473f    0x30  Code  Gb  stm32f1xx_hal_iwdg.o [1]
HAL_IncTick             0x08004d47     0xc  Code  Wk  stm32f1xx_hal.o [1]
HAL_Init                0x08004d25    0x22  Code  Gb  stm32f1xx_hal.o [1]
HAL_InitTick            0x08005135    0x82  Code  Gb  stm32f1xx_hal_timebase_TIM.o [1]
HAL_MspInit             0x080051c9    0x7c  Code  Gb  stm32f1xx_hal_msp.o [1]
HAL_NVIC_DisableIRQ     0x080050d5     0xe  Code  Gb  stm32f1xx_hal_cortex.o [1]
HAL_NVIC_EnableIRQ      0x080050c7     0xe  Code  Gb  stm32f1xx_hal_cortex.o [1]
HAL_NVIC_SetPriority    0x080050a1    0x26  Code  Gb  stm32f1xx_hal_cortex.o [1]
HAL_NVIC_SetPriorityGrouping
                        0x08005095     0xc  Code  Gb  stm32f1xx_hal_cortex.o [1]
HAL_RCCEx_PeriphCLKConfig
                        0x08007cd5   0x12c  Code  Gb  stm32f1xx_hal_rcc_ex.o [1]
HAL_RCC_ClockConfig     0x080066dd   0x228  Code  Gb  stm32f1xx_hal_rcc.o [1]
HAL_RCC_GetClockConfig  0x080069d5    0x3a  Code  Gb  stm32f1xx_hal_rcc.o [1]
HAL_RCC_GetHCLKFreq     0x0800698f     0x6  Code  Gb  stm32f1xx_hal_rcc.o [1]
HAL_RCC_GetPCLK1Freq    0x08006995    0x20  Code  Gb  stm32f1xx_hal_rcc.o [1]
HAL_RCC_GetPCLK2Freq    0x080069b5    0x20  Code  Gb  stm32f1xx_hal_rcc.o [1]
HAL_RCC_GetSysClockFreq
                        0x08006905    0x8a  Code  Gb  stm32f1xx_hal_rcc.o [1]
HAL_RCC_OscConfig       0x08005ff5   0x6e8  Code  Gb  stm32f1xx_hal_rcc.o [1]
HAL_SD_IRQHandler       0x0800d285    0xb6  Code  Gb  stm32f1xx_hal_sd.o [1]
HAL_SD_XferCpltCallback
                        0x0800d33b     0x2  Code  Wk  stm32f1xx_hal_sd.o [1]
HAL_SD_XferErrorCallback
                        0x0800d33d     0x2  Code  Wk  stm32f1xx_hal_sd.o [1]
HAL_SPI_DeInit          0x080058d5    0x38  Code  Gb  stm32f1xx_hal_spi.o [1]
HAL_SPI_ErrorCallback   0x08005eff     0x2  Code  Wk  stm32f1xx_hal_spi.o [1]
HAL_SPI_IRQHandler      0x08005e35    0xca  Code  Gb  stm32f1xx_hal_spi.o [1]
HAL_SPI_Init            0x080070d1    0x8c  Code  Gb  stm32f1xx_hal_spi_ex.o [1]
HAL_SPI_MspDeInit       0x080053e1    0x4e  Code  Gb  spi.o [1]
HAL_SPI_MspInit         0x08005335    0xac  Code  Gb  spi.o [1]
HAL_SPI_Transmit        0x0800590d   0x1cc  Code  Gb  stm32f1xx_hal_spi.o [1]
HAL_SPI_TransmitReceive
                        0x08005ad9   0x35c  Code  Gb  stm32f1xx_hal_spi.o [1]
HAL_SYSTICK_CLKSourceConfig
                        0x080050ef    0x20  Code  Gb  stm32f1xx_hal_cortex.o [1]
HAL_SYSTICK_Config      0x080050e3     0xc  Code  Gb  stm32f1xx_hal_cortex.o [1]
HAL_TIMEx_BreakCallback
                        0x0800791d     0x2  Code  Wk  stm32f1xx_hal_tim_ex.o [1]
HAL_TIMEx_CommutationCallback
                        0x0800791b     0x2  Code  Wk  stm32f1xx_hal_tim_ex.o [1]
HAL_TIMEx_ConfigBreakDeadTime
                        0x08007879    0x48  Code  Gb  stm32f1xx_hal_tim_ex.o [1]
HAL_TIMEx_MasterConfigSynchronization
                        0x080078c1    0x5a  Code  Gb  stm32f1xx_hal_tim_ex.o [1]
HAL_TIM_Base_Init       0x08006a51    0x38  Code  Gb  stm32f1xx_hal_tim.o [1]
HAL_TIM_Base_MspInit    0x080076d3    0xf0  Code  Gb  tim.o [1]
HAL_TIM_Base_Start_IT   0x08006a89    0x1e  Code  Gb  stm32f1xx_hal_tim.o [1]
HAL_TIM_ConfigClockSource
                        0x08006cc1   0x11e  Code  Gb  stm32f1xx_hal_tim.o [1]
HAL_TIM_IC_CaptureCallback
                        0x08006de1     0x2  Code  Wk  stm32f1xx_hal_tim.o [1]
HAL_TIM_IRQHandler      0x08006adf   0x176  Code  Gb  stm32f1xx_hal_tim.o [1]
HAL_TIM_MspPostInit     0x080077e9    0x4e  Code  Gb  tim.o [1]
HAL_TIM_OC_ConfigChannel
                        0x08006c55    0x6c  Code  Gb  stm32f1xx_hal_tim.o [1]
HAL_TIM_OC_DelayElapsedCallback
                        0x08006ddf     0x2  Code  Wk  stm32f1xx_hal_tim.o [1]
HAL_TIM_OC_Init         0x08006aa7    0x38  Code  Gb  stm32f1xx_hal_tim.o [1]
HAL_TIM_OC_MspInit      0x080077c3    0x26  Code  Gb  tim.o [1]
HAL_TIM_PWM_PulseFinishedCallback
                        0x08006de3     0x2  Code  Wk  stm32f1xx_hal_tim.o [1]
HAL_TIM_PeriodElapsedCallback
                        0x0800723d    0x12  Code  Gb  main.o [1]
HAL_TIM_TriggerCallback
                        0x08006de5     0x2  Code  Wk  stm32f1xx_hal_tim.o [1]
HAL_UART_ErrorCallback  0x0800b953     0x2  Code  Wk  stm32f1xx_hal_uart.o [1]
HAL_UART_IRQHandler     0x0800b839   0x11a  Code  Gb  stm32f1xx_hal_uart.o [1]
HAL_UART_Init           0x0800b6d1    0x70  Code  Gb  stm32f1xx_hal_uart.o [1]
HAL_UART_MspInit        0x0800bc65   0x136  Code  Gb  usart.o [1]
HAL_UART_Receive_IT     0x0800b7b1    0x88  Code  Gb  stm32f1xx_hal_uart.o [1]
HAL_UART_RxCpltCallback
                        0x0800c291    0x2e  Code  Gb  UsartDriver.o [1]
HAL_UART_Transmit_IT    0x0800b741    0x70  Code  Gb  stm32f1xx_hal_uart.o [1]
HAL_UART_TxCpltCallback
                        0x0800c263    0x2e  Code  Gb  UsartDriver.o [1]
HEAP$$Base              0x200018a0           --   Gb  - Linker created -
HEAP$$Limit             0x200028a0           --   Gb  - Linker created -
HMI_ExecInstruction     0x08009c43   0x102  Code  Gb  HMI.o [1]
HMI_SendInstruction     0x08009889    0xe0  Code  Lc  HMI.o [1]
HMI_SetTime             0x08009dd7    0x50  Code  Lc  HMI.o [1]
HMI_SyncTH              0x08009e2d    0x6c  Code  Lc  HMI.o [1]
HMI_Task                0x08009d45    0x92  Code  Gb  HMI.o [1]
HighSpeedDeviceTask_1   0x0800388d    0x5e  Code  Gb  freertos.o [1]
HighSpeedDeviceTask_1_Handle
                        0x2000b510     0x4  Data  Gb  freertos.o [1]
HighSpeedDeviceTask_2   0x080038eb    0x1a  Code  Gb  freertos.o [1]
HighSpeedDeviceTask_2_Handle
                        0x2000b514     0x4  Data  Gb  freertos.o [1]
HighSpeedTimer          0x2000b520     0x4  Data  Gb  freertos.o [1]
HighSpeedTimerTask      0x0800381b    0x70  Code  Gb  freertos.o [1]
InfSetAdd               0x08004bb1    0xba  Code  Gb  board.o [1]
InfSetSearch            0x08004c6b    0x4c  Code  Gb  board.o [1]
InfSet_1                0x2000a0a0   0x7a0  Data  Gb  board.o [1]
JIAMI                   0x0800a245    0x44  Code  Gb  CRC_JIAMI.o [1]
JIAMI_Table             0x20000070     0xc  Data  Gb  CRC_JIAMI.o [1]
JIEMI                   0x0800a289    0x44  Code  Gb  CRC_JIAMI.o [1]
JIEMI_Table             0x2000007c     0xc  Data  Gb  CRC_JIAMI.o [1]
LL_SHT2x_Delay          0x08009111    0x1a  Code  Gb  SHT2x.o [1]
LL_SHT2x_GetSerialNumber
                        0x0800955d    0xce  Code  Gb  SHT2x.o [1]
LL_SHT2x_I2cAcknowledge
                        0x08009267    0x42  Code  Gb  SHT2x.o [1]
LL_SHT2x_I2cNoAcknowledge
                        0x080092a9    0x42  Code  Gb  SHT2x.o [1]
LL_SHT2x_I2cReadByte    0x080092eb    0x74  Code  Gb  SHT2x.o [1]
LL_SHT2x_I2cStartCondition
                        0x080091c7    0x50  Code  Gb  SHT2x.o [1]
LL_SHT2x_I2cStopCondition
                        0x08009217    0x50  Code  Gb  SHT2x.o [1]
LL_SHT2x_I2cWriteByte   0x0800935f    0xa8  Code  Gb  SHT2x.o [1]
LL_SHT2x_Init           0x0800912b    0x40  Code  Gb  SHT2x.o [1]
LL_SHT2x_MeasureHumiPoll
                        0x08009485    0x7e  Code  Gb  SHT2x.o [1]
LL_SHT2x_MeasureTempPoll
                        0x08009407    0x7e  Code  Gb  SHT2x.o [1]
LL_SHT2x_SCL_OUTPUT     0x0800916b    0x20  Code  Gb  SHT2x.o [1]
LL_SHT2x_SDA_INPUT      0x080091ab    0x1c  Code  Gb  SHT2x.o [1]
LL_SHT2x_SDA_OUTPUT     0x0800918b    0x20  Code  Gb  SHT2x.o [1]
LL_SHT2x_SoftReset      0x08009545    0x18  Code  Gb  SHT2x.o [1]
LoadInt                 0x0800077f    0x6e  Code  Lc  xprintffull.o [3]
LowSpeedDeviceTask_1    0x08003905    0x22  Code  Gb  freertos.o [1]
LowSpeedDeviceTask_1_Handle
                        0x2000b51c     0x4  Data  Gb  freertos.o [1]
LowSpeedDeviceTask_2    0x08003927    0x50  Code  Gb  freertos.o [1]
LowSpeedDeviceTask_2_Handle
                        0x2000b518     0x4  Data  Gb  freertos.o [1]
LowSpeedTimer           0x2000b524     0x4  Data  Gb  freertos.o [1]
LowSpeedTimerTask       0x0800388b     0x2  Code  Gb  freertos.o [1]
MX_CAN_Init             0x08007acd    0x5c  Code  Gb  can.o [1]
MX_DAC_Init             0x08007bdd    0x46  Code  Gb  dac.o [1]
MX_FREERTOS_Init        0x080036f1    0xf0  Code  Gb  freertos.o [1]
MX_GPIO_Init            0x08007921   0x1ac  Code  Gb  gpio.o [1]
MX_IWDG_Init            0x08007ca1    0x34  Code  Gb  iwdg.o [1]
MX_SDIO_SD_Init         0x08007c6d    0x2c  Code  Gb  sdio.o [1]
MX_SPI1_Init            0x08005279    0x5e  Code  Gb  spi.o [1]
MX_SPI2_Init            0x080052d7    0x5e  Code  Gb  spi.o [1]
MX_TIM1_Init            0x08007259   0x12a  Code  Gb  tim.o [1]
MX_TIM2_Init            0x08007383    0xe8  Code  Gb  tim.o [1]
MX_TIM4_Init            0x0800746b    0xf8  Code  Gb  tim.o [1]
MX_TIM6_Init            0x08007563    0x56  Code  Gb  tim.o [1]
MX_TIM7_Init            0x080075b9    0x4a  Code  Gb  tim.o [1]
MX_TIM8_Init            0x08007603    0xd0  Code  Gb  tim.o [1]
NVIC_DisableIRQ         0x08004fed    0x14  Code  Lc  stm32f1xx_hal_cortex.o [1]
NVIC_EnableIRQ          0x08004fd9    0x14  Code  Lc  stm32f1xx_hal_cortex.o [1]
NVIC_EncodePriority     0x08005027    0x3e  Code  Lc  stm32f1xx_hal_cortex.o [1]
NVIC_GetPriorityGrouping
                        0x08004fcf     0xa  Code  Lc  stm32f1xx_hal_cortex.o [1]
NVIC_SetPriority        0x08005001    0x26  Code  Lc  stm32f1xx_hal_cortex.o [1]
NVIC_SetPriorityGrouping
                        0x08004fb1    0x1e  Code  Lc  stm32f1xx_hal_cortex.o [1]
PageAll                 0x20000148   0x3fc  Data  Gb  HMI.o [1]
PendSV_Handler          0x08002e0d          Code  Gb  portasm.o [1]
Port_RecvDataIT         0x0800c06b    0x12  Code  Gb  UsartDriver.o [1]
Port_SendDataIT         0x0800c053    0x18  Code  Gb  UsartDriver.o [1]
Port_SerialInit         0x0800c07d     0x4  Code  Gb  UsartDriver.o [1]
PostSleepProcessing     0x080036ef     0x2  Code  Gb  freertos.o [1]
PreSleepProcessing      0x080036ed     0x2  Code  Gb  freertos.o [1]
REPD                    0x200005bc    0x38  Data  Gb  relay.o [1]
RF4463Task              0x0800cc73    0x56  Code  Lc  RF4463.o [1]
RFPD                    0x20000644    0x10  Data  Gb  RF4463.o [1]
RTC_init                0x0800affd    0x10  Code  Lc  DS1307.o [1]
Region$$Table$$Base     0x0800d414           --   Gb  - Linker created -
Region$$Table$$Limit    0x0800d434           --   Gb  - Linker created -
SDIO_IRQHandler         0x0800d233     0xa  Code  Gb  stm32f1xx_it.o [1]
SHT20                   0x200006bc    0x48  Data  Gb  SHT2x.o [1]
SHT2x_Task              0x08009049    0xc6  Code  Gb  SHT2x.o [1]
SI4463Mutex             0x2000b528     0x4  Data  Gb  freertos.o [1]
SI4463_Delay            0x0800c309    0x1a  Code  Gb  si446x.o [1]
SI446X_CHANGE_STATE     0x0800c7ed    0x1a  Code  Gb  si446x.o [1]
SI446X_CMD              0x0800c393    0x52  Code  Gb  si446x.o [1]
SI446X_CONFIG_INIT      0x0800c4d9    0x4c  Code  Gb  si446x.o [1]
SI446X_GET_DEVICE_STATE
                        0x0800c81b    0x22  Code  Gb  si446x.o [1]
SI446X_GPIO_CONFIG      0x0800c799    0x54  Code  Gb  si446x.o [1]
SI446X_INT_STATUS       0x0800c43f    0x38  Code  Gb  si446x.o [1]
SI446X_READ_PACKET      0x0800c651    0x54  Code  Gb  si446x.o [1]
SI446X_READ_RESPONSE    0x0800c3e5    0x5a  Code  Gb  si446x.o [1]
SI446X_RESET            0x0800c4a7    0x32  Code  Gb  si446x.o [1]
SI446X_RX_FIFO_RESET    0x0800c769    0x18  Code  Gb  si446x.o [1]
SI446X_SEND_PACKET      0x0800c525    0xb2  Code  Gb  si446x.o [1]
SI446X_SET_POWER        0x0800c807    0x14  Code  Gb  si446x.o [1]
SI446X_SET_PROPERTY_1   0x0800c477    0x30  Code  Gb  si446x.o [1]
SI446X_START_RX         0x0800c6b9    0xb0  Code  Gb  si446x.o [1]
SI446X_START_TX         0x0800c5d7    0x7a  Code  Gb  si446x.o [1]
SI446X_TX_FIFO_RESET    0x0800c781    0x18  Code  Gb  si446x.o [1]
SI446X_WAIT_CTS         0x0800c335    0x5e  Code  Gb  si446x.o [1]
SPI1_IRQHandler         0x0800d201     0xa  Code  Gb  stm32f1xx_it.o [1]
SPI2_IRQHandler         0x0800d20b     0xa  Code  Gb  stm32f1xx_it.o [1]
SPI_WaitOnFlagUntilTimeout
                        0x08005f01    0xf2  Code  Lc  stm32f1xx_hal_spi.o [1]
SVC_Handler             0x08002e5f          Code  Gb  portasm.o [1]
SaveHMIValue            0x08009969   0x1ba  Code  Lc  HMI.o [1]
SerialInit_Basic        0x0800b0f7    0x48  Code  Gb  SerialDriver.o [1]
SerialInit_OS           0x0800b631    0x18  Code  Gb  SerialDriver_OS.o [1]
SerialNotify            0x0800b459    0x7a  Code  Lc  SerialDriver.o [1]
SerialNotifyHook        0x0800b6c3     0xe  Code  Gb  SerialDriver_OS.o [1]
SerialRecvProcessIT     0x0800b353   0x106  Code  Gb  SerialDriver.o [1]
SerialRecv_Basic        0x0800b2ef    0x64  Code  Gb  SerialDriver.o [1]
SerialRecv_OS           0x0800b681    0x42  Code  Gb  SerialDriver_OS.o [1]
SerialSendProcessIT     0x0800b21b    0xd4  Code  Gb  SerialDriver.o [1]
SerialSend_Basic        0x0800b13f    0xdc  Code  Gb  SerialDriver.o [1]
SerialSend_OS           0x0800b649    0x38  Code  Gb  SerialDriver_OS.o [1]
SerialTCB_Usart2        0x2000ac78   0x128  Data  Lc  UsartDriver.o [1]
SuspendList             0x2000ada0    0xa0  Data  Gb  SerialDriver.o [1]
SuspendListAdd          0x0800b4d3    0xba  Code  Lc  SerialDriver.o [1]
SuspendListCheck        0x0800b58d    0x96  Code  Lc  SerialDriver.o [1]
SyncPage                0x08009b23   0x120  Code  Lc  HMI.o [1]
SysTick_Config          0x08005065    0x30  Code  Lc  stm32f1xx_hal_cortex.o [1]
SysTick_Handler         0x0800d1a9     0x8  Code  Gb  stm32f1xx_it.o [1]
SystemClock_Config      0x080071a9    0x94  Code  Gb  main.o [1]
SystemCoreClock         0x20000704     0x4  Data  Gb  system_stm32f1xx.o [1]
SystemInit              0x0800d345    0x4e  Code  Gb  system_stm32f1xx.o [1]
TIM1_UP_IRQHandler      0x0800d1e3     0xa  Code  Gb  stm32f1xx_it.o [1]
TIM2_IRQHandler         0x0800d1ed     0xa  Code  Gb  stm32f1xx_it.o [1]
TIM3_IRQHandler         0x0800d1f7     0xa  Code  Gb  stm32f1xx_it.o [1]
TIM6_IRQHandler         0x0800d23d     0xa  Code  Gb  stm32f1xx_it.o [1]
TIM7_IRQHandler         0x0800d247     0xa  Code  Gb  stm32f1xx_it.o [1]
TIM_Base_SetConfig      0x08006de7    0x88  Code  Gb  stm32f1xx_hal_tim.o [1]
TIM_ETR_SetConfig       0x080070b5    0x1c  Code  Lc  stm32f1xx_hal_tim.o [1]
TIM_ITRx_SetConfig      0x0800709f    0x16  Code  Lc  stm32f1xx_hal_tim.o [1]
TIM_OC1_SetConfig       0x08006e6f    0x72  Code  Lc  stm32f1xx_hal_tim.o [1]
TIM_OC2_SetConfig       0x08006ee1    0x7c  Code  Gb  stm32f1xx_hal_tim.o [1]
TIM_OC3_SetConfig       0x08006f5d    0x7a  Code  Lc  stm32f1xx_hal_tim.o [1]
TIM_OC4_SetConfig       0x08006fd7    0x58  Code  Lc  stm32f1xx_hal_tim.o [1]
TIM_TI1_ConfigInputStage
                        0x08007045    0x2c  Code  Lc  stm32f1xx_hal_tim.o [1]
TIM_TI2_ConfigInputStage
                        0x08007071    0x2e  Code  Lc  stm32f1xx_hal_tim.o [1]
TempRx                  0x2000b5b4     0x1  Data  Lc  SerialDriver.o [1]
U2PD                    0x2000ae40    0x68  Data  Lc  UsartDriver.o [1]
UART_EndTransmit_IT     0x0800b9cf    0x30  Code  Lc  stm32f1xx_hal_uart.o [1]
UART_Receive_IT         0x0800b9ff    0xc4  Code  Lc  stm32f1xx_hal_uart.o [1]
UART_SetConfig          0x0800bac3   0x198  Code  Lc  stm32f1xx_hal_uart.o [1]
UART_Transmit_IT        0x0800b955    0x7a  Code  Lc  stm32f1xx_hal_uart.o [1]
USART1_IRQHandler       0x0800d215     0xa  Code  Gb  stm32f1xx_it.o [1]
USART2_IRQHandler       0x0800d21f     0xa  Code  Gb  stm32f1xx_it.o [1]
USART3_IRQHandler       0x0800d229     0xa  Code  Gb  stm32f1xx_it.o [1]
USB_HP_CAN1_TX_IRQHandler
                        0x0800d1bb     0xa  Code  Gb  stm32f1xx_it.o [1]
USB_LP_CAN1_RX0_IRQHandler
                        0x0800d1c5     0xa  Code  Gb  stm32f1xx_it.o [1]
Usart2RxMutex           0x2000b534     0x4  Data  Gb  freertos.o [1]
Usart2TxMutex           0x2000b530     0x4  Data  Gb  freertos.o [1]
_EncodingSb_Mbtowc      0x08001f07    0x30  Code  Gb  xencoding_sb.o [3]
_EncodingSb_Wctomb      0x08001eed    0x1a  Code  Gb  xencoding_sb.o [3]
_GenldFull              0x08001003   0x24c  Code  Lc  xprintffull.o [3]
_IsdstStr               0x20000828     0x4  Data  Gb  setlocale.o [3]
_LdtobFull              0x08000c01   0x3fc  Code  Lc  xprintffull.o [3]
_LitobFull              0x08000af9   0x106  Code  Lc  xprintffull.o [3]
_LocaleC_isspace        0x0800aa61    0x14  Code  Gb  xlocale_c.o [3]
_LocaleC_tolower        0x0800aa75     0xc  Code  Gb  xlocale_c.o [3]
_LocaleEncoding         0x08001edb     0xe  Code  Gb  setlocale.o [3]
_LocaleForCat           0x08001ec9    0x12  Code  Gb  setlocale.o [3]
_LocaleReturnString     0x20000848    0x50  Data  Lc  setlocale.o [3]
_Locale_Profile         0x2000082c    0x1c  Data  Gb  setlocale.o [3]
_Locale_aeabi_lconv     0x200007e8    0x38  Data  Gb  localeconv.o [3]
_Locale_lconv           0x20000798    0x50  Data  Gb  localeconv.o [3]
_Mbtowc                 0x08001297    0x20  Code  Gb  xmbtowc.o [3]
_PrintfFull             0x08000131   0x638  Code  Gb  xprintffull.o [3]
_PutcharsFull           0x0800124f    0x2e  Code  Lc  xprintffull.o [3]
_PutstrFull             0x080007ed   0x306  Code  Lc  xprintffull.o [3]
_SProut                 0x08001343     0xa  Code  Gb  xsprout.o [3]
_TzoneStr               0x20000824     0x4  Data  Gb  setlocale.o [3]
_Wctomb                 0x08001499    0x1a  Code  Gb  xwctomb.o [3]
__aeabi_cdcmple         0x080016dd          Code  Gb  DblCmpLe.o [4]
__aeabi_cdrcmple        0x0800170d          Code  Gb  DblCmpGe.o [4]
__aeabi_d2f             0x08009785          Code  Gb  DblToFlt.o [4]
__aeabi_d2iz            0x08001849          Code  Gb  DblToI32.o [4]
__aeabi_d2uiz           0x08001875          Code  Gb  DblToI32.o [4]
__aeabi_dadd            0x08001f7d          Code  Gb  DblAdd.o [4]
__aeabi_ddiv            0x08001bf5          Code  Gb  DblDiv.o [4]
__aeabi_dmul            0x08001a51          Code  Gb  DblMul.o [4]
__aeabi_dsub            0x080018d1          Code  Gb  DblSub.o [4]
__aeabi_errno_addr      0x0800aa55     0x6  Code  Gb  errno.o [3]
__aeabi_f2d             0x08009715          Code  Gb  FltToDbl.o [4]
__aeabi_fsub            0x0800962d          Code  Gb  FltSub.o [4]
__aeabi_i2d             0x080018a1          Code  Gb  I32ToDbl.o [4]
__aeabi_ldiv0           0x08001f79          Code  Gb  I64DivZer.o [5]
__aeabi_memclr4         0x08004d7d          Code  Gb  ABImemclr4.o [5]
__aeabi_memset          0x08003c55          Code  Gb  ABImemset.o [5]
__aeabi_ui2d            0x080018b5          Code  Gb  I32ToDbl.o [4]
__aeabi_ui2f            0x08009765          Code  Gb  I32ToFlt.o [4]
__aeabi_uldivmod        0x080015ad          Code  Gb  I64DivMod.o [5]
__cmain                 0x0800d451          Code  Gb  cmain.o [5]
__data_Aldata           0x2000b500     0x8  Data  Gb  xxmemxmalloc.o [3]
__data_GetMemChunk      0x08001f4d    0x2c  Code  Gb  xgetmemchunk.o [3]
__exit                  0x0800d481    0x14  Code  Gb  exit.o [6]
__iar_Dnorm             0x0800169b    0x42  Code  Gb  xdnorm.o [4]
__iar_Dscale            0x0800173d   0x10c  Code  Gb  xdscale.o [4]
__iar_Errno             0x20000820     0x4  Data  Gb  errno.o [3]
__iar_Locale_lconv_init
                        0x08001e4d    0x3a  Code  Gb  localeconv.o [3]
__iar_Mbcurmax          0x080013dd     0xa  Code  Gb  xmbcurmax.o [3]
__iar_Memchr            0x08001385          Code  Gb  memchr.o [5]
__iar_Memset            0x08003c55          Code  Gb  ABImemset.o [5]
__iar_Memset4_word      0x08005245          Code  Gb  ABImemset48.o [5]
__iar_Memset8_word      0x08005245          Code  Gb  ABImemset48.o [5]
__iar_Memset_word       0x08003c5d          Code  Gb  ABImemset.o [5]
__iar_Stoul             0x0800a9d9     0x4  Code  Gb  xstoul.o [3]
__iar_Stoulx            0x0800a895   0x13e  Code  Gb  xstoul.o [3]
__iar_Strchr            0x0800132d          Code  Gb  strchr.o [5]
__iar_d2uiz             0x08001881          Code  Gb  DblToI32.o [4]
__iar_dadd              0x08001f91          Code  Gb  DblAdd.o [4]
__iar_data_init3        0x0800d3ed    0x28  Code  Gb  data_init.o [5]
__iar_dlib_perthread_access
                        0x08002065     0x2  Code  Gb  xtls.o [3]
__iar_dsub              0x080018e5          Code  Gb  DblSub.o [4]
__iar_dsubStart         0x080018f7          Code  Gb  DblSub.o [4]
__iar_fadd              0x08009815          Code  Gb  FltAdd.o [4]
__iar_fsub              0x0800963d          Code  Gb  FltSub.o [4]
__iar_fsubStart         0x0800964d          Code  Gb  FltSub.o [4]
__iar_lz77_init_single3
                        0x080012b7    0x76  Code  Gb  lz77_init_single.o [5]
__iar_program_start     0x0800d64d          Code  Gb  cstartup_M.o [5]
__iar_ui2d              0x080018b9          Code  Gb  I32ToDbl.o [4]
__iar_ui2f              0x08009769          Code  Gb  I32ToFlt.o [4]
__iar_unaligned___aeabi_memcpy
                        0x080014b5          Code  Gb  ABImemcpy_unaligned.o [5]
__iar_unaligned___aeabi_memcpy4
                        0x080014d5          Code  Gb  ABImemcpy_unaligned.o [5]
__iar_unaligned___aeabi_memcpy8
                        0x080014d5          Code  Gb  ABImemcpy_unaligned.o [5]
__iar_unaligned_strcmp  0x08004dc9          Code  Gb  strcmp_unaligned.o [5]
__iar_unaligned_strcpy  0x08004d85          Code  Gb  strcpy_unaligned.o [5]
__iar_zero_init3        0x0800d3ad    0x40  Code  Gb  zero_init3.o [5]
__low_level_init        0x0800d46b     0x4  Code  Gb  low_level_init.o [3]
__vector_table          0x08000000          Data  Gb  startup_stm32f103xe.o [1]
_call_main              0x0800d45d          Code  Gb  cmain.o [5]
_exit                   0x0800d475          Code  Gb  cexit.o [5]
_main                   0x0800d467          Code  Gb  cmain.o [5]
ack_handle              0x0800a629     0x2  Code  Gb  Handle.o [1]
alarm_handle            0x0800a45d     0x2  Code  Gb  Handle.o [1]
atoi                    0x0800a62b     0x8  Code  Gb  atoi.o [3]
board                   0x20000048    0x28  Data  Gb  board.o [1]
board_device_list_add   0x08004a05    0xe2  Code  Gb  board.o [1]
board_device_list_exit  0x08004b59    0x58  Code  Gb  board.o [1]
board_device_list_opera
                        0x08004ae7    0x72  Code  Gb  board.o [1]
board_init              0x08004cbd    0x38  Code  Gb  board.o [1]
board_sync_device       0x0800497d    0x88  Code  Gb  board.o [1]
caution                 0x2000b3cc    0x2c  Data  Lc  Alarm.o [1]
config_table_1k         0x0800d03c   0x16c  Data  Gb  si446x.o [1]
d_ADC_Key               0x20000570    0x48  Data  Gb  Key.o [1]
d_ADC_Key_Close         0x08008d47    0x18  Code  Lc  Key.o [1]
d_ADC_Key_Command       0x08008d7b    0x20  Code  Lc  Key.o [1]
d_ADC_Key_Detect        0x08008d5f    0x1c  Code  Lc  Key.o [1]
d_ADC_Key_Gets          0x08008ddd    0x4a  Code  Lc  Key.o [1]
d_ADC_Key_Open          0x08008c57    0xf0  Code  Lc  Key.o [1]
d_ADC_Key_Puts          0x08008dbb    0x22  Code  Lc  Key.o [1]
d_ADC_Key_Set           0x08008d9b    0x20  Code  Lc  Key.o [1]
d_ADC_Key_TimingProcess
                        0x08008e27    0x28  Code  Lc  Key.o [1]
d_ADC_Key_process_it    0x08008e4f    0x52  Code  Lc  Key.o [1]
d_close_SHT20           0x08008ef7    0x26  Code  Gb  SHT2x.o [1]
d_close_relay           0x0800a6f3    0x1e  Code  Lc  relay.o [1]
d_close_si4463          0x0800c8ab    0x26  Code  Lc  RF4463.o [1]
d_close_usart_1         0x0800bec7    0x26  Code  Gb  UsartDriver.o [1]
d_close_usart_2         0x0800c14d    0x1e  Code  Gb  UsartDriver.o [1]
d_command_SHT20         0x08008f3d    0x24  Code  Gb  SHT2x.o [1]
d_command_relay         0x0800a72d    0x5c  Code  Lc  relay.o [1]
d_command_si4463        0x0800c8f1    0x24  Code  Lc  RF4463.o [1]
d_command_usart_1       0x0800bf05    0x1c  Code  Gb  UsartDriver.o [1]
d_command_usart_2       0x0800c17f    0x18  Code  Gb  UsartDriver.o [1]
d_detect_SHT20          0x08008f1d    0x20  Code  Gb  SHT2x.o [1]
d_detect_relay          0x0800a711    0x1c  Code  Lc  relay.o [1]
d_detect_si4463         0x0800c8d1    0x20  Code  Lc  RF4463.o [1]
d_detect_usart_1        0x0800beed    0x18  Code  Gb  UsartDriver.o [1]
d_detect_usart_2        0x0800c16b    0x14  Code  Gb  UsartDriver.o [1]
d_gets_SHT20            0x08008fd7    0x26  Code  Gb  SHT2x.o [1]
d_gets_relay            0x0800a7f7    0x22  Code  Lc  relay.o [1]
d_gets_si4463           0x0800cabb   0x154  Code  Lc  RF4463.o [1]
d_gets_usart_1          0x0800bf69    0x2c  Code  Gb  UsartDriver.o [1]
d_gets_usart_2          0x0800c1e7    0x34  Code  Gb  UsartDriver.o [1]
d_open_SHT20            0x08008ebd    0x3a  Code  Gb  SHT2x.o [1]
d_open_relay            0x0800a68b    0x68  Code  Lc  relay.o [1]
d_open_si4463           0x0800c83d    0x6e  Code  Lc  RF4463.o [1]
d_open_usart_1          0x0800bdbd   0x10a  Code  Gb  UsartDriver.o [1]
d_open_usart_2          0x0800c081    0xcc  Code  Gb  UsartDriver.o [1]
d_process_it_SHT20      0x08009023    0x26  Code  Gb  SHT2x.o [1]
d_process_it_relay      0x0800a83b    0x22  Code  Lc  relay.o [1]
d_process_it_si4463     0x0800cc51    0x22  Code  Lc  RF4463.o [1]
d_process_it_usart_1    0x0800bfb5    0x9e  Code  Gb  UsartDriver.o [1]
d_process_it_usart_2    0x0800c235    0x2e  Code  Gb  UsartDriver.o [1]
d_puts_SHT20            0x08008fb1    0x26  Code  Gb  SHT2x.o [1]
d_puts_relay            0x0800a7d5    0x22  Code  Lc  relay.o [1]
d_puts_si4463           0x0800c939   0x182  Code  Lc  RF4463.o [1]
d_puts_usart_1          0x0800bf3d    0x2c  Code  Gb  UsartDriver.o [1]
d_puts_usart_2          0x0800c1af    0x38  Code  Gb  UsartDriver.o [1]
d_set_SHT20             0x08008f61    0x50  Code  Gb  SHT2x.o [1]
d_set_relay             0x0800a789    0x4c  Code  Lc  relay.o [1]
d_set_si4463            0x0800c915    0x24  Code  Lc  RF4463.o [1]
d_set_usart_1           0x0800bf21    0x1c  Code  Gb  UsartDriver.o [1]
d_set_usart_2           0x0800c197    0x18  Code  Gb  UsartDriver.o [1]
d_timing_proceee_SHT20  0x08008ffd    0x26  Code  Gb  SHT2x.o [1]
d_timing_proceee_relay  0x0800a819    0x22  Code  Lc  relay.o [1]
d_timing_proceee_si4463
                        0x0800cc0f    0x42  Code  Lc  RF4463.o [1]
d_timing_proceee_usart_1
                        0x0800bf95    0x20  Code  Gb  UsartDriver.o [1]
d_timing_proceee_usart_2
                        0x0800c21b    0x1a  Code  Gb  UsartDriver.o [1]
data_recv_process       0x0800a19d    0x46  Code  Gb  DataTransfer.o [1]
data_tran_handle        0x0800a45b     0x2  Code  Gb  Handle.o [1]
device_add              0x08004e29    0x26  Code  Gb  DeviceModule.o [1]
device_find_local       0x08004e4f    0x2c  Code  Gb  DeviceModule.o [1]
digits                  0x0800a9dc    0x28  Data  Lc  xstoul.o [3]
div                     0x08001eb9     0xe  Code  Gb  div.o [3]
ds1307_Read             0x0800b04d    0x38  Code  Lc  DS1307.o [1]
ds1307_Write            0x0800b00d    0x40  Code  Lc  DS1307.o [1]
eTaskConfirmSleepModeStatus
                        0x080029c7    0x3c  Code  Gb  tasks.o [1]
exit                    0x0800d46f     0x4  Code  Gb  exit.o [3]
frame_rx                0x200000a8     0x4  Data  Gb  DataTransfer.o [1]
free                    0x0800152d    0x7a  Code  Gb  xxmemxfree.o [3]
hadc1                   0x2000b39c    0x30  Data  Gb  adc.o [1]
hcan                    0x2000afb8    0x40  Data  Gb  can.o [1]
hdac                    0x2000b434    0x14  Data  Gb  dac.o [1]
hiwdg                   0x2000b4d4    0x10  Data  Gb  iwdg.o [1]
hsd                     0x2000aea8    0x60  Data  Gb  sdio.o [1]
hspi1                   0x2000af08    0x58  Data  Gb  spi.o [1]
hspi2                   0x2000af60    0x58  Data  Gb  spi.o [1]
htim1                   0x2000b234    0x3c  Data  Gb  tim.o [1]
htim2                   0x2000b270    0x3c  Data  Gb  tim.o [1]
htim3                   0x2000b1f8    0x3c  Data  Gb  stm32f1xx_hal_timebase_TIM.o [1]
htim4                   0x2000b2ac    0x3c  Data  Gb  tim.o [1]
htim6                   0x2000b2e8    0x3c  Data  Gb  tim.o [1]
htim7                   0x2000b324    0x3c  Data  Gb  tim.o [1]
htim8                   0x2000b360    0x3c  Data  Gb  tim.o [1]
huart1                  0x2000b178    0x40  Data  Gb  UsartDriver.o [1]
huart2                  0x2000b1b8    0x40  Data  Gb  UsartDriver.o [1]
huart3                  0x2000b138    0x40  Data  Gb  usart.o [1]
inHandlerMode           0x080044e7    0x12  Code  Lc  cmsis_os.o [1]
isspace                 0x0800aa2d    0x14  Code  Gb  isxxx.o [3]
localeconv              0x08001e87    0x16  Code  Gb  localeconv.o [3]
main                    0x08007161    0x48  Code  Gb  main.o [1]
makeFreeRtosPriority    0x080044d5    0x12  Code  Lc  cmsis_os.o [1]
malloc                  0x080013e9    0xac  Code  Gb  xxmemxmalloc.o [3]
memchr                  0x08001385          Code  Gb  memchr.o [5]
ndigs                   0x0800aa04    0x28  Data  Lc  xstoul.o [3]
operation_handle        0x0800a3b5    0xa6  Code  Gb  Handle.o [1]
ops                     0x200000ac    0x20  Data  Gb  DataTransfer.o [1]
osDelay                 0x0800453d    0x1c  Code  Gb  cmsis_os.o [1]
osKernelStart           0x080044f9     0xa  Code  Gb  cmsis_os.o [1]
osMutexCreate           0x080045eb     0xc  Code  Gb  cmsis_os.o [1]
osMutexRelease          0x08004675    0x4c  Code  Gb  cmsis_os.o [1]
osMutexWait             0x080045f7    0x7e  Code  Gb  cmsis_os.o [1]
osSystickHandler        0x080046c5    0x10  Code  Gb  cmsis_os.o [1]
osThreadCreate          0x08004503    0x3a  Code  Gb  cmsis_os.o [1]
osTimerCreate           0x08004559    0x26  Code  Gb  cmsis_os.o [1]
osTimerStart            0x0800457f    0x6c  Code  Gb  cmsis_os.o [1]
p_close_spi_1           0x08004ebb    0x18  Code  Gb  DeviceModule.o [1]
p_ioctl_spi_1           0x08004ed3    0x20  Code  Gb  DeviceModule.o [1]
p_open_spi_1            0x08004e91    0x2a  Code  Gb  DeviceModule.o [1]
p_read_spi_1            0x08004ef3    0x3c  Code  Gb  DeviceModule.o [1]
p_rw_spi_1              0x08004f67    0x36  Code  Gb  DeviceModule.o [1]
p_write_spi_1           0x08004f2f    0x38  Code  Gb  DeviceModule.o [1]
pcInterruptPriorityRegisters
                        0x0800d724     0x4  Data  Lc  port.o [1]
prvAddCurrentTaskToDelayedList
                        0x08002b2d    0x4a  Code  Lc  tasks.o [1]
prvAllocateTCBAndStack  0x08002b77    0x5a  Code  Lc  tasks.o [1]
prvCheckForValidListAndQueue
                        0x08003669    0x5a  Code  Lc  timers.o [1]
prvCheckTasksWaitingTermination
                        0x08002ac7    0x66  Code  Lc  tasks.o [1]
prvCopyDataFromQueue    0x08004389    0x30  Code  Lc  queue.o [1]
prvCopyDataToQueue      0x080042f1    0x98  Code  Lc  queue.o [1]
prvDeleteTCB            0x08002bd5    0x12  Code  Lc  tasks.o [1]
prvGetExpectedIdleTime  0x0800241f    0x34  Code  Lc  tasks.o [1]
prvGetNextExpireTime    0x08003473    0x2e  Code  Lc  timers.o [1]
prvHeapInit             0x08003b65    0x6e  Code  Lc  heap_4.o [1]
prvIdleTask             0x08002975    0x52  Code  Lc  tasks.o [1]
prvInitialiseTCBVariables
                        0x08002a03    0x6c  Code  Lc  tasks.o [1]
prvInitialiseTaskLists  0x08002a6f    0x58  Code  Lc  tasks.o [1]
prvInsertBlockIntoFreeList
                        0x08003bd3    0x62  Code  Lc  heap_4.o [1]
prvInsertTimerInActiveList
                        0x080034c9    0x50  Code  Lc  timers.o [1]
prvIsQueueEmpty         0x08004423    0x20  Code  Lc  queue.o [1]
prvIsQueueFull          0x08004443    0x22  Code  Lc  queue.o [1]
prvProcessExpiredTimer  0x080033a5    0x50  Code  Lc  timers.o [1]
prvProcessReceivedCommands
                        0x08003519    0xca  Code  Lc  timers.o [1]
prvProcessTimerOrBlockTask
                        0x0800340f    0x64  Code  Lc  timers.o [1]
prvResetNextTaskUnblockTime
                        0x08002be7    0x2a  Code  Lc  tasks.o [1]
prvSampleTimeNow        0x080034a1    0x28  Code  Lc  timers.o [1]
prvSwitchTimerLists     0x080035e3    0x86  Code  Lc  timers.o [1]
prvTaskExitError        0x08002ebd    0x18  Code  Lc  port.o [1]
prvTaskIsTaskSuspended  0x080022f1    0x34  Code  Lc  tasks.o [1]
prvTimerTask            0x080033f5    0x1a  Code  Lc  timers.o [1]
prvUnlockQueue          0x080043b9    0x6a  Code  Lc  queue.o [1]
pvPortMalloc            0x080039fd   0x104  Code  Gb  heap_4.o [1]
pvTaskIncrementMutexHeldCount
                        0x08002da9    0x1e  Code  Gb  tasks.o [1]
pxCurrentTCB            0x2000b564     0x4  Data  Gb  tasks.o [1]
pxCurrentTimerList      0x2000b59c     0x4  Data  Lc  timers.o [1]
pxDelayedTaskList       0x2000b568     0x4  Data  Lc  tasks.o [1]
pxEnd                   0x2000b538     0x4  Data  Lc  heap_4.o [1]
pxOverflowDelayedTaskList
                        0x2000b56c     0x4  Data  Lc  tasks.o [1]
pxOverflowTimerList     0x2000b5a0     0x4  Data  Lc  timers.o [1]
pxPortInitialiseStack   0x08002ea1    0x1c  Code  Gb  port.o [1]
pxReadyTasksLists       0x2000a840   0x280  Data  Lc  tasks.o [1]
relay                   0x200005fc    0x48  Data  Gb  relay.o [1]
rx_buffer               0x2000aff8    0x40  Data  Gb  DataTransfer.o [1]
send_alarm              0x08009f99    0x20  Code  Gb  DataTransfer.o [1]
send_data               0x08009ec9    0xb4  Code  Gb  DataTransfer.o [1]
send_datatran           0x0800a163    0x1a  Code  Gb  DataTransfer.o [1]
send_operation          0x0800a17d    0x20  Code  Gb  DataTransfer.o [1]
send_sync               0x08009fb9    0x90  Code  Gb  DataTransfer.o [1]
send_sync_time          0x0800a049    0xb2  Code  Gb  DataTransfer.o [1]
si4463                  0x20000654    0x48  Data  Gb  RF4463.o [1]
spi_1                   0x200000cc    0x34  Data  Gb  DeviceModule.o [1]
sprintf                 0x0800a211    0x34  Code  Gb  sprintf.o [3]
strcat                  0x08004e0b    0x1c  Code  Gb  strcat.o [3]
strchr                  0x0800132d          Code  Gb  strchr.o [5]
strlen                  0x0800134d          Code  Gb  strlen.o [5]
sync_handle             0x0800a45f   0x19e  Code  Gb  Handle.o [1]
sync_send_TH            0x0800a0fb    0x68  Code  Gb  DataTransfer.o [1]
tolower                 0x0800aa41    0x14  Code  Gb  tolower.o [3]
tx_buffer               0x2000b038    0x40  Data  Gb  DataTransfer.o [1]
uCRCErrorWorkaroundCheck
                        0x2000b5b5     0x1  Data  Gb  stm32f1xx_hal_spi_ex.o [1]
ucHeap                  0x200028a0  0x7800  Data  Lc  heap_4.o [1]
ucMaxSysCallPriority    0x2000b5b2     0x1  Data  Lc  port.o [1]
ulMaxPRIGROUPValue      0x2000b554     0x4  Data  Lc  port.o [1]
ulPortSetInterruptMask  0x08002e4b          Code  Gb  portasm.o [1]
ulStoppedTimerCompensation
                        0x2000b550     0x4  Data  Lc  port.o [1]
ulTimerCountsForOneTick
                        0x2000b548     0x4  Data  Lc  port.o [1]
usart_1                 0x20000708    0x48  Data  Gb  UsartDriver.o [1]
usart_2                 0x20000750    0x48  Data  Gb  UsartDriver.o [1]
uwTick                  0x2000b560     0x4  Data  Lc  stm32f1xx_hal.o [1]
uxCriticalNesting       0x200005b8     0x4  Data  Lc  port.o [1]
uxCurrentNumberOfTasks  0x2000b574     0x4  Data  Lc  tasks.o [1]
uxListRemove            0x08003263    0x28  Code  Gb  list.o [1]
uxPendedTicks           0x2000b584     0x4  Data  Lc  tasks.o [1]
uxSchedulerSuspended    0x2000b598     0x4  Data  Lc  tasks.o [1]
uxTaskNumber            0x2000b590     0x4  Data  Lc  tasks.o [1]
uxTasksDeleted          0x2000b570     0x4  Data  Lc  tasks.o [1]
uxTopReadyPriority      0x2000b57c     0x4  Data  Lc  tasks.o [1]
vApplicationIdleHook    0x080036e5     0x2  Code  Gb  freertos.o [1]
vApplicationMallocFailedHook
                        0x080036eb     0x2  Code  Gb  freertos.o [1]
vApplicationStackOverflowHook
                        0x080036e9     0x2  Code  Gb  freertos.o [1]
vApplicationTickHook    0x080036e7     0x2  Code  Gb  freertos.o [1]
vListInitialise         0x080031ed    0x1e  Code  Gb  list.o [1]
vListInitialiseItem     0x0800320b     0x6  Code  Gb  list.o [1]
vListInsert             0x08003229    0x3a  Code  Gb  list.o [1]
vListInsertEnd          0x08003211    0x18  Code  Gb  list.o [1]
vPortClearInterruptMask
                        0x08002e59          Code  Gb  portasm.o [1]
vPortEnterCritical      0x08002f6f    0x30  Code  Gb  port.o [1]
vPortExitCritical       0x08002f9f    0x2a  Code  Gb  port.o [1]
vPortFree               0x08003b01    0x64  Code  Gb  heap_4.o [1]
vPortSetupTimerInterrupt
                        0x08003125    0x50  Code  Wk  port.o [1]
vPortStartFirstTask     0x08002e7f          Code  Gb  portasm.o [1]
vPortSuppressTicksAndSleep
                        0x08002fe7   0x13e  Code  Wk  port.o [1]
vPortValidateInterruptPriority
                        0x08003175    0x3c  Code  Gb  port.o [1]
vPortYield              0x08002f5d    0x12  Code  Gb  port.o [1]
vQueueAddToRegistry     0x08004465    0x28  Code  Gb  queue.o [1]
vQueueWaitForMessageRestricted
                        0x08004491    0x44  Code  Gb  queue.o [1]
vTaskDelay              0x080021c1    0x6c  Code  Gb  tasks.o [1]
vTaskMissedYield        0x08002957     0xa  Code  Gb  tasks.o [1]
vTaskPlaceOnEventList   0x08002737    0x6a  Code  Gb  tasks.o [1]
vTaskPlaceOnEventListRestricted
                        0x080027bd    0x76  Code  Gb  tasks.o [1]
vTaskPriorityInherit    0x08002c4d    0xac  Code  Gb  tasks.o [1]
vTaskSetTimeOutState    0x080028c1    0x20  Code  Gb  tasks.o [1]
vTaskStartScheduler     0x080023ab    0x64  Code  Gb  tasks.o [1]
vTaskStepTick           0x08002545    0x2c  Code  Gb  tasks.o [1]
vTaskSuspend            0x0800222d    0xc4  Code  Gb  tasks.o [1]
vTaskSuspendAll         0x0800240f    0x10  Code  Gb  tasks.o [1]
vTaskSwitchContext      0x080026ad    0x8a  Code  Gb  tasks.o [1]
xActiveTimerList1       0x2000b4ac    0x14  Data  Lc  timers.o [1]
xActiveTimerList2       0x2000b4c0    0x14  Data  Lc  timers.o [1]
xBlockAllocatedBit      0x2000b544     0x4  Data  Lc  heap_4.o [1]
xDelayedTaskList1       0x2000b448    0x14  Data  Lc  tasks.o [1]
xDelayedTaskList2       0x2000b45c    0x14  Data  Lc  tasks.o [1]
xFreeBytesRemaining     0x2000b53c     0x4  Data  Lc  heap_4.o [1]
xHeapStructSize         0x0800d720     0x4  Data  Lc  heap_4.o [1]
xMaximumPossibleSuppressedTicks
                        0x2000b54c     0x4  Data  Lc  port.o [1]
xMinimumEverFreeBytesRemaining
                        0x2000b540     0x4  Data  Lc  heap_4.o [1]
xNextTaskUnblockTime    0x2000b594     0x4  Data  Lc  tasks.o [1]
xNumOfOverflows         0x2000b58c     0x4  Data  Lc  tasks.o [1]
xPendingReadyList       0x2000b470    0x14  Data  Lc  tasks.o [1]
xPortStartScheduler     0x08002ed5    0x88  Code  Gb  port.o [1]
xPortSysTickHandler     0x08002fc9    0x1e  Code  Gb  port.o [1]
xQueueCreateMutex       0x08003d9f    0x5c  Code  Gb  queue.o [1]
xQueueGenericCreate     0x08003d35    0x6a  Code  Gb  queue.o [1]
xQueueGenericReceive    0x080040cb   0x184  Code  Gb  queue.o [1]
xQueueGenericReset      0x08003cbd    0x78  Code  Gb  queue.o [1]
xQueueGenericSend       0x08003dfb   0x160  Code  Gb  queue.o [1]
xQueueGenericSendFromISR
                        0x08003f5b    0xc2  Code  Gb  queue.o [1]
xQueueGiveFromISR       0x0800401d    0xae  Code  Gb  queue.o [1]
xQueueReceiveFromISR    0x0800424f    0xa2  Code  Gb  queue.o [1]
xQueueRegistry          0x2000b0f8    0x40  Data  Gb  queue.o [1]
xSchedulerRunning       0x2000b580     0x4  Data  Lc  tasks.o [1]
xStart                  0x2000b4f8     0x8  Data  Lc  heap_4.o [1]
xSuspendedTaskList      0x2000b498    0x14  Data  Lc  tasks.o [1]
xTaskCheckForTimeOut    0x080028e1    0x76  Code  Gb  tasks.o [1]
xTaskGenericCreate      0x08002069   0x158  Code  Gb  tasks.o [1]
xTaskGetCurrentTaskHandle
                        0x08002c11     0xa  Code  Gb  tasks.o [1]
xTaskGetSchedulerState  0x08002c21    0x26  Code  Gb  tasks.o [1]
xTaskGetTickCount       0x0800253b     0xa  Code  Gb  tasks.o [1]
xTaskIncrementTick      0x08002571   0x13c  Code  Gb  tasks.o [1]
xTaskPriorityDisinherit
                        0x08002cfd    0xa6  Code  Gb  tasks.o [1]
xTaskRemoveFromEventList
                        0x08002835    0x86  Code  Gb  tasks.o [1]
xTaskResumeAll          0x08002453    0xe8  Code  Gb  tasks.o [1]
xTaskResumeFromISR      0x08002325    0x86  Code  Gb  tasks.o [1]
xTasksWaitingTermination
                        0x2000b484    0x14  Data  Lc  tasks.o [1]
xTickCount              0x2000b578     0x4  Data  Lc  tasks.o [1]
xTimerCreate            0x080032d3    0x58  Code  Gb  timers.o [1]
xTimerCreateTimerTask   0x0800328d    0x46  Code  Gb  timers.o [1]
xTimerGenericCommand    0x0800332b    0x7a  Code  Gb  timers.o [1]
xTimerQueue             0x2000b5a4     0x4  Data  Lc  timers.o [1]
xYieldPending           0x2000b588     0x4  Data  Lc  tasks.o [1]


[1] = C:\GitHub\Wireless-control\Project-IAR\EWARM\SmartHouse\Obj
[2] = command line
[3] = dl7M_tlf.a
[4] = m7M_tl.a
[5] = rt7M_tl.a
[6] = shb_l.a

  54 222 bytes of readonly  code memory
   1 947 bytes of readonly  data memory
  46 514 bytes of readwrite data memory

Errors: none
Warnings: none
