###############################################################################
#
# IAR ELF Linker V7.50.2.10312/W32 for ARM                16/Oct/2016  14:04:45
# Copyright 2007-2015 IAR Systems AB.
#
#    Output file  =  
#        F:\重要资料\学习笔记\放眼未来\智能家居\程序\新新\EWARM\SmartHouse\Exe\SmartHouse.out
#    Map file     =  
#        F:\重要资料\学习笔记\放眼未来\智能家居\程序\新新\EWARM\SmartHouse\List\SmartHouse.map
#    Command line =  
#        F:\重要资料\学习笔记\放眼未来\智能家居\程序\新新\EWARM\SmartHouse\Obj\adc.o
#        F:\重要资料\学习笔记\放眼未来\智能家居\程序\新新\EWARM\SmartHouse\Obj\Alarm.o
#        F:\重要资料\学习笔记\放眼未来\智能家居\程序\新新\EWARM\SmartHouse\Obj\board.o
#        F:\重要资料\学习笔记\放眼未来\智能家居\程序\新新\EWARM\SmartHouse\Obj\bsp_driver_sd.o
#        F:\重要资料\学习笔记\放眼未来\智能家居\程序\新新\EWARM\SmartHouse\Obj\can.o
#        F:\重要资料\学习笔记\放眼未来\智能家居\程序\新新\EWARM\SmartHouse\Obj\cc950.o
#        F:\重要资料\学习笔记\放眼未来\智能家居\程序\新新\EWARM\SmartHouse\Obj\cmsis_os.o
#        F:\重要资料\学习笔记\放眼未来\智能家居\程序\新新\EWARM\SmartHouse\Obj\CRC_JIAMI.o
#        F:\重要资料\学习笔记\放眼未来\智能家居\程序\新新\EWARM\SmartHouse\Obj\croutine.o
#        F:\重要资料\学习笔记\放眼未来\智能家居\程序\新新\EWARM\SmartHouse\Obj\dac.o
#        F:\重要资料\学习笔记\放眼未来\智能家居\程序\新新\EWARM\SmartHouse\Obj\DataTransfer.o
#        F:\重要资料\学习笔记\放眼未来\智能家居\程序\新新\EWARM\SmartHouse\Obj\DeviceModule.o
#        F:\重要资料\学习笔记\放眼未来\智能家居\程序\新新\EWARM\SmartHouse\Obj\diskio.o
#        F:\重要资料\学习笔记\放眼未来\智能家居\程序\新新\EWARM\SmartHouse\Obj\DS1307.o
#        F:\重要资料\学习笔记\放眼未来\智能家居\程序\新新\EWARM\SmartHouse\Obj\event_groups.o
#        F:\重要资料\学习笔记\放眼未来\智能家居\程序\新新\EWARM\SmartHouse\Obj\fatfs.o
#        F:\重要资料\学习笔记\放眼未来\智能家居\程序\新新\EWARM\SmartHouse\Obj\fatfs_platform.o
#        F:\重要资料\学习笔记\放眼未来\智能家居\程序\新新\EWARM\SmartHouse\Obj\ff.o
#        F:\重要资料\学习笔记\放眼未来\智能家居\程序\新新\EWARM\SmartHouse\Obj\ff_gen_drv.o
#        F:\重要资料\学习笔记\放眼未来\智能家居\程序\新新\EWARM\SmartHouse\Obj\freertos.o
#        F:\重要资料\学习笔记\放眼未来\智能家居\程序\新新\EWARM\SmartHouse\Obj\Gizwits.o
#        F:\重要资料\学习笔记\放眼未来\智能家居\程序\新新\EWARM\SmartHouse\Obj\gpio.o
#        F:\重要资料\学习笔记\放眼未来\智能家居\程序\新新\EWARM\SmartHouse\Obj\Handle.o
#        F:\重要资料\学习笔记\放眼未来\智能家居\程序\新新\EWARM\SmartHouse\Obj\heap_4.o
#        F:\重要资料\学习笔记\放眼未来\智能家居\程序\新新\EWARM\SmartHouse\Obj\Key.o
#        F:\重要资料\学习笔记\放眼未来\智能家居\程序\新新\EWARM\SmartHouse\Obj\list.o
#        F:\重要资料\学习笔记\放眼未来\智能家居\程序\新新\EWARM\SmartHouse\Obj\main.o
#        F:\重要资料\学习笔记\放眼未来\智能家居\程序\新新\EWARM\SmartHouse\Obj\port.o
#        F:\重要资料\学习笔记\放眼未来\智能家居\程序\新新\EWARM\SmartHouse\Obj\portasm.o
#        F:\重要资料\学习笔记\放眼未来\智能家居\程序\新新\EWARM\SmartHouse\Obj\queue.o
#        F:\重要资料\学习笔记\放眼未来\智能家居\程序\新新\EWARM\SmartHouse\Obj\relay.o
#        F:\重要资料\学习笔记\放眼未来\智能家居\程序\新新\EWARM\SmartHouse\Obj\RF4463.o
#        F:\重要资料\学习笔记\放眼未来\智能家居\程序\新新\EWARM\SmartHouse\Obj\sd_diskio.o
#        F:\重要资料\学习笔记\放眼未来\智能家居\程序\新新\EWARM\SmartHouse\Obj\sdio.o
#        F:\重要资料\学习笔记\放眼未来\智能家居\程序\新新\EWARM\SmartHouse\Obj\SerialDriver.o
#        F:\重要资料\学习笔记\放眼未来\智能家居\程序\新新\EWARM\SmartHouse\Obj\SerialDriver_Bare.o
#        F:\重要资料\学习笔记\放眼未来\智能家居\程序\新新\EWARM\SmartHouse\Obj\SerialDriver_OS.o
#        F:\重要资料\学习笔记\放眼未来\智能家居\程序\新新\EWARM\SmartHouse\Obj\SHT2x.o
#        F:\重要资料\学习笔记\放眼未来\智能家居\程序\新新\EWARM\SmartHouse\Obj\si446x.o
#        F:\重要资料\学习笔记\放眼未来\智能家居\程序\新新\EWARM\SmartHouse\Obj\spi.o
#        F:\重要资料\学习笔记\放眼未来\智能家居\程序\新新\EWARM\SmartHouse\Obj\startup_stm32f103xe.o
#        F:\重要资料\学习笔记\放眼未来\智能家居\程序\新新\EWARM\SmartHouse\Obj\stm32f1xx_hal.o
#        F:\重要资料\学习笔记\放眼未来\智能家居\程序\新新\EWARM\SmartHouse\Obj\stm32f1xx_hal_adc.o
#        F:\重要资料\学习笔记\放眼未来\智能家居\程序\新新\EWARM\SmartHouse\Obj\stm32f1xx_hal_adc_ex.o
#        F:\重要资料\学习笔记\放眼未来\智能家居\程序\新新\EWARM\SmartHouse\Obj\stm32f1xx_hal_can.o
#        F:\重要资料\学习笔记\放眼未来\智能家居\程序\新新\EWARM\SmartHouse\Obj\stm32f1xx_hal_cortex.o
#        F:\重要资料\学习笔记\放眼未来\智能家居\程序\新新\EWARM\SmartHouse\Obj\stm32f1xx_hal_dac.o
#        F:\重要资料\学习笔记\放眼未来\智能家居\程序\新新\EWARM\SmartHouse\Obj\stm32f1xx_hal_dac_ex.o
#        F:\重要资料\学习笔记\放眼未来\智能家居\程序\新新\EWARM\SmartHouse\Obj\stm32f1xx_hal_dma.o
#        F:\重要资料\学习笔记\放眼未来\智能家居\程序\新新\EWARM\SmartHouse\Obj\stm32f1xx_hal_flash.o
#        F:\重要资料\学习笔记\放眼未来\智能家居\程序\新新\EWARM\SmartHouse\Obj\stm32f1xx_hal_flash_ex.o
#        F:\重要资料\学习笔记\放眼未来\智能家居\程序\新新\EWARM\SmartHouse\Obj\stm32f1xx_hal_gpio.o
#        F:\重要资料\学习笔记\放眼未来\智能家居\程序\新新\EWARM\SmartHouse\Obj\stm32f1xx_hal_gpio_ex.o
#        F:\重要资料\学习笔记\放眼未来\智能家居\程序\新新\EWARM\SmartHouse\Obj\stm32f1xx_hal_msp.o
#        F:\重要资料\学习笔记\放眼未来\智能家居\程序\新新\EWARM\SmartHouse\Obj\stm32f1xx_hal_pwr.o
#        F:\重要资料\学习笔记\放眼未来\智能家居\程序\新新\EWARM\SmartHouse\Obj\stm32f1xx_hal_rcc.o
#        F:\重要资料\学习笔记\放眼未来\智能家居\程序\新新\EWARM\SmartHouse\Obj\stm32f1xx_hal_rcc_ex.o
#        F:\重要资料\学习笔记\放眼未来\智能家居\程序\新新\EWARM\SmartHouse\Obj\stm32f1xx_hal_sd.o
#        F:\重要资料\学习笔记\放眼未来\智能家居\程序\新新\EWARM\SmartHouse\Obj\stm32f1xx_hal_spi.o
#        F:\重要资料\学习笔记\放眼未来\智能家居\程序\新新\EWARM\SmartHouse\Obj\stm32f1xx_hal_spi_ex.o
#        F:\重要资料\学习笔记\放眼未来\智能家居\程序\新新\EWARM\SmartHouse\Obj\stm32f1xx_hal_tim.o
#        F:\重要资料\学习笔记\放眼未来\智能家居\程序\新新\EWARM\SmartHouse\Obj\stm32f1xx_hal_tim_ex.o
#        F:\重要资料\学习笔记\放眼未来\智能家居\程序\新新\EWARM\SmartHouse\Obj\stm32f1xx_hal_timebase_TIM.o
#        F:\重要资料\学习笔记\放眼未来\智能家居\程序\新新\EWARM\SmartHouse\Obj\stm32f1xx_hal_uart.o
#        F:\重要资料\学习笔记\放眼未来\智能家居\程序\新新\EWARM\SmartHouse\Obj\stm32f1xx_it.o
#        F:\重要资料\学习笔记\放眼未来\智能家居\程序\新新\EWARM\SmartHouse\Obj\stm32f1xx_ll_sdmmc.o
#        F:\重要资料\学习笔记\放眼未来\智能家居\程序\新新\EWARM\SmartHouse\Obj\syscall.o
#        F:\重要资料\学习笔记\放眼未来\智能家居\程序\新新\EWARM\SmartHouse\Obj\system_stm32f1xx.o
#        F:\重要资料\学习笔记\放眼未来\智能家居\程序\新新\EWARM\SmartHouse\Obj\tasks.o
#        F:\重要资料\学习笔记\放眼未来\智能家居\程序\新新\EWARM\SmartHouse\Obj\tim.o
#        F:\重要资料\学习笔记\放眼未来\智能家居\程序\新新\EWARM\SmartHouse\Obj\timers.o
#        F:\重要资料\学习笔记\放眼未来\智能家居\程序\新新\EWARM\SmartHouse\Obj\usart.o
#        F:\重要资料\学习笔记\放眼未来\智能家居\程序\新新\EWARM\SmartHouse\Obj\UsartDriver.o
#        --redirect _Printf=_PrintfFull --redirect _Scanf=_ScanfFull -o
#        F:\重要资料\学习笔记\放眼未来\智能家居\程序\新新\EWARM\SmartHouse\Exe\SmartHouse.out
#        --map
#        F:\重要资料\学习笔记\放眼未来\智能家居\程序\新新\EWARM\SmartHouse\List\SmartHouse.map
#        --config
#        F:\重要资料\学习笔记\放眼未来\智能家居\程序\新新\EWARM/stm32f103xe_flash.icf
#        --semihosting --entry __iar_program_start --vfe
#
###############################################################################

*******************************************************************************
*** RUNTIME MODEL ATTRIBUTES
***

CppFlavor                     = *
__Heap_Handler                = Basic
__SystemLibrary               = DLib
__dlib_dynamic_initialization = normal


*******************************************************************************
*** PLACEMENT SUMMARY
***

"A1":  place at 0x08000000 { ro section .intvec };
"P1":  place in [from 0x08000000 to 0x0807ffff] { ro };
"P2":  place in [from 0x20000000 to 0x2000ffff] { rw, block CSTACK, block HEAP };

  Section             Kind        Address    Size  Object
  -------             ----        -------    ----  ------
"A1":                                       0x130
  .intvec             ro code  0x08000000   0x130  startup_stm32f103xe.o [1]
                             - 0x08000130   0x130

"P1":                                      0xcdfc
  .text               ro code  0x08000130  0x1166  xprintffull.o [3]
  .text               ro code  0x08001296    0x20  xmbtowc.o [3]
  .text               ro code  0x080012b6    0x76  lz77_init_single.o [5]
  .text               ro code  0x0800132c    0x16  strchr.o [5]
  .text               ro code  0x08001342     0xa  xsprout.o [3]
  .text               ro code  0x0800134c    0x36  strlen.o [5]
  .rodata             const    0x08001382     0x2  stm32f1xx_hal_rcc.o [1]
  .text               ro code  0x08001384    0x58  memchr.o [5]
  .text               ro code  0x080013dc     0xa  xmbcurmax.o [3]
  .text               ro code  0x080013e8    0xb0  xxmemxmalloc.o [3]
  .text               ro code  0x08001498    0x1a  xwctomb.o [3]
  .text               ro code  0x080014b4    0x76  ABImemcpy_unaligned.o [5]
  .text               ro code  0x0800152c    0x80  xxmemxfree.o [3]
  .text               ro code  0x080015ac    0xee  I64DivMod.o [5]
  .text               ro code  0x0800169a    0x42  xdnorm.o [4]
  .text               ro code  0x080016dc    0x2e  DblCmpLe.o [4]
  .text               ro code  0x0800170c    0x2e  DblCmpGe.o [4]
  .text               ro code  0x0800173c   0x10c  xdscale.o [4]
  .text               ro code  0x08001848    0x58  DblToI32.o [4]
  .text               ro code  0x080018a0    0x30  I32ToDbl.o [4]
  .text               ro code  0x080018d0   0x180  DblSub.o [4]
  .text               ro code  0x08001a50   0x1a2  DblMul.o [4]
  .text               ro code  0x08001bf4   0x256  DblDiv.o [4]
  .text               ro code  0x08001e4c    0x6c  localeconv.o [3]
  .text               ro code  0x08001eb8     0xe  div.o [3]
  .text               ro code  0x08001ec8    0x24  setlocale.o [3]
  .text               ro code  0x08001eec    0x60  xencoding_sb.o [3]
  .text               ro code  0x08001f4c    0x2c  xgetmemchunk.o [3]
  .text               ro code  0x08001f78     0x2  I64DivZer.o [5]
  .text               ro code  0x08001f7c    0xe8  DblAdd.o [4]
  .text               ro code  0x08002064     0x2  xtls.o [3]
  .text               ro code  0x08002068   0xda0  tasks.o [1]
  CODE                ro code  0x08002e08    0x94  portasm.o [1]
  .text               ro code  0x08002e9c   0x34c  port.o [1]
  .text               ro code  0x080031e8    0x9e  list.o [1]
  .text               ro code  0x08003288   0x458  timers.o [1]
  .text               ro code  0x080036e0   0x500  freertos.o [1]
  .text               ro code  0x08003be0   0x258  heap_4.o [1]
  .text               ro code  0x08003e38    0x66  ABImemset.o [5]
  .text               ro code  0x08003ea0   0x818  queue.o [1]
  .text               ro code  0x080046b8   0x204  cmsis_os.o [1]
  .text               ro code  0x080048bc    0x7c  Gizwits.o [1]
  .text               ro code  0x08004938   0x35c  board.o [1]
  .text               ro code  0x08004c94    0xe6  FltSub.o [4]
  .text               ro code  0x08004d7c    0x4e  FltToDbl.o [4]
  .text               ro code  0x08004dcc   0x360  DataTransfer.o [1]
  .text               ro code  0x0800512c    0x42  strcmp_unaligned.o [5]
  .text               ro code  0x08005170     0x6  ABImemclr4.o [5]
  .text               ro code  0x08005178    0x44  strcpy_unaligned.o [5]
  .text               ro code  0x080051bc    0x1c  strcat.o [3]
  .text               ro code  0x080051d8   0x174  DeviceModule.o [1]
  .text               ro code  0x0800534c    0x74  FltAdd.o [4]
  .text               ro code  0x080053c0   0x170  CRC_JIAMI.o [1]
  .text               ro code  0x08005530    0x34  sprintf.o [3]
  .text               ro code  0x08005564   0x272  Handle.o [1]
  .text               ro code  0x080057d8    0x32  ABImemset48.o [5]
  .text               ro code  0x0800580c   0x1d8  spi.o [1]
  .text               ro code  0x080059e4   0x484  stm32f1xx_hal_gpio.o [1]
  .text               ro code  0x08005e68   0x71e  stm32f1xx_hal_spi.o [1]
  .text               ro code  0x08006588    0x58  stm32f1xx_hal.o [1]
  .text               ro code  0x080065e0     0x8  atoi.o [3]
  .text               ro code  0x080065e8   0x220  relay.o [1]
  .text               ro code  0x08006808    0x90  stm32f1xx_hal_spi_ex.o [1]
  .text               ro code  0x08006898    0xf2  main.o [1]
  .text               ro code  0x0800698c   0x184  stm32f1xx_hal_cortex.o [1]
  .text               ro code  0x08006b10    0x94  stm32f1xx_hal_timebase_TIM.o [1]
  .text               ro code  0x08006ba4    0x7c  stm32f1xx_hal_msp.o [1]
  .text               ro code  0x08006c20   0x198  xstoul.o [3]
  .text               ro code  0x08006db8   0x1ac  gpio.o [1]
  .text               ro code  0x08006f64   0x110  can.o [1]
  .text               ro code  0x08007074    0x90  dac.o [1]
  .text               ro code  0x08007104    0x34  sdio.o [1]
  .text               ro code  0x08007138   0x620  tim.o [1]
  .text               ro code  0x08007758   0xa5c  stm32f1xx_hal_rcc.o [1]
  .text               ro code  0x080081b4   0x144  stm32f1xx_hal_rcc_ex.o [1]
  .text               ro code  0x080082f8   0x680  stm32f1xx_hal_tim.o [1]
  .text               ro code  0x08008978    0x14  isxxx.o [3]
  .text               ro code  0x0800898c    0x14  tolower.o [3]
  .text               ro code  0x080089a0     0xc  errno.o [3]
  .text               ro code  0x080089ac   0x47e  stm32f1xx_hal_can.o [1]
  .text               ro code  0x08008e2c    0x7e  stm32f1xx_hal_dac.o [1]
  .text               ro code  0x08008eac    0xa8  stm32f1xx_hal_tim_ex.o [1]
  .text               ro code  0x08008f54    0x14  xlocale_c.o [3]
  .text               ro code  0x08008f68     0xc  xlocale_c.o [3]
  .text               ro code  0x08008f74   0x7a8  stm32f1xx_hal_adc.o [1]
  .text               ro code  0x0800971c    0x9c  adc.o [1]
  .text               ro code  0x080097b8   0x308  Key.o [1]
  .text               ro code  0x08009ac0     0x2  stm32f1xx_hal_adc_ex.o [1]
  .text               ro code  0x08009ac4   0x676  SHT2x.o [1]
  .text               ro code  0x0800a13c    0x1e  I32ToFlt.o [4]
  .text               ro code  0x0800a15c    0x90  DblToFlt.o [4]
  .text               ro code  0x0800a1ec   0x5ac  SerialDriver.o [1]
  .text               ro code  0x0800a798    0xa0  SerialDriver_OS.o [1]
  .text               ro code  0x0800a838   0x594  stm32f1xx_hal_uart.o [1]
  .text               ro code  0x0800adcc   0x158  usart.o [1]
  .text               ro code  0x0800af24   0x45c  UsartDriver.o [1]
  .text               ro code  0x0800b380   0x544  DS1307.o [1]
  .text               ro code  0x0800b8c4   0x534  si446x.o [1]
  .text               ro code  0x0800bdf8   0x44c  RF4463.o [1]
  .text               ro code  0x0800c244   0x334  Alarm.o [1]
  .rodata             const    0x0800c578   0x16c  si446x.o [1]
  .text               ro code  0x0800c6e4    0xdc  stm32f1xx_it.o [1]
  .text               ro code  0x0800c7c0    0xc0  stm32f1xx_hal_sd.o [1]
  .text               ro code  0x0800c880    0x68  system_stm32f1xx.o [1]
  .text               ro code  0x0800c8e8    0x40  zero_init3.o [5]
  .rodata             const    0x0800c928    0x30  relay.o [1]
  .text               ro code  0x0800c958    0x28  data_init.o [5]
  .iar.init_table     const    0x0800c980    0x20  - Linker created -
  .text               ro code  0x0800c9a0    0x1a  cmain.o [5]
  .text               ro code  0x0800c9ba     0x4  low_level_init.o [3]
  .text               ro code  0x0800c9be     0x4  exit.o [3]
  .text               ro code  0x0800c9c4     0xa  cexit.o [5]
  .text               ro code  0x0800c9d0    0x14  exit.o [6]
  .rodata             const    0x0800c9e4    0x18  Alarm.o [1]
  .rodata             const    0x0800c9fc    0x18  freertos.o [1]
  .rodata             const    0x0800ca14    0x18  freertos.o [1]
  .rodata             const    0x0800ca2c    0x18  freertos.o [1]
  .rodata             const    0x0800ca44    0x18  freertos.o [1]
  .rodata             const    0x0800ca5c    0x14  freertos.o [1]
  .rodata             const    0x0800ca70    0x14  freertos.o [1]
  .rodata             const    0x0800ca84    0x14  freertos.o [1]
  .rodata             const    0x0800ca98    0x14  freertos.o [1]
  .rodata             const    0x0800caac    0x14  freertos.o [1]
  .rodata             const    0x0800cac0    0x14  freertos.o [1]
  .rodata             const    0x0800cad4    0x14  freertos.o [1]
  .rodata             const    0x0800cae8    0x14  freertos.o [1]
  .rodata             const    0x0800cafc    0x10  freertos.o [1]
  .rodata             const    0x0800cb0c    0x10  freertos.o [1]
  .rodata             const    0x0800cb1c    0x10  freertos.o [1]
  .rodata             const    0x0800cb2c    0x10  freertos.o [1]
  .rodata             const    0x0800cb3c    0x10  Handle.o [1]
  .rodata             const    0x0800cb4c    0x10  Handle.o [1]
  .rodata             const    0x0800cb5c    0x10  stm32f1xx_hal_rcc.o [1]
  .rodata             const    0x0800cb6c    0x10  system_stm32f1xx.o [1]
  .text               ro code  0x0800cb7c    0x10  startup_stm32f103xe.o [1]
  .rodata             const    0x0800cb8c     0xc  freertos.o [1]
  .rodata             const    0x0800cb98     0xc  freertos.o [1]
  .rodata             const    0x0800cba4     0xc  freertos.o [1]
  .text               ro code  0x0800cbb0     0xc  cstartup_M.o [5]
  .rodata             const    0x0800cbbc     0x8  Alarm.o [1]
  .rodata             const    0x0800cbc4     0x8  board.o [1]
  .rodata             const    0x0800cbcc     0x8  DataTransfer.o [1]
  .rodata             const    0x0800cbd4     0x8  DataTransfer.o [1]
  .rodata             const    0x0800cbdc     0x8  Handle.o [1]
  .rodata             const    0x0800cbe4     0x8  Handle.o [1]
  .rodata             const    0x0800cbec     0x8  Handle.o [1]
  .rodata             const    0x0800cbf4     0x8  Handle.o [1]
  .rodata             const    0x0800cbfc     0x8  relay.o [1]
  .rodata             const    0x0800cc04     0x8  relay.o [1]
  .rodata             const    0x0800cc0c     0x8  relay.o [1]
  .rodata             const    0x0800cc14     0x8  relay.o [1]
  .rodata             const    0x0800cc1c     0x8  system_stm32f1xx.o [1]
  .rodata             const    0x0800cc24     0x8  tasks.o [1]
  .rodata             const    0x0800cc2c     0x8  timers.o [1]
  .rodata             const    0x0800cc34     0x8  timers.o [1]
  .rodata             const    0x0800cc3c     0x4  freertos.o [1]
  .rodata             const    0x0800cc40     0x4  freertos.o [1]
  .rodata             const    0x0800cc44     0x4  heap_4.o [1]
  .rodata             const    0x0800cc48     0x4  port.o [1]
  .text               ro code  0x0800cc4c     0x4  startup_stm32f103xe.o [1]
  .text               ro code  0x0800cc50     0x4  startup_stm32f103xe.o [1]
  .text               ro code  0x0800cc54     0x4  startup_stm32f103xe.o [1]
  .text               ro code  0x0800cc58     0x4  startup_stm32f103xe.o [1]
  .text               ro code  0x0800cc5c     0x4  startup_stm32f103xe.o [1]
  .text               ro code  0x0800cc60     0x4  startup_stm32f103xe.o [1]
  .text               ro code  0x0800cc64     0x4  startup_stm32f103xe.o [1]
  .text               ro code  0x0800cc68     0x4  startup_stm32f103xe.o [1]
  .text               ro code  0x0800cc6c     0x4  startup_stm32f103xe.o [1]
  .text               ro code  0x0800cc70     0x4  startup_stm32f103xe.o [1]
  .text               ro code  0x0800cc74     0x4  startup_stm32f103xe.o [1]
  .text               ro code  0x0800cc78     0x4  startup_stm32f103xe.o [1]
  .text               ro code  0x0800cc7c     0x4  startup_stm32f103xe.o [1]
  .text               ro code  0x0800cc80     0x4  startup_stm32f103xe.o [1]
  .text               ro code  0x0800cc84     0x4  startup_stm32f103xe.o [1]
  .text               ro code  0x0800cc88     0x4  startup_stm32f103xe.o [1]
  .text               ro code  0x0800cc8c     0x4  startup_stm32f103xe.o [1]
  .text               ro code  0x0800cc90     0x4  startup_stm32f103xe.o [1]
  .text               ro code  0x0800cc94     0x4  startup_stm32f103xe.o [1]
  .text               ro code  0x0800cc98     0x4  startup_stm32f103xe.o [1]
  .text               ro code  0x0800cc9c     0x4  startup_stm32f103xe.o [1]
  .text               ro code  0x0800cca0     0x4  startup_stm32f103xe.o [1]
  .text               ro code  0x0800cca4     0x4  startup_stm32f103xe.o [1]
  .text               ro code  0x0800cca8     0x4  startup_stm32f103xe.o [1]
  .text               ro code  0x0800ccac     0x4  startup_stm32f103xe.o [1]
  .text               ro code  0x0800ccb0     0x4  startup_stm32f103xe.o [1]
  .text               ro code  0x0800ccb4     0x4  startup_stm32f103xe.o [1]
  .text               ro code  0x0800ccb8     0x4  startup_stm32f103xe.o [1]
  .text               ro code  0x0800ccbc     0x4  startup_stm32f103xe.o [1]
  .text               ro code  0x0800ccc0     0x4  startup_stm32f103xe.o [1]
  .text               ro code  0x0800ccc4     0x4  startup_stm32f103xe.o [1]
  .text               ro code  0x0800ccc8     0x4  startup_stm32f103xe.o [1]
  .text               ro code  0x0800cccc     0x4  startup_stm32f103xe.o [1]
  .text               ro code  0x0800ccd0     0x4  startup_stm32f103xe.o [1]
  .text               ro code  0x0800ccd4     0x4  startup_stm32f103xe.o [1]
  .text               ro code  0x0800ccd8     0x4  startup_stm32f103xe.o [1]
  .text               ro code  0x0800ccdc     0x4  startup_stm32f103xe.o [1]
  .text               ro code  0x0800cce0     0x4  startup_stm32f103xe.o [1]
  .text               ro code  0x0800cce4     0x4  startup_stm32f103xe.o [1]
  .text               ro code  0x0800cce8     0x4  startup_stm32f103xe.o [1]
  .text               ro code  0x0800ccec     0x4  startup_stm32f103xe.o [1]
  .text               ro code  0x0800ccf0     0x4  startup_stm32f103xe.o [1]
  .text               ro code  0x0800ccf4     0x4  startup_stm32f103xe.o [1]
  .text               ro code  0x0800ccf8     0x4  startup_stm32f103xe.o [1]
  .text               ro code  0x0800ccfc     0x4  startup_stm32f103xe.o [1]
  .text               ro code  0x0800cd00     0x4  startup_stm32f103xe.o [1]
  .text               ro code  0x0800cd04     0x4  startup_stm32f103xe.o [1]
  .text               ro code  0x0800cd08     0x4  startup_stm32f103xe.o [1]
  .text               ro code  0x0800cd0c     0x4  startup_stm32f103xe.o [1]
  .text               ro code  0x0800cd10     0x4  startup_stm32f103xe.o [1]
  .rodata             const    0x0800cd14     0x0  zero_init3.o [5]
  .rodata             const    0x0800cd14     0x0  lz77_init_single.o [5]
  Initializer bytes   const    0x0800cd14   0x218  <for P2-1>
                             - 0x0800cf2c  0xcdfc

"P2", part 1 of 3:                          0x41d
  P2-1                         0x20000000   0x41d  <Init block>
    .data             inited   0x20000000    0x40  Alarm.o [1]
    .data             inited   0x20000040    0x28  board.o [1]
    .data             inited   0x20000068     0xc  CRC_JIAMI.o [1]
    .data             inited   0x20000074     0xc  CRC_JIAMI.o [1]
    .data             inited   0x20000080    0x20  CRC_JIAMI.o [1]
    .data             inited   0x200000a0     0x4  DataTransfer.o [1]
    .data             inited   0x200000a4    0x20  DataTransfer.o [1]
    .data             inited   0x200000c4    0x34  DeviceModule.o [1]
    .data             inited   0x200000f8    0x40  DS1307.o [1]
    .data             inited   0x20000138    0x28  Key.o [1]
    .data             inited   0x20000160    0x40  Key.o [1]
    .data             inited   0x200001a0     0x4  port.o [1]
    .data             inited   0x200001a4     0x8  relay.o [1]
    .data             inited   0x200001ac    0x40  relay.o [1]
    .data             inited   0x200001ec     0xc  RF4463.o [1]
    .data             inited   0x200001f8    0x40  RF4463.o [1]
    .data             inited   0x20000238    0x20  SerialDriver.o [1]
    .data             inited   0x20000258    0x40  SHT2x.o [1]
    .data             inited   0x20000298     0x4  system_stm32f1xx.o [1]
    .data             inited   0x2000029c    0x40  UsartDriver.o [1]
    .data             inited   0x200002dc    0x40  UsartDriver.o [1]
    __DLIB_PERTHREAD  inited   0x2000031c    0x88  localeconv.o [3]
    __DLIB_PERTHREAD  inited   0x200003a4     0x4  errno.o [3]
    __DLIB_PERTHREAD  inited   0x200003a8    0x74  setlocale.o [3]
    .data             inited   0x2000041c     0x1  RF4463.o [1]
                             - 0x2000041d   0x41d

"P2", part 2 of 3:                         0x2000
  CSTACK                       0x20000420  0x1000  <Block>
    CSTACK            uninit   0x20000420  0x1000  <Block tail>
  HEAP                         0x20001420  0x1000  <Block>
    HEAP              uninit   0x20001420  0x1000  <Block tail>
                             - 0x20002420  0x2000

"P2", part 3 of 3:                         0x8c14
  .bss                zero     0x20002420  0x7800  heap_4.o [1]
  .bss                zero     0x20009c20   0x7a0  board.o [1]
  .bss                zero     0x2000a3c0   0x280  tasks.o [1]
  .bss                zero     0x2000a640   0x1b8  board.o [1]
  .bss                zero     0x2000a7f8   0x128  UsartDriver.o [1]
  .bss                zero     0x2000a920    0xa0  SerialDriver.o [1]
  .bss                zero     0x2000a9c0    0x60  sdio.o [1]
  .bss                zero     0x2000aa20    0x58  spi.o [1]
  .bss                zero     0x2000aa78    0x58  spi.o [1]
  .bss                zero     0x2000aad0    0x40  can.o [1]
  .bss                zero     0x2000ab10    0x40  DataTransfer.o [1]
  .bss                zero     0x2000ab50    0x40  DataTransfer.o [1]
  .bss                zero     0x2000ab90    0x40  queue.o [1]
  .bss                zero     0x2000abd0    0x40  usart.o [1]
  .bss                zero     0x2000ac10    0x40  UsartDriver.o [1]
  .bss                zero     0x2000ac50    0x40  UsartDriver.o [1]
  .bss                zero     0x2000ac90    0x3c  stm32f1xx_hal_timebase_TIM.o [1]
  .bss                zero     0x2000accc    0x3c  tim.o [1]
  .bss                zero     0x2000ad08    0x3c  tim.o [1]
  .bss                zero     0x2000ad44    0x3c  tim.o [1]
  .bss                zero     0x2000ad80    0x3c  tim.o [1]
  .bss                zero     0x2000adbc    0x3c  tim.o [1]
  .bss                zero     0x2000adf8    0x3c  tim.o [1]
  .bss                zero     0x2000ae34    0x30  adc.o [1]
  .bss                zero     0x2000ae64    0x2c  Alarm.o [1]
  .bss                zero     0x2000ae90    0x20  relay.o [1]
  .bss                zero     0x2000aeb0    0x14  dac.o [1]
  .bss                zero     0x2000aec4    0x14  tasks.o [1]
  .bss                zero     0x2000aed8    0x14  tasks.o [1]
  .bss                zero     0x2000aeec    0x14  tasks.o [1]
  .bss                zero     0x2000af00    0x14  tasks.o [1]
  .bss                zero     0x2000af14    0x14  tasks.o [1]
  .bss                zero     0x2000af28    0x14  timers.o [1]
  .bss                zero     0x2000af3c    0x14  timers.o [1]
  .bss                zero     0x2000af50     0xc  relay.o [1]
  .bss                zero     0x2000af5c     0x8  DS1307.o [1]
  .bss                zero     0x2000af64     0x8  heap_4.o [1]
  .bss                zero     0x2000af6c     0x8  relay.o [1]
  .bss                zero     0x2000af74     0x8  xxmemxmalloc.o [3]
  .bss                zero     0x2000af7c     0x4  freertos.o [1]
  .bss                zero     0x2000af80     0x4  freertos.o [1]
  .bss                zero     0x2000af84     0x4  freertos.o [1]
  .bss                zero     0x2000af88     0x4  freertos.o [1]
  .bss                zero     0x2000af8c     0x4  freertos.o [1]
  .bss                zero     0x2000af90     0x4  freertos.o [1]
  .bss                zero     0x2000af94     0x4  freertos.o [1]
  .bss                zero     0x2000af98     0x4  freertos.o [1]
  .bss                zero     0x2000af9c     0x4  freertos.o [1]
  .bss                zero     0x2000afa0     0x4  freertos.o [1]
  .bss                zero     0x2000afa4     0x4  freertos.o [1]
  .bss                zero     0x2000afa8     0x4  freertos.o [1]
  .bss                zero     0x2000afac     0x4  heap_4.o [1]
  .bss                zero     0x2000afb0     0x4  heap_4.o [1]
  .bss                zero     0x2000afb4     0x4  heap_4.o [1]
  .bss                zero     0x2000afb8     0x4  heap_4.o [1]
  .bss                zero     0x2000afbc     0x4  port.o [1]
  .bss                zero     0x2000afc0     0x4  port.o [1]
  .bss                zero     0x2000afc4     0x4  port.o [1]
  .bss                zero     0x2000afc8     0x4  port.o [1]
  .bss                zero     0x2000afcc     0x4  RF4463.o [1]
  .bss                zero     0x2000afd0     0x4  RF4463.o [1]
  .bss                zero     0x2000afd4     0x4  SHT2x.o [1]
  .bss                zero     0x2000afd8     0x4  SHT2x.o [1]
  .bss                zero     0x2000afdc     0x4  stm32f1xx_hal.o [1]
  .bss                zero     0x2000afe0     0x4  tasks.o [1]
  .bss                zero     0x2000afe4     0x4  tasks.o [1]
  .bss                zero     0x2000afe8     0x4  tasks.o [1]
  .bss                zero     0x2000afec     0x4  tasks.o [1]
  .bss                zero     0x2000aff0     0x4  tasks.o [1]
  .bss                zero     0x2000aff4     0x4  tasks.o [1]
  .bss                zero     0x2000aff8     0x4  tasks.o [1]
  .bss                zero     0x2000affc     0x4  tasks.o [1]
  .bss                zero     0x2000b000     0x4  tasks.o [1]
  .bss                zero     0x2000b004     0x4  tasks.o [1]
  .bss                zero     0x2000b008     0x4  tasks.o [1]
  .bss                zero     0x2000b00c     0x4  tasks.o [1]
  .bss                zero     0x2000b010     0x4  tasks.o [1]
  .bss                zero     0x2000b014     0x4  tasks.o [1]
  .bss                zero     0x2000b018     0x4  timers.o [1]
  .bss                zero     0x2000b01c     0x4  timers.o [1]
  .bss                zero     0x2000b020     0x4  timers.o [1]
  .bss                zero     0x2000b024     0x4  timers.o [1]
  .bss                zero     0x2000b028     0x4  xgetmemchunk.o [3]
  .bss                zero     0x2000b02c     0x2  freertos.o [1]
  .bss                zero     0x2000b02e     0x1  freertos.o [1]
  .bss                zero     0x2000b02f     0x1  port.o [1]
  .bss                zero     0x2000b030     0x1  RF4463.o [1]
  .bss                zero     0x2000b031     0x1  SerialDriver.o [1]
  .bss                zero     0x2000b032     0x1  stm32f1xx_hal_spi_ex.o [1]
                             - 0x2000b033  0x8c13


*******************************************************************************
*** INIT TABLE
***

          Address     Size
          -------     ----
Zero (__iar_zero_init3)
    1 destination range, total size 0x8c13:
          0x20002420  0x8c13

Copy/lz77 (__iar_lz77_init_single3)
    1 source range, total size 0x218 (50% of destination):
          0x0800cd14   0x218
    1 destination range, total size 0x41d:
          0x20000000   0x41d



*******************************************************************************
*** MODULE SUMMARY
***

    Module                        ro code  ro data  rw data
    ------                        -------  -------  -------
F:\重要资料\学习笔记\放眼未来\智能家居\程序\新新\EWARM\SmartHouse\Obj: [1]
    Alarm.o                           820       64      108
    CRC_JIAMI.o                       368       29       56
    DS1307.o                        1 348       32       72
    DataTransfer.o                    864       34      164
    DeviceModule.o                    372       27       52
    Gizwits.o                         124
    Handle.o                          626       64
    Key.o                             776       53      104
    RF4463.o                        1 100       40       86
    SHT2x.o                         1 654       32       72
    SerialDriver.o                  1 452       16      193
    SerialDriver_OS.o                 160
    UsartDriver.o                   1 116       65      552
    adc.o                             156                48
    board.o                           860       28    2 432
    can.o                             272                64
    cmsis_os.o                        516
    dac.o                             144                20
    freertos.o                      1 280      364       51
    gpio.o                            428
    heap_4.o                          600        4   30 744
    list.o                            158
    main.o                            242
    port.o                            844        6       21
    portasm.o                         148
    queue.o                         2 072                64
    relay.o                           544      117      124
    sdio.o                             52                96
    si446x.o                        1 332      364
    spi.o                             472               176
    startup_stm32f103xe.o             520
    stm32f1xx_hal.o                    88                 4
    stm32f1xx_hal_adc.o             1 960
    stm32f1xx_hal_adc_ex.o              2
    stm32f1xx_hal_can.o             1 150
    stm32f1xx_hal_cortex.o            388
    stm32f1xx_hal_dac.o               126
    stm32f1xx_hal_gpio.o            1 156
    stm32f1xx_hal_msp.o               124
    stm32f1xx_hal_rcc.o             2 652       18
    stm32f1xx_hal_rcc_ex.o            324
    stm32f1xx_hal_sd.o                192
    stm32f1xx_hal_spi.o             1 822
    stm32f1xx_hal_spi_ex.o            144                 1
    stm32f1xx_hal_tim.o             1 664
    stm32f1xx_hal_tim_ex.o            168
    stm32f1xx_hal_timebase_TIM.o      148                60
    stm32f1xx_hal_uart.o            1 428
    stm32f1xx_it.o                    220
    system_stm32f1xx.o                104       27        4
    tasks.o                         3 488        8      796
    tim.o                           1 568               360
    timers.o                        1 112       16       56
    usart.o                           344                64
    -------------------------------------------------------
    Total:                         41 792    1 408   36 644

command line: [2]
    -------------------------------------------------------
    Total:

dl7M_tlf.a: [3]
    atoi.o                              8
    div.o                              14
    errno.o                            12        2        4
    exit.o                              4
    isxxx.o                            20
    localeconv.o                      108       69      136
    low_level_init.o                    4
    setlocale.o                        36       59      116
    sprintf.o                          52
    strcat.o                           28
    tolower.o                          20
    xencoding_sb.o                     96
    xgetmemchunk.o                     44                 4
    xlocale_c.o                        32
    xmbcurmax.o                        10
    xmbtowc.o                          32
    xprintffull.o                   4 454
    xsprout.o                          10
    xstoul.o                          408
    xtls.o                              2
    xwctomb.o                          26
    xxmemxfree.o                      128
    xxmemxmalloc.o                    176                 8
    -------------------------------------------------------
    Total:                          5 724      130      268

m7M_tl.a: [4]
    DblAdd.o                          232
    DblCmpGe.o                         46
    DblCmpLe.o                         46
    DblDiv.o                          598
    DblMul.o                          418
    DblSub.o                          384
    DblToFlt.o                        144
    DblToI32.o                         88
    FltAdd.o                          116
    FltSub.o                          230
    FltToDbl.o                         78
    I32ToDbl.o                         48
    I32ToFlt.o                         30
    xdnorm.o                           66
    xdscale.o                         268
    -------------------------------------------------------
    Total:                          2 792

rt7M_tl.a: [5]
    ABImemclr4.o                        6
    ABImemcpy_unaligned.o             118
    ABImemset.o                       102
    ABImemset48.o                      50
    I64DivMod.o                       238
    I64DivZer.o                         2
    cexit.o                            10
    cmain.o                            26
    cstartup_M.o                       12
    data_init.o                        40
    lz77_init_single.o                118
    memchr.o                           88
    strchr.o                           22
    strcmp_unaligned.o                 66
    strcpy_unaligned.o                 68
    strlen.o                           54
    zero_init3.o                       64
    -------------------------------------------------------
    Total:                          1 084

shb_l.a: [6]
    exit.o                             20
    -------------------------------------------------------
    Total:                             20

    Gaps                               54
    Linker created                              32    8 192
-----------------------------------------------------------
    Grand Total:                   51 466    1 570   45 104


*******************************************************************************
*** ENTRY LIST
***

Entry                      Address    Size  Type      Object
-----                      -------    ----  ----      ------
.iar.init_table$$Base   0x0800c980           --   Gb  - Linker created -
.iar.init_table$$Limit  0x0800c9a0           --   Gb  - Linker created -
?main                   0x0800c9a1          Code  Gb  cmain.o [5]
ADC1_2_IRQHandler       0x0800c6ed     0xa  Code  Gb  stm32f1xx_it.o [1]
ADC_ConversionStop_Disable
                        0x080096d1    0x4a  Code  Gb  stm32f1xx_hal_adc.o [1]
ADC_Enable              0x08009633    0x6e  Code  Gb  stm32f1xx_hal_adc.o [1]
ADC_Key                 0x20000138    0x28  Data  Gb  Key.o [1]
ADC_KeyGetKey           0x080097b9   0x10c  Code  Gb  Key.o [1]
AHBPrescTable           0x0800cb6c    0x10  Data  Gb  system_stm32f1xx.o [1]
APBPrescTable           0x0800cc1c     0x8  Data  Gb  system_stm32f1xx.o [1]
AckBuffer               0x200001ec     0xc  Data  Gb  RF4463.o [1]
Alarm                   0x20000000    0x40  Data  Gb  Alarm.o [1]
AlarmMutex              0x2000afa0     0x4  Data  Gb  freertos.o [1]
Alarm_close             0x0800c2d5    0x30  Code  Gb  Alarm.o [1]
Alarm_command           0x0800c319    0x30  Code  Gb  Alarm.o [1]
Alarm_detect            0x0800c305    0x14  Code  Gb  Alarm.o [1]
Alarm_gets              0x0800c445    0x1a  Code  Gb  Alarm.o [1]
Alarm_open              0x0800c245    0x90  Code  Gb  Alarm.o [1]
Alarm_puts              0x0800c409    0x3c  Code  Gb  Alarm.o [1]
Alarm_set               0x0800c349    0xc0  Code  Gb  Alarm.o [1]
Alarm_timing_process    0x0800c45f    0xf8  Code  Gb  Alarm.o [1]
BSP_SPI_ExchangeByte    0x0800b8df    0x12  Code  Gb  si446x.o [1]
BackGroundTask_1        0x08003809     0xc  Code  Gb  freertos.o [1]
BackGroundTask_1_Handle
                        0x2000af7c     0x4  Data  Gb  freertos.o [1]
BackGroundTask_2        0x08003815     0xc  Code  Gb  freertos.o [1]
BackGroundTask_2_Handle
                        0x2000af80     0x4  Data  Gb  freertos.o [1]
CAN1_RX1_IRQHandler     0x0800c70b     0xa  Code  Gb  stm32f1xx_it.o [1]
CAN1_SCE_IRQHandler     0x0800c715     0xa  Code  Gb  stm32f1xx_it.o [1]
CAN_Receive_IT          0x08008caf   0x17c  Code  Lc  stm32f1xx_hal_can.o [1]
CAN_Transmit_IT         0x08008c6b    0x44  Code  Lc  stm32f1xx_hal_can.o [1]
CRC16CCITT_Table        0x20000080    0x20  Data  Gb  CRC_JIAMI.o [1]
CRC16Ccitt              0x08005449    0x62  Code  Gb  CRC_JIAMI.o [1]
CRC16Table_SerialDriver
                        0x20000238    0x20  Data  Gb  SerialDriver.o [1]
CRC16_SerialDriver      0x0800a1ed    0x72  Code  Lc  SerialDriver.o [1]
CRC_JIAMI               0x080054b9    0x3e  Code  Gb  CRC_JIAMI.o [1]
CRC_JIEMI               0x080054f7    0x3a  Code  Gb  CRC_JIAMI.o [1]
CSTACK$$Base            0x20000420           --   Gb  - Linker created -
CSTACK$$Limit           0x20001420           --   Gb  - Linker created -
CheckReceive            0x08004e8b    0x1c  Code  Gb  DataTransfer.o [1]
DS1307                  0x200000f8    0x40  Data  Gb  DS1307.o [1]
DS1307_Delay            0x0800b58d    0x1a  Code  Gb  DS1307.o [1]
DS1307_GetTime          0x0800b4d3    0xba  Code  Gb  DS1307.o [1]
DS1307_I2cNoAcknowledge
                        0x0800b6c3    0x3c  Code  Gb  DS1307.o [1]
DS1307_I2cReadByte      0x0800b6ff    0x7c  Code  Gb  DS1307.o [1]
DS1307_I2cStartCondition
                        0x0800b633    0x48  Code  Gb  DS1307.o [1]
DS1307_I2cStopCondition
                        0x0800b67b    0x48  Code  Gb  DS1307.o [1]
DS1307_I2cWriteByte     0x0800b77b    0xb4  Code  Gb  DS1307.o [1]
DS1307_Init             0x0800b5a7    0x36  Code  Gb  DS1307.o [1]
DS1307_SCL_OUTPUT       0x0800b5dd    0x1e  Code  Gb  DS1307.o [1]
DS1307_SDA_INPUT        0x0800b619    0x1a  Code  Gb  DS1307.o [1]
DS1307_SDA_OUTPUT       0x0800b5fb    0x1e  Code  Gb  DS1307.o [1]
DS1307_close            0x0800b3ad    0x26  Code  Gb  DS1307.o [1]
DS1307_command          0x0800b3eb    0x1c  Code  Gb  DS1307.o [1]
DS1307_detect           0x0800b3d3    0x18  Code  Gb  DS1307.o [1]
DS1307_gets             0x0800b4ad    0x26  Code  Gb  DS1307.o [1]
DS1307_open             0x0800b381    0x2c  Code  Gb  DS1307.o [1]
DS1307_puts             0x0800b48f    0x1e  Code  Gb  DS1307.o [1]
DS1307_set              0x0800b407    0x88  Code  Gb  DS1307.o [1]
DeviceList              0x2000a640   0x1b8  Data  Gb  board.o [1]
Ds1307Time              0x2000af5c     0x8  Data  Gb  DS1307.o [1]
Error_Handler           0x08006989     0x2  Code  Gb  main.o [1]
GetRelayState           0x080065e9    0x50  Code  Gb  relay.o [1]
GizwitsSend             0x080048bd    0x62  Code  Gb  Gizwits.o [1]
GizwitsTimingProcess    0x0800491f    0x10  Code  Gb  Gizwits.o [1]
HAL_ADCEx_InjectedConvCpltCallback
                        0x08009ac1     0x2  Code  Wk  stm32f1xx_hal_adc_ex.o [1]
HAL_ADC_ConfigChannel   0x0800949b   0x198  Code  Gb  stm32f1xx_hal_adc.o [1]
HAL_ADC_ConvCpltCallback
                        0x080098c5    0x12  Code  Gb  Key.o [1]
HAL_ADC_DeInit          0x080090ff   0x10a  Code  Gb  stm32f1xx_hal_adc.o [1]
HAL_ADC_GetValue        0x0800938d     0x6  Code  Gb  stm32f1xx_hal_adc.o [1]
HAL_ADC_IRQHandler      0x08009393   0x106  Code  Gb  stm32f1xx_hal_adc.o [1]
HAL_ADC_Init            0x08008f75   0x18a  Code  Gb  stm32f1xx_hal_adc.o [1]
HAL_ADC_LevelOutOfWindowCallback
                        0x08009499     0x2  Code  Wk  stm32f1xx_hal_adc.o [1]
HAL_ADC_MspDeInit       0x08009777    0x30  Code  Gb  adc.o [1]
HAL_ADC_MspInit         0x0800971d    0x5a  Code  Gb  adc.o [1]
HAL_ADC_Start_IT        0x08009209   0x13a  Code  Gb  stm32f1xx_hal_adc.o [1]
HAL_ADC_Stop_IT         0x08009343    0x4a  Code  Gb  stm32f1xx_hal_adc.o [1]
HAL_CAN_ErrorCallback   0x08008c69     0x2  Code  Wk  stm32f1xx_hal_can.o [1]
HAL_CAN_IRQHandler      0x08008adf   0x178  Code  Gb  stm32f1xx_hal_can.o [1]
HAL_CAN_Init            0x080089ad   0x132  Code  Gb  stm32f1xx_hal_can.o [1]
HAL_CAN_MspInit         0x08006fc1    0x9e  Code  Gb  can.o [1]
HAL_CAN_RxCpltCallback  0x08008c67     0x2  Code  Wk  stm32f1xx_hal_can.o [1]
HAL_CAN_TxCpltCallback  0x08008c65     0x2  Code  Wk  stm32f1xx_hal_can.o [1]
HAL_DAC_ConfigChannel   0x08008e59    0x52  Code  Gb  stm32f1xx_hal_dac.o [1]
HAL_DAC_Init            0x08008e2d    0x2c  Code  Gb  stm32f1xx_hal_dac.o [1]
HAL_DAC_MspInit         0x080070bb    0x3a  Code  Gb  dac.o [1]
HAL_Delay               0x080065bd    0x1a  Code  Wk  stm32f1xx_hal.o [1]
HAL_GPIO_DeInit         0x08005cbb   0x138  Code  Gb  stm32f1xx_hal_gpio.o [1]
HAL_GPIO_Init           0x080059e5   0x2d6  Code  Gb  stm32f1xx_hal_gpio.o [1]
HAL_GPIO_ReadPin        0x08005df3    0x18  Code  Gb  stm32f1xx_hal_gpio.o [1]
HAL_GPIO_WritePin       0x08005e0b    0x14  Code  Gb  stm32f1xx_hal_gpio.o [1]
HAL_GetTick             0x080065b7     0x6  Code  Wk  stm32f1xx_hal.o [1]
HAL_IncTick             0x080065ab     0xc  Code  Wk  stm32f1xx_hal.o [1]
HAL_Init                0x08006589    0x22  Code  Gb  stm32f1xx_hal.o [1]
HAL_InitTick            0x08006b11    0x82  Code  Gb  stm32f1xx_hal_timebase_TIM.o [1]
HAL_MspInit             0x08006ba5    0x7c  Code  Gb  stm32f1xx_hal_msp.o [1]
HAL_NVIC_DisableIRQ     0x08006ab1     0xe  Code  Gb  stm32f1xx_hal_cortex.o [1]
HAL_NVIC_EnableIRQ      0x08006aa3     0xe  Code  Gb  stm32f1xx_hal_cortex.o [1]
HAL_NVIC_SetPriority    0x08006a7d    0x26  Code  Gb  stm32f1xx_hal_cortex.o [1]
HAL_NVIC_SetPriorityGrouping
                        0x08006a71     0xc  Code  Gb  stm32f1xx_hal_cortex.o [1]
HAL_RCCEx_PeriphCLKConfig
                        0x080081b5   0x12c  Code  Gb  stm32f1xx_hal_rcc_ex.o [1]
HAL_RCC_ClockConfig     0x08007e41   0x228  Code  Gb  stm32f1xx_hal_rcc.o [1]
HAL_RCC_GetClockConfig  0x08008139    0x3a  Code  Gb  stm32f1xx_hal_rcc.o [1]
HAL_RCC_GetHCLKFreq     0x080080f3     0x6  Code  Gb  stm32f1xx_hal_rcc.o [1]
HAL_RCC_GetPCLK1Freq    0x080080f9    0x20  Code  Gb  stm32f1xx_hal_rcc.o [1]
HAL_RCC_GetPCLK2Freq    0x08008119    0x20  Code  Gb  stm32f1xx_hal_rcc.o [1]
HAL_RCC_GetSysClockFreq
                        0x08008069    0x8a  Code  Gb  stm32f1xx_hal_rcc.o [1]
HAL_RCC_OscConfig       0x08007759   0x6e8  Code  Gb  stm32f1xx_hal_rcc.o [1]
HAL_SD_IRQHandler       0x0800c7c1    0xb6  Code  Gb  stm32f1xx_hal_sd.o [1]
HAL_SD_XferCpltCallback
                        0x0800c877     0x2  Code  Wk  stm32f1xx_hal_sd.o [1]
HAL_SD_XferErrorCallback
                        0x0800c879     0x2  Code  Wk  stm32f1xx_hal_sd.o [1]
HAL_SPI_DeInit          0x08005e69    0x38  Code  Gb  stm32f1xx_hal_spi.o [1]
HAL_SPI_ErrorCallback   0x08006493     0x2  Code  Wk  stm32f1xx_hal_spi.o [1]
HAL_SPI_IRQHandler      0x080063c9    0xca  Code  Gb  stm32f1xx_hal_spi.o [1]
HAL_SPI_Init            0x08006809    0x8c  Code  Gb  stm32f1xx_hal_spi_ex.o [1]
HAL_SPI_MspDeInit       0x08005975    0x4e  Code  Gb  spi.o [1]
HAL_SPI_MspInit         0x080058c9    0xac  Code  Gb  spi.o [1]
HAL_SPI_Transmit        0x08005ea1   0x1cc  Code  Gb  stm32f1xx_hal_spi.o [1]
HAL_SPI_TransmitReceive
                        0x0800606d   0x35c  Code  Gb  stm32f1xx_hal_spi.o [1]
HAL_SYSTICK_CLKSourceConfig
                        0x08006acb    0x20  Code  Gb  stm32f1xx_hal_cortex.o [1]
HAL_SYSTICK_Config      0x08006abf     0xc  Code  Gb  stm32f1xx_hal_cortex.o [1]
HAL_TIMEx_BreakCallback
                        0x08008f51     0x2  Code  Wk  stm32f1xx_hal_tim_ex.o [1]
HAL_TIMEx_CommutationCallback
                        0x08008f4f     0x2  Code  Wk  stm32f1xx_hal_tim_ex.o [1]
HAL_TIMEx_ConfigBreakDeadTime
                        0x08008ead    0x48  Code  Gb  stm32f1xx_hal_tim_ex.o [1]
HAL_TIMEx_MasterConfigSynchronization
                        0x08008ef5    0x5a  Code  Gb  stm32f1xx_hal_tim_ex.o [1]
HAL_TIM_Base_Init       0x080082f9    0x38  Code  Gb  stm32f1xx_hal_tim.o [1]
HAL_TIM_Base_MspInit    0x080075b3    0xf0  Code  Gb  tim.o [1]
HAL_TIM_Base_Start_IT   0x08008331    0x1e  Code  Gb  stm32f1xx_hal_tim.o [1]
HAL_TIM_ConfigClockSource
                        0x08008569   0x11e  Code  Gb  stm32f1xx_hal_tim.o [1]
HAL_TIM_IC_CaptureCallback
                        0x08008689     0x2  Code  Wk  stm32f1xx_hal_tim.o [1]
HAL_TIM_IRQHandler      0x08008387   0x176  Code  Gb  stm32f1xx_hal_tim.o [1]
HAL_TIM_MspPostInit     0x080076c9    0x4e  Code  Gb  tim.o [1]
HAL_TIM_OC_ConfigChannel
                        0x080084fd    0x6c  Code  Gb  stm32f1xx_hal_tim.o [1]
HAL_TIM_OC_DelayElapsedCallback
                        0x08008687     0x2  Code  Wk  stm32f1xx_hal_tim.o [1]
HAL_TIM_OC_Init         0x0800834f    0x38  Code  Gb  stm32f1xx_hal_tim.o [1]
HAL_TIM_OC_MspInit      0x080076a3    0x26  Code  Gb  tim.o [1]
HAL_TIM_PWM_PulseFinishedCallback
                        0x0800868b     0x2  Code  Wk  stm32f1xx_hal_tim.o [1]
HAL_TIM_PeriodElapsedCallback
                        0x08006971    0x12  Code  Gb  main.o [1]
HAL_TIM_TriggerCallback
                        0x0800868d     0x2  Code  Wk  stm32f1xx_hal_tim.o [1]
HAL_UART_ErrorCallback  0x0800aabb     0x2  Code  Wk  stm32f1xx_hal_uart.o [1]
HAL_UART_IRQHandler     0x0800a9a1   0x11a  Code  Gb  stm32f1xx_hal_uart.o [1]
HAL_UART_Init           0x0800a839    0x70  Code  Gb  stm32f1xx_hal_uart.o [1]
HAL_UART_MspInit        0x0800adcd   0x136  Code  Gb  usart.o [1]
HAL_UART_Receive_IT     0x0800a919    0x88  Code  Gb  stm32f1xx_hal_uart.o [1]
HAL_UART_RxCpltCallback
                        0x0800b317    0x2e  Code  Gb  UsartDriver.o [1]
HAL_UART_Transmit_IT    0x0800a8a9    0x70  Code  Gb  stm32f1xx_hal_uart.o [1]
HAL_UART_TxCpltCallback
                        0x0800b2e9    0x2e  Code  Gb  UsartDriver.o [1]
HEAP$$Base              0x20001420           --   Gb  - Linker created -
HEAP$$Limit             0x20002420           --   Gb  - Linker created -
HighSpeedDeviceTask_1   0x080038a3    0x9c  Code  Gb  freertos.o [1]
HighSpeedDeviceTask_1_Handle
                        0x2000af84     0x4  Data  Gb  freertos.o [1]
HighSpeedDeviceTask_2   0x0800393f    0x90  Code  Gb  freertos.o [1]
HighSpeedDeviceTask_2_Handle
                        0x2000af88     0x4  Data  Gb  freertos.o [1]
HighSpeedTimer          0x2000af94     0x4  Data  Gb  freertos.o [1]
HighSpeedTimerTask      0x08003821    0x80  Code  Gb  freertos.o [1]
Humidity                0x2000afd8     0x4  Data  Gb  SHT2x.o [1]
InfSetAdd               0x08004b6d    0xba  Code  Gb  board.o [1]
InfSet_1                0x20009c20   0x7a0  Data  Gb  board.o [1]
JIAMI                   0x080053c1    0x44  Code  Gb  CRC_JIAMI.o [1]
JIAMI_Table             0x20000068     0xc  Data  Gb  CRC_JIAMI.o [1]
JIEMI                   0x08005405    0x44  Code  Gb  CRC_JIAMI.o [1]
JIEMI_Table             0x20000074     0xc  Data  Gb  CRC_JIAMI.o [1]
LL_SHT2x_Delay          0x08009c41    0x1a  Code  Gb  SHT2x.o [1]
LL_SHT2x_GetSerialNumber
                        0x0800a06d    0xce  Code  Gb  SHT2x.o [1]
LL_SHT2x_I2cAcknowledge
                        0x08009d97    0x42  Code  Gb  SHT2x.o [1]
LL_SHT2x_I2cNoAcknowledge
                        0x08009dd9    0x42  Code  Gb  SHT2x.o [1]
LL_SHT2x_I2cReadByte    0x08009e1b    0x72  Code  Gb  SHT2x.o [1]
LL_SHT2x_I2cStartCondition
                        0x08009cf7    0x50  Code  Gb  SHT2x.o [1]
LL_SHT2x_I2cStopCondition
                        0x08009d47    0x50  Code  Gb  SHT2x.o [1]
LL_SHT2x_I2cWriteByte   0x08009e8d    0xa8  Code  Gb  SHT2x.o [1]
LL_SHT2x_Init           0x08009c5b    0x40  Code  Gb  SHT2x.o [1]
LL_SHT2x_MeasureHumiPoll
                        0x08009fb3    0x7e  Code  Gb  SHT2x.o [1]
LL_SHT2x_MeasureTempPoll
                        0x08009f35    0x7e  Code  Gb  SHT2x.o [1]
LL_SHT2x_SCL_OUTPUT     0x08009c9b    0x20  Code  Gb  SHT2x.o [1]
LL_SHT2x_SDA_INPUT      0x08009cdb    0x1c  Code  Gb  SHT2x.o [1]
LL_SHT2x_SDA_OUTPUT     0x08009cbb    0x20  Code  Gb  SHT2x.o [1]
LL_SHT2x_SoftReset      0x0800a055    0x18  Code  Gb  SHT2x.o [1]
LoadInt                 0x0800077f    0x6e  Code  Lc  xprintffull.o [3]
LowSpeedDeviceTask_1    0x080039cf    0x1a  Code  Gb  freertos.o [1]
LowSpeedDeviceTask_1_Handle
                        0x2000af90     0x4  Data  Gb  freertos.o [1]
LowSpeedDeviceTask_2    0x080039e9   0x154  Code  Gb  freertos.o [1]
LowSpeedDeviceTask_2_Handle
                        0x2000af8c     0x4  Data  Gb  freertos.o [1]
LowSpeedTimer           0x2000af98     0x4  Data  Gb  freertos.o [1]
LowSpeedTimerTask       0x080038a1     0x2  Code  Gb  freertos.o [1]
MX_CAN_Init             0x08006f65    0x5c  Code  Gb  can.o [1]
MX_DAC_Init             0x08007075    0x46  Code  Gb  dac.o [1]
MX_FREERTOS_Init        0x080036ed   0x11c  Code  Gb  freertos.o [1]
MX_GPIO_Init            0x08006db9   0x1ac  Code  Gb  gpio.o [1]
MX_SDIO_SD_Init         0x08007105    0x2c  Code  Gb  sdio.o [1]
MX_SPI1_Init            0x0800580d    0x5e  Code  Gb  spi.o [1]
MX_SPI2_Init            0x0800586b    0x5e  Code  Gb  spi.o [1]
MX_TIM1_Init            0x08007139   0x12a  Code  Gb  tim.o [1]
MX_TIM2_Init            0x08007263    0xe8  Code  Gb  tim.o [1]
MX_TIM4_Init            0x0800734b    0xf8  Code  Gb  tim.o [1]
MX_TIM6_Init            0x08007443    0x56  Code  Gb  tim.o [1]
MX_TIM7_Init            0x08007499    0x4a  Code  Gb  tim.o [1]
MX_TIM8_Init            0x080074e3    0xd0  Code  Gb  tim.o [1]
NVIC_DisableIRQ         0x080069c9    0x14  Code  Lc  stm32f1xx_hal_cortex.o [1]
NVIC_EnableIRQ          0x080069b5    0x14  Code  Lc  stm32f1xx_hal_cortex.o [1]
NVIC_EncodePriority     0x08006a03    0x3e  Code  Lc  stm32f1xx_hal_cortex.o [1]
NVIC_GetPriorityGrouping
                        0x080069ab     0xa  Code  Lc  stm32f1xx_hal_cortex.o [1]
NVIC_SetPriority        0x080069dd    0x26  Code  Lc  stm32f1xx_hal_cortex.o [1]
NVIC_SetPriorityGrouping
                        0x0800698d    0x1e  Code  Lc  stm32f1xx_hal_cortex.o [1]
PendSV_Handler          0x08002e09          Code  Gb  portasm.o [1]
Port_RecvDataIT         0x0800b0f1    0x12  Code  Gb  UsartDriver.o [1]
Port_SendDataIT         0x0800b0d9    0x18  Code  Gb  UsartDriver.o [1]
Port_SerialInit         0x0800b103     0x4  Code  Gb  UsartDriver.o [1]
PostSleepProcessing     0x080036eb     0x2  Code  Gb  freertos.o [1]
PreSleepProcessing      0x080036e9     0x2  Code  Gb  freertos.o [1]
RTC_init                0x0800b83d    0x10  Code  Gb  DS1307.o [1]
Region$$Table$$Base     0x0800c980           --   Gb  - Linker created -
Region$$Table$$Limit    0x0800c9a0           --   Gb  - Linker created -
RelayArray              0x0800c928    0x30  Data  Gb  relay.o [1]
RelayState              0x2000af6c     0x8  Data  Lc  relay.o [1]
SDIO_IRQHandler         0x0800c76f     0xa  Code  Gb  stm32f1xx_it.o [1]
SHT20                   0x20000258    0x40  Data  Gb  SHT2x.o [1]
SI4463Mutex             0x2000af9c     0x4  Data  Gb  freertos.o [1]
SI4463_Delay            0x0800b8c5    0x1a  Code  Gb  si446x.o [1]
SI446X_CHANGE_STATE     0x0800bda9    0x1a  Code  Gb  si446x.o [1]
SI446X_CMD              0x0800b94f    0x52  Code  Gb  si446x.o [1]
SI446X_CONFIG_INIT      0x0800ba95    0x4c  Code  Gb  si446x.o [1]
SI446X_GET_DEVICE_STATE
                        0x0800bdd7    0x22  Code  Gb  si446x.o [1]
SI446X_GPIO_CONFIG      0x0800bd55    0x54  Code  Gb  si446x.o [1]
SI446X_INT_STATUS       0x0800b9fb    0x38  Code  Gb  si446x.o [1]
SI446X_READ_PACKET      0x0800bc0d    0x54  Code  Gb  si446x.o [1]
SI446X_READ_RESPONSE    0x0800b9a1    0x5a  Code  Gb  si446x.o [1]
SI446X_RESET            0x0800ba63    0x32  Code  Gb  si446x.o [1]
SI446X_RX_FIFO_RESET    0x0800bd25    0x18  Code  Gb  si446x.o [1]
SI446X_SEND_PACKET      0x0800bae1    0xb2  Code  Gb  si446x.o [1]
SI446X_SET_POWER        0x0800bdc3    0x14  Code  Gb  si446x.o [1]
SI446X_SET_PROPERTY_1   0x0800ba33    0x30  Code  Gb  si446x.o [1]
SI446X_START_RX         0x0800bc75    0xb0  Code  Gb  si446x.o [1]
SI446X_START_TX         0x0800bb93    0x7a  Code  Gb  si446x.o [1]
SI446X_TX_FIFO_RESET    0x0800bd3d    0x18  Code  Gb  si446x.o [1]
SI446X_WAIT_CTS         0x0800b8f1    0x5e  Code  Gb  si446x.o [1]
SPI1_IRQHandler         0x0800c73d     0xa  Code  Gb  stm32f1xx_it.o [1]
SPI2_IRQHandler         0x0800c747     0xa  Code  Gb  stm32f1xx_it.o [1]
SPI_WaitOnFlagUntilTimeout
                        0x08006495    0xf2  Code  Lc  stm32f1xx_hal_spi.o [1]
SVC_Handler             0x08002e5b          Code  Gb  portasm.o [1]
SerialInit_Basic        0x0800a25f    0x48  Code  Gb  SerialDriver.o [1]
SerialInit_OS           0x0800a799    0x18  Code  Gb  SerialDriver_OS.o [1]
SerialNotify            0x0800a5c1    0x7a  Code  Lc  SerialDriver.o [1]
SerialNotifyHook        0x0800a82b     0xe  Code  Gb  SerialDriver_OS.o [1]
SerialRecvProcessIT     0x0800a4bb   0x106  Code  Gb  SerialDriver.o [1]
SerialRecv_Basic        0x0800a457    0x64  Code  Gb  SerialDriver.o [1]
SerialRecv_OS           0x0800a7e9    0x42  Code  Gb  SerialDriver_OS.o [1]
SerialSendProcessIT     0x0800a383    0xd4  Code  Gb  SerialDriver.o [1]
SerialSend_Basic        0x0800a2a7    0xdc  Code  Gb  SerialDriver.o [1]
SerialSend_OS           0x0800a7b1    0x38  Code  Gb  SerialDriver_OS.o [1]
SerialTCB_Usart2        0x2000a7f8   0x128  Data  Lc  UsartDriver.o [1]
SuspendList             0x2000a920    0xa0  Data  Gb  SerialDriver.o [1]
SuspendListAdd          0x0800a63b    0xba  Code  Lc  SerialDriver.o [1]
SuspendListCheck        0x0800a6f5    0x96  Code  Lc  SerialDriver.o [1]
SysTick_Config          0x08006a41    0x30  Code  Lc  stm32f1xx_hal_cortex.o [1]
SysTick_Handler         0x0800c6e5     0x8  Code  Gb  stm32f1xx_it.o [1]
SystemClock_Config      0x080068dd    0x94  Code  Gb  main.o [1]
SystemCoreClock         0x20000298     0x4  Data  Gb  system_stm32f1xx.o [1]
SystemInit              0x0800c881    0x4e  Code  Gb  system_stm32f1xx.o [1]
TIM1_UP_IRQHandler      0x0800c71f     0xa  Code  Gb  stm32f1xx_it.o [1]
TIM2_IRQHandler         0x0800c729     0xa  Code  Gb  stm32f1xx_it.o [1]
TIM3_IRQHandler         0x0800c733     0xa  Code  Gb  stm32f1xx_it.o [1]
TIM6_IRQHandler         0x0800c779     0xa  Code  Gb  stm32f1xx_it.o [1]
TIM7_IRQHandler         0x0800c783     0xa  Code  Gb  stm32f1xx_it.o [1]
TIM_Base_SetConfig      0x0800868f    0x88  Code  Gb  stm32f1xx_hal_tim.o [1]
TIM_ETR_SetConfig       0x0800895d    0x1c  Code  Lc  stm32f1xx_hal_tim.o [1]
TIM_ITRx_SetConfig      0x08008947    0x16  Code  Lc  stm32f1xx_hal_tim.o [1]
TIM_OC1_SetConfig       0x08008717    0x72  Code  Lc  stm32f1xx_hal_tim.o [1]
TIM_OC2_SetConfig       0x08008789    0x7c  Code  Gb  stm32f1xx_hal_tim.o [1]
TIM_OC3_SetConfig       0x08008805    0x7a  Code  Lc  stm32f1xx_hal_tim.o [1]
TIM_OC4_SetConfig       0x0800887f    0x58  Code  Lc  stm32f1xx_hal_tim.o [1]
TIM_TI1_ConfigInputStage
                        0x080088ed    0x2c  Code  Lc  stm32f1xx_hal_tim.o [1]
TIM_TI2_ConfigInputStage
                        0x08008919    0x2e  Code  Lc  stm32f1xx_hal_tim.o [1]
TempRx                  0x2000b031     0x1  Data  Lc  SerialDriver.o [1]
Temperature             0x2000afd4     0x4  Data  Gb  SHT2x.o [1]
UART_EndTransmit_IT     0x0800ab37    0x30  Code  Lc  stm32f1xx_hal_uart.o [1]
UART_Receive_IT         0x0800ab67    0xc4  Code  Lc  stm32f1xx_hal_uart.o [1]
UART_SetConfig          0x0800ac2b   0x198  Code  Lc  stm32f1xx_hal_uart.o [1]
UART_Transmit_IT        0x0800aabd    0x7a  Code  Lc  stm32f1xx_hal_uart.o [1]
USART1_IRQHandler       0x0800c751     0xa  Code  Gb  stm32f1xx_it.o [1]
USART2_IRQHandler       0x0800c75b     0xa  Code  Gb  stm32f1xx_it.o [1]
USART3_IRQHandler       0x0800c765     0xa  Code  Gb  stm32f1xx_it.o [1]
USB_HP_CAN1_TX_IRQHandler
                        0x0800c6f7     0xa  Code  Gb  stm32f1xx_it.o [1]
USB_LP_CAN1_RX0_IRQHandler
                        0x0800c701     0xa  Code  Gb  stm32f1xx_it.o [1]
Usart2RxMutex           0x2000afa8     0x4  Data  Gb  freertos.o [1]
Usart2TxMutex           0x2000afa4     0x4  Data  Gb  freertos.o [1]
_EncodingSb_Mbtowc      0x08001f07    0x30  Code  Gb  xencoding_sb.o [3]
_EncodingSb_Wctomb      0x08001eed    0x1a  Code  Gb  xencoding_sb.o [3]
_GenldFull              0x08001003   0x24c  Code  Lc  xprintffull.o [3]
_IsdstStr               0x200003ac     0x4  Data  Gb  setlocale.o [3]
_LdtobFull              0x08000c01   0x3fc  Code  Lc  xprintffull.o [3]
_LitobFull              0x08000af9   0x106  Code  Lc  xprintffull.o [3]
_LocaleC_isspace        0x08008f55    0x14  Code  Gb  xlocale_c.o [3]
_LocaleC_tolower        0x08008f69     0xc  Code  Gb  xlocale_c.o [3]
_LocaleEncoding         0x08001edb     0xe  Code  Gb  setlocale.o [3]
_LocaleForCat           0x08001ec9    0x12  Code  Gb  setlocale.o [3]
_LocaleReturnString     0x200003cc    0x50  Data  Lc  setlocale.o [3]
_Locale_Profile         0x200003b0    0x1c  Data  Gb  setlocale.o [3]
_Locale_aeabi_lconv     0x2000036c    0x38  Data  Gb  localeconv.o [3]
_Locale_lconv           0x2000031c    0x50  Data  Gb  localeconv.o [3]
_Mbtowc                 0x08001297    0x20  Code  Gb  xmbtowc.o [3]
_PrintfFull             0x08000131   0x638  Code  Gb  xprintffull.o [3]
_PutcharsFull           0x0800124f    0x2e  Code  Lc  xprintffull.o [3]
_PutstrFull             0x080007ed   0x306  Code  Lc  xprintffull.o [3]
_SProut                 0x08001343     0xa  Code  Gb  xsprout.o [3]
_TzoneStr               0x200003a8     0x4  Data  Gb  setlocale.o [3]
_Wctomb                 0x08001499    0x1a  Code  Gb  xwctomb.o [3]
__aeabi_cdcmple         0x080016dd          Code  Gb  DblCmpLe.o [4]
__aeabi_cdrcmple        0x0800170d          Code  Gb  DblCmpGe.o [4]
__aeabi_d2f             0x0800a15d          Code  Gb  DblToFlt.o [4]
__aeabi_d2iz            0x08001849          Code  Gb  DblToI32.o [4]
__aeabi_d2uiz           0x08001875          Code  Gb  DblToI32.o [4]
__aeabi_dadd            0x08001f7d          Code  Gb  DblAdd.o [4]
__aeabi_ddiv            0x08001bf5          Code  Gb  DblDiv.o [4]
__aeabi_dmul            0x08001a51          Code  Gb  DblMul.o [4]
__aeabi_dsub            0x080018d1          Code  Gb  DblSub.o [4]
__aeabi_errno_addr      0x080089a1     0x6  Code  Gb  errno.o [3]
__aeabi_f2d             0x08004d7d          Code  Gb  FltToDbl.o [4]
__aeabi_fsub            0x08004c95          Code  Gb  FltSub.o [4]
__aeabi_i2d             0x080018a1          Code  Gb  I32ToDbl.o [4]
__aeabi_ldiv0           0x08001f79          Code  Gb  I64DivZer.o [5]
__aeabi_memclr4         0x08005171          Code  Gb  ABImemclr4.o [5]
__aeabi_memset          0x08003e39          Code  Gb  ABImemset.o [5]
__aeabi_ui2d            0x080018b5          Code  Gb  I32ToDbl.o [4]
__aeabi_ui2f            0x0800a13d          Code  Gb  I32ToFlt.o [4]
__aeabi_uldivmod        0x080015ad          Code  Gb  I64DivMod.o [5]
__cmain                 0x0800c9a1          Code  Gb  cmain.o [5]
__data_Aldata           0x2000af74     0x8  Data  Gb  xxmemxmalloc.o [3]
__data_GetMemChunk      0x08001f4d    0x2c  Code  Gb  xgetmemchunk.o [3]
__exit                  0x0800c9d1    0x14  Code  Gb  exit.o [6]
__iar_Dnorm             0x0800169b    0x42  Code  Gb  xdnorm.o [4]
__iar_Dscale            0x0800173d   0x10c  Code  Gb  xdscale.o [4]
__iar_Errno             0x200003a4     0x4  Data  Gb  errno.o [3]
__iar_Locale_lconv_init
                        0x08001e4d    0x3a  Code  Gb  localeconv.o [3]
__iar_Mbcurmax          0x080013dd     0xa  Code  Gb  xmbcurmax.o [3]
__iar_Memchr            0x08001385          Code  Gb  memchr.o [5]
__iar_Memset            0x08003e39          Code  Gb  ABImemset.o [5]
__iar_Memset4_word      0x080057d9          Code  Gb  ABImemset48.o [5]
__iar_Memset8_word      0x080057d9          Code  Gb  ABImemset48.o [5]
__iar_Memset_word       0x08003e41          Code  Gb  ABImemset.o [5]
__iar_Stoul             0x08006d65     0x4  Code  Gb  xstoul.o [3]
__iar_Stoulx            0x08006c21   0x13e  Code  Gb  xstoul.o [3]
__iar_Strchr            0x0800132d          Code  Gb  strchr.o [5]
__iar_d2uiz             0x08001881          Code  Gb  DblToI32.o [4]
__iar_dadd              0x08001f91          Code  Gb  DblAdd.o [4]
__iar_data_init3        0x0800c959    0x28  Code  Gb  data_init.o [5]
__iar_dlib_perthread_access
                        0x08002065     0x2  Code  Gb  xtls.o [3]
__iar_dsub              0x080018e5          Code  Gb  DblSub.o [4]
__iar_dsubStart         0x080018f7          Code  Gb  DblSub.o [4]
__iar_fadd              0x0800534d          Code  Gb  FltAdd.o [4]
__iar_fsub              0x08004ca5          Code  Gb  FltSub.o [4]
__iar_fsubStart         0x08004cb5          Code  Gb  FltSub.o [4]
__iar_lz77_init_single3
                        0x080012b7    0x76  Code  Gb  lz77_init_single.o [5]
__iar_program_start     0x0800cbb1          Code  Gb  cstartup_M.o [5]
__iar_ui2d              0x080018b9          Code  Gb  I32ToDbl.o [4]
__iar_ui2f              0x0800a141          Code  Gb  I32ToFlt.o [4]
__iar_unaligned___aeabi_memcpy
                        0x080014b5          Code  Gb  ABImemcpy_unaligned.o [5]
__iar_unaligned___aeabi_memcpy4
                        0x080014d5          Code  Gb  ABImemcpy_unaligned.o [5]
__iar_unaligned___aeabi_memcpy8
                        0x080014d5          Code  Gb  ABImemcpy_unaligned.o [5]
__iar_unaligned_strcmp  0x0800512d          Code  Gb  strcmp_unaligned.o [5]
__iar_unaligned_strcpy  0x08005179          Code  Gb  strcpy_unaligned.o [5]
__iar_zero_init3        0x0800c8e9    0x40  Code  Gb  zero_init3.o [5]
__low_level_init        0x0800c9bb     0x4  Code  Gb  low_level_init.o [3]
__vector_table          0x08000000          Data  Gb  startup_stm32f103xe.o [1]
_call_main              0x0800c9ad          Code  Gb  cmain.o [5]
_exit                   0x0800c9c5          Code  Gb  cexit.o [5]
_main                   0x0800c9b7          Code  Gb  cmain.o [5]
ack_handle              0x080057d5     0x2  Code  Gb  Handle.o [1]
alarm_handle            0x0800560d     0x2  Code  Gb  Handle.o [1]
atoi                    0x080065e1     0x8  Code  Gb  atoi.o [3]
board                   0x20000040    0x28  Data  Gb  board.o [1]
board_device_list_add   0x080049c1    0xe2  Code  Gb  board.o [1]
board_device_list_exit  0x08004b15    0x58  Code  Gb  board.o [1]
board_device_list_opera
                        0x08004aa3    0x72  Code  Gb  board.o [1]
board_init              0x08004c2d    0x38  Code  Gb  board.o [1]
board_sync_device       0x08004939    0x88  Code  Gb  board.o [1]
caution                 0x2000ae64    0x2c  Data  Gb  Alarm.o [1]
config_table_1k         0x0800c578   0x16c  Data  Gb  si446x.o [1]
d_ADC_Key               0x20000160    0x40  Data  Gb  Key.o [1]
d_ADC_Key_Close         0x080099a7    0x18  Code  Gb  Key.o [1]
d_ADC_Key_Command       0x080099d3    0x18  Code  Gb  Key.o [1]
d_ADC_Key_Detect        0x080099bf    0x14  Code  Gb  Key.o [1]
d_ADC_Key_Gets          0x08009a1d    0x24  Code  Gb  Key.o [1]
d_ADC_Key_Open          0x080098d7    0xd0  Code  Gb  Key.o [1]
d_ADC_Key_Puts          0x08009a03    0x1a  Code  Gb  Key.o [1]
d_ADC_Key_Set           0x080099eb    0x18  Code  Gb  Key.o [1]
d_ADC_Key_TimingProcess
                        0x08009a41    0x20  Code  Gb  Key.o [1]
d_ADC_Key_process_it    0x08009a61    0x46  Code  Gb  Key.o [1]
d_close_SHT20           0x08009af1    0x26  Code  Gb  SHT2x.o [1]
d_close_relay           0x08006697    0x1e  Code  Lc  relay.o [1]
d_close_si4463          0x0800be59    0x26  Code  Gb  RF4463.o [1]
d_close_usart_1         0x0800b003    0x26  Code  Gb  UsartDriver.o [1]
d_close_usart_2         0x0800b1d3    0x1e  Code  Gb  UsartDriver.o [1]
d_command_SHT20         0x08009b37    0x24  Code  Gb  SHT2x.o [1]
d_command_relay         0x080066c9    0x58  Code  Lc  relay.o [1]
d_command_si4463        0x0800be9f    0x24  Code  Gb  RF4463.o [1]
d_command_usart_1       0x0800b041    0x18  Code  Gb  UsartDriver.o [1]
d_command_usart_2       0x0800b205    0x18  Code  Gb  UsartDriver.o [1]
d_detect_SHT20          0x08009b17    0x20  Code  Gb  SHT2x.o [1]
d_detect_relay          0x080066b5    0x14  Code  Lc  relay.o [1]
d_detect_si4463         0x0800be7f    0x20  Code  Gb  RF4463.o [1]
d_detect_usart_1        0x0800b029    0x18  Code  Gb  UsartDriver.o [1]
d_detect_usart_2        0x0800b1f1    0x14  Code  Gb  UsartDriver.o [1]
d_gets_SHT20            0x08009bcd    0x26  Code  Gb  SHT2x.o [1]
d_gets_relay            0x08006783    0x1a  Code  Lc  relay.o [1]
d_gets_si4463           0x0800c059   0x160  Code  Gb  RF4463.o [1]
d_gets_usart_1          0x0800b08b    0x1a  Code  Gb  UsartDriver.o [1]
d_gets_usart_2          0x0800b26d    0x34  Code  Gb  UsartDriver.o [1]
d_open_SHT20            0x08009ac5    0x2c  Code  Gb  SHT2x.o [1]
d_open_relay            0x08006639    0x5e  Code  Lc  relay.o [1]
d_open_si4463           0x0800bdf9    0x60  Code  Gb  RF4463.o [1]
d_open_usart_1          0x0800af25    0xde  Code  Gb  UsartDriver.o [1]
d_open_usart_2          0x0800b107    0xcc  Code  Gb  UsartDriver.o [1]
d_process_it_SHT20      0x08009c19    0x26  Code  Gb  SHT2x.o [1]
d_process_it_relay      0x080067b7    0x1a  Code  Lc  relay.o [1]
d_process_it_si4463     0x0800c1fb    0x22  Code  Gb  RF4463.o [1]
d_process_it_usart_1    0x0800b0bf    0x1a  Code  Gb  UsartDriver.o [1]
d_process_it_usart_2    0x0800b2bb    0x2e  Code  Gb  UsartDriver.o [1]
d_puts_SHT20            0x08009ba7    0x26  Code  Gb  SHT2x.o [1]
d_puts_relay            0x08006769    0x1a  Code  Lc  relay.o [1]
d_puts_si4463           0x0800bee7   0x172  Code  Gb  RF4463.o [1]
d_puts_usart_1          0x0800b071    0x1a  Code  Gb  UsartDriver.o [1]
d_puts_usart_2          0x0800b235    0x38  Code  Gb  UsartDriver.o [1]
d_set_SHT20             0x08009b5b    0x4c  Code  Gb  SHT2x.o [1]
d_set_relay             0x08006721    0x48  Code  Lc  relay.o [1]
d_set_si4463            0x0800bec3    0x24  Code  Gb  RF4463.o [1]
d_set_usart_1           0x0800b059    0x18  Code  Gb  UsartDriver.o [1]
d_set_usart_2           0x0800b21d    0x18  Code  Gb  UsartDriver.o [1]
d_timing_proceee_SHT20  0x08009bf3    0x26  Code  Gb  SHT2x.o [1]
d_timing_proceee_relay  0x0800679d    0x1a  Code  Lc  relay.o [1]
d_timing_proceee_si4463
                        0x0800c1b9    0x42  Code  Gb  RF4463.o [1]
d_timing_proceee_usart_1
                        0x0800b0a5    0x1a  Code  Gb  UsartDriver.o [1]
d_timing_proceee_usart_2
                        0x0800b2a1    0x1a  Code  Gb  UsartDriver.o [1]
data_recv_process       0x080050b5    0x46  Code  Gb  DataTransfer.o [1]
data_tran_handle        0x0800560b     0x2  Code  Gb  Handle.o [1]
device_add              0x080051d9    0x26  Code  Gb  DeviceModule.o [1]
device_find_local       0x080051ff    0x2c  Code  Gb  DeviceModule.o [1]
digits                  0x08006d68    0x28  Data  Lc  xstoul.o [3]
div                     0x08001eb9     0xe  Code  Gb  div.o [3]
ds1307_Read             0x0800b88d    0x38  Code  Gb  DS1307.o [1]
ds1307_Write            0x0800b84d    0x40  Code  Gb  DS1307.o [1]
eTaskConfirmSleepModeStatus
                        0x080029c3    0x3c  Code  Gb  tasks.o [1]
exit                    0x0800c9bf     0x4  Code  Gb  exit.o [3]
frame_rx                0x200000a0     0x4  Data  Gb  DataTransfer.o [1]
free                    0x0800152d    0x7a  Code  Gb  xxmemxfree.o [3]
hadc1                   0x2000ae34    0x30  Data  Gb  adc.o [1]
hcan                    0x2000aad0    0x40  Data  Gb  can.o [1]
hdac                    0x2000aeb0    0x14  Data  Gb  dac.o [1]
hsd                     0x2000a9c0    0x60  Data  Gb  sdio.o [1]
hspi1                   0x2000aa20    0x58  Data  Gb  spi.o [1]
hspi2                   0x2000aa78    0x58  Data  Gb  spi.o [1]
htim1                   0x2000accc    0x3c  Data  Gb  tim.o [1]
htim2                   0x2000ad08    0x3c  Data  Gb  tim.o [1]
htim3                   0x2000ac90    0x3c  Data  Gb  stm32f1xx_hal_timebase_TIM.o [1]
htim4                   0x2000ad44    0x3c  Data  Gb  tim.o [1]
htim6                   0x2000ad80    0x3c  Data  Gb  tim.o [1]
htim7                   0x2000adbc    0x3c  Data  Gb  tim.o [1]
htim8                   0x2000adf8    0x3c  Data  Gb  tim.o [1]
huart1                  0x2000ac10    0x40  Data  Gb  UsartDriver.o [1]
huart2                  0x2000ac50    0x40  Data  Gb  UsartDriver.o [1]
huart3                  0x2000abd0    0x40  Data  Gb  usart.o [1]
inHandlerMode           0x080046cb    0x12  Code  Lc  cmsis_os.o [1]
isspace                 0x08008979    0x14  Code  Gb  isxxx.o [3]
localeconv              0x08001e87    0x16  Code  Gb  localeconv.o [3]
main                    0x08006899    0x44  Code  Gb  main.o [1]
makeFreeRtosPriority    0x080046b9    0x12  Code  Lc  cmsis_os.o [1]
malloc                  0x080013e9    0xac  Code  Gb  xxmemxmalloc.o [3]
memchr                  0x08001385          Code  Gb  memchr.o [5]
ndigs                   0x08006d90    0x28  Data  Lc  xstoul.o [3]
operation_handle        0x08005565    0xa6  Code  Gb  Handle.o [1]
ops                     0x200000a4    0x20  Data  Gb  DataTransfer.o [1]
osDelay                 0x08004721    0x1c  Code  Gb  cmsis_os.o [1]
osKernelStart           0x080046dd     0xa  Code  Gb  cmsis_os.o [1]
osMutexCreate           0x080047cf     0xc  Code  Gb  cmsis_os.o [1]
osMutexRelease          0x08004859    0x4c  Code  Gb  cmsis_os.o [1]
osMutexWait             0x080047db    0x7e  Code  Gb  cmsis_os.o [1]
osSystickHandler        0x080048a9    0x10  Code  Gb  cmsis_os.o [1]
osThreadCreate          0x080046e7    0x3a  Code  Gb  cmsis_os.o [1]
osTimerCreate           0x0800473d    0x26  Code  Gb  cmsis_os.o [1]
osTimerStart            0x08004763    0x6c  Code  Gb  cmsis_os.o [1]
p_close_spi_1           0x08005255    0x18  Code  Gb  DeviceModule.o [1]
p_ioctl_spi_1           0x0800526d    0x20  Code  Gb  DeviceModule.o [1]
p_open_spi_1            0x0800522b    0x2a  Code  Gb  DeviceModule.o [1]
p_read_spi_1            0x0800528d    0x3c  Code  Gb  DeviceModule.o [1]
p_rw_spi_1              0x08005301    0x36  Code  Gb  DeviceModule.o [1]
p_write_spi_1           0x080052c9    0x38  Code  Gb  DeviceModule.o [1]
pcInterruptPriorityRegisters
                        0x0800cc48     0x4  Data  Lc  port.o [1]
prvAddCurrentTaskToDelayedList
                        0x08002b29    0x4a  Code  Lc  tasks.o [1]
prvAllocateTCBAndStack  0x08002b73    0x5a  Code  Lc  tasks.o [1]
prvCheckForValidListAndQueue
                        0x08003665    0x5a  Code  Lc  timers.o [1]
prvCheckTasksWaitingTermination
                        0x08002ac3    0x66  Code  Lc  tasks.o [1]
prvCopyDataFromQueue    0x0800456d    0x30  Code  Lc  queue.o [1]
prvCopyDataToQueue      0x080044d5    0x98  Code  Lc  queue.o [1]
prvDeleteTCB            0x08002bcd    0x12  Code  Lc  tasks.o [1]
prvGetExpectedIdleTime  0x0800241d    0x34  Code  Lc  tasks.o [1]
prvGetNextExpireTime    0x0800346f    0x2e  Code  Lc  timers.o [1]
prvHeapInit             0x08003d49    0x6e  Code  Lc  heap_4.o [1]
prvIdleTask             0x08002971    0x52  Code  Lc  tasks.o [1]
prvInitialiseTCBVariables
                        0x080029ff    0x6c  Code  Lc  tasks.o [1]
prvInitialiseTaskLists  0x08002a6b    0x58  Code  Lc  tasks.o [1]
prvInsertBlockIntoFreeList
                        0x08003db7    0x62  Code  Lc  heap_4.o [1]
prvInsertTimerInActiveList
                        0x080034c5    0x50  Code  Lc  timers.o [1]
prvIsQueueEmpty         0x08004607    0x20  Code  Lc  queue.o [1]
prvIsQueueFull          0x08004627    0x22  Code  Lc  queue.o [1]
prvProcessExpiredTimer  0x080033a1    0x50  Code  Lc  timers.o [1]
prvProcessReceivedCommands
                        0x08003515    0xca  Code  Lc  timers.o [1]
prvProcessTimerOrBlockTask
                        0x0800340b    0x64  Code  Lc  timers.o [1]
prvResetNextTaskUnblockTime
                        0x08002bdf    0x2a  Code  Lc  tasks.o [1]
prvSampleTimeNow        0x0800349d    0x28  Code  Lc  timers.o [1]
prvSwitchTimerLists     0x080035df    0x86  Code  Lc  timers.o [1]
prvTaskExitError        0x08002eb9    0x18  Code  Lc  port.o [1]
prvTaskIsTaskSuspended  0x080022f1    0x34  Code  Lc  tasks.o [1]
prvTimerTask            0x080033f1    0x1a  Code  Lc  timers.o [1]
prvUnlockQueue          0x0800459d    0x6a  Code  Lc  queue.o [1]
pvPortMalloc            0x08003be1   0x104  Code  Gb  heap_4.o [1]
pvTaskIncrementMutexHeldCount
                        0x08002da5    0x1e  Code  Gb  tasks.o [1]
pxCurrentTCB            0x2000afe0     0x4  Data  Gb  tasks.o [1]
pxCurrentTimerList      0x2000b018     0x4  Data  Lc  timers.o [1]
pxDelayedTaskList       0x2000afe4     0x4  Data  Lc  tasks.o [1]
pxEnd                   0x2000afac     0x4  Data  Lc  heap_4.o [1]
pxOverflowDelayedTaskList
                        0x2000afe8     0x4  Data  Lc  tasks.o [1]
pxOverflowTimerList     0x2000b01c     0x4  Data  Lc  timers.o [1]
pxPortInitialiseStack   0x08002e9d    0x1c  Code  Gb  port.o [1]
pxReadyTasksLists       0x2000a3c0   0x280  Data  Lc  tasks.o [1]
relay                   0x200001ac    0x40  Data  Gb  relay.o [1]
rx_buffer               0x2000ab10    0x40  Data  Gb  DataTransfer.o [1]
send_alarm              0x08004ea7    0x20  Code  Gb  DataTransfer.o [1]
send_data               0x08004dcd    0xbe  Code  Gb  DataTransfer.o [1]
send_datatran           0x0800507b    0x1a  Code  Gb  DataTransfer.o [1]
send_operation          0x08005095    0x20  Code  Gb  DataTransfer.o [1]
send_sync               0x08004ec7    0x90  Code  Gb  DataTransfer.o [1]
send_sync_time          0x08004f57    0xbc  Code  Gb  DataTransfer.o [1]
si4463                  0x200001f8    0x40  Data  Gb  RF4463.o [1]
spi_1                   0x200000c4    0x34  Data  Gb  DeviceModule.o [1]
sprintf                 0x08005531    0x34  Code  Gb  sprintf.o [3]
strcat                  0x080051bd    0x1c  Code  Gb  strcat.o [3]
strchr                  0x0800132d          Code  Gb  strchr.o [5]
strlen                  0x0800134d          Code  Gb  strlen.o [5]
sync_handle             0x0800560f   0x198  Code  Gb  Handle.o [1]
sync_send_TH            0x08005013    0x68  Code  Gb  DataTransfer.o [1]
tolower                 0x0800898d    0x14  Code  Gb  tolower.o [3]
tx_buffer               0x2000ab50    0x40  Data  Gb  DataTransfer.o [1]
uCRCErrorWorkaroundCheck
                        0x2000b032     0x1  Data  Gb  stm32f1xx_hal_spi_ex.o [1]
ucHeap                  0x20002420  0x7800  Data  Lc  heap_4.o [1]
ucMaxSysCallPriority    0x2000b02f     0x1  Data  Lc  port.o [1]
ulMaxPRIGROUPValue      0x2000afc8     0x4  Data  Lc  port.o [1]
ulPortSetInterruptMask  0x08002e47          Code  Gb  portasm.o [1]
ulStoppedTimerCompensation
                        0x2000afc4     0x4  Data  Lc  port.o [1]
ulTimerCountsForOneTick
                        0x2000afbc     0x4  Data  Lc  port.o [1]
usart_1                 0x2000029c    0x40  Data  Gb  UsartDriver.o [1]
usart_2                 0x200002dc    0x40  Data  Gb  UsartDriver.o [1]
uwTick                  0x2000afdc     0x4  Data  Lc  stm32f1xx_hal.o [1]
uxCriticalNesting       0x200001a0     0x4  Data  Lc  port.o [1]
uxCurrentNumberOfTasks  0x2000aff0     0x4  Data  Lc  tasks.o [1]
uxListRemove            0x0800325f    0x28  Code  Gb  list.o [1]
uxPendedTicks           0x2000b000     0x4  Data  Lc  tasks.o [1]
uxSchedulerSuspended    0x2000b014     0x4  Data  Lc  tasks.o [1]
uxTaskNumber            0x2000b00c     0x4  Data  Lc  tasks.o [1]
uxTasksDeleted          0x2000afec     0x4  Data  Lc  tasks.o [1]
uxTopReadyPriority      0x2000aff8     0x4  Data  Lc  tasks.o [1]
vApplicationIdleHook    0x080036e1     0x2  Code  Gb  freertos.o [1]
vApplicationMallocFailedHook
                        0x080036e7     0x2  Code  Gb  freertos.o [1]
vApplicationStackOverflowHook
                        0x080036e5     0x2  Code  Gb  freertos.o [1]
vApplicationTickHook    0x080036e3     0x2  Code  Gb  freertos.o [1]
vListInitialise         0x080031e9    0x1e  Code  Gb  list.o [1]
vListInitialiseItem     0x08003207     0x6  Code  Gb  list.o [1]
vListInsert             0x08003225    0x3a  Code  Gb  list.o [1]
vListInsertEnd          0x0800320d    0x18  Code  Gb  list.o [1]
vPortClearInterruptMask
                        0x08002e55          Code  Gb  portasm.o [1]
vPortEnterCritical      0x08002f6b    0x30  Code  Gb  port.o [1]
vPortExitCritical       0x08002f9b    0x2a  Code  Gb  port.o [1]
vPortFree               0x08003ce5    0x64  Code  Gb  heap_4.o [1]
vPortSetupTimerInterrupt
                        0x08003121    0x50  Code  Wk  port.o [1]
vPortStartFirstTask     0x08002e7b          Code  Gb  portasm.o [1]
vPortSuppressTicksAndSleep
                        0x08002fe3   0x13e  Code  Wk  port.o [1]
vPortValidateInterruptPriority
                        0x08003171    0x3c  Code  Gb  port.o [1]
vPortYield              0x08002f59    0x12  Code  Gb  port.o [1]
vQueueAddToRegistry     0x08004649    0x28  Code  Gb  queue.o [1]
vQueueWaitForMessageRestricted
                        0x08004675    0x44  Code  Gb  queue.o [1]
vTaskDelay              0x080021c1    0x6c  Code  Gb  tasks.o [1]
vTaskMissedYield        0x08002953     0xa  Code  Gb  tasks.o [1]
vTaskPlaceOnEventList   0x08002735    0x6a  Code  Gb  tasks.o [1]
vTaskPlaceOnEventListRestricted
                        0x080027b9    0x76  Code  Gb  tasks.o [1]
vTaskPriorityInherit    0x08002c49    0xac  Code  Gb  tasks.o [1]
vTaskSetTimeOutState    0x080028bd    0x20  Code  Gb  tasks.o [1]
vTaskStartScheduler     0x080023ab    0x62  Code  Gb  tasks.o [1]
vTaskStepTick           0x08002543    0x2c  Code  Gb  tasks.o [1]
vTaskSuspend            0x0800222d    0xc4  Code  Gb  tasks.o [1]
vTaskSuspendAll         0x0800240d    0x10  Code  Gb  tasks.o [1]
vTaskSwitchContext      0x080026ab    0x8a  Code  Gb  tasks.o [1]
xActiveTimerList1       0x2000af28    0x14  Data  Lc  timers.o [1]
xActiveTimerList2       0x2000af3c    0x14  Data  Lc  timers.o [1]
xBlockAllocatedBit      0x2000afb8     0x4  Data  Lc  heap_4.o [1]
xDelayedTaskList1       0x2000aec4    0x14  Data  Lc  tasks.o [1]
xDelayedTaskList2       0x2000aed8    0x14  Data  Lc  tasks.o [1]
xFreeBytesRemaining     0x2000afb0     0x4  Data  Lc  heap_4.o [1]
xHeapStructSize         0x0800cc44     0x4  Data  Lc  heap_4.o [1]
xMaximumPossibleSuppressedTicks
                        0x2000afc0     0x4  Data  Lc  port.o [1]
xMinimumEverFreeBytesRemaining
                        0x2000afb4     0x4  Data  Lc  heap_4.o [1]
xNextTaskUnblockTime    0x2000b010     0x4  Data  Lc  tasks.o [1]
xNumOfOverflows         0x2000b008     0x4  Data  Lc  tasks.o [1]
xPendingReadyList       0x2000aeec    0x14  Data  Lc  tasks.o [1]
xPortStartScheduler     0x08002ed1    0x88  Code  Gb  port.o [1]
xPortSysTickHandler     0x08002fc5    0x1e  Code  Gb  port.o [1]
xQueueCreateMutex       0x08003f83    0x5c  Code  Gb  queue.o [1]
xQueueGenericCreate     0x08003f19    0x6a  Code  Gb  queue.o [1]
xQueueGenericReceive    0x080042af   0x184  Code  Gb  queue.o [1]
xQueueGenericReset      0x08003ea1    0x78  Code  Gb  queue.o [1]
xQueueGenericSend       0x08003fdf   0x160  Code  Gb  queue.o [1]
xQueueGenericSendFromISR
                        0x0800413f    0xc2  Code  Gb  queue.o [1]
xQueueGiveFromISR       0x08004201    0xae  Code  Gb  queue.o [1]
xQueueReceiveFromISR    0x08004433    0xa2  Code  Gb  queue.o [1]
xQueueRegistry          0x2000ab90    0x40  Data  Gb  queue.o [1]
xSchedulerRunning       0x2000affc     0x4  Data  Lc  tasks.o [1]
xStart                  0x2000af64     0x8  Data  Lc  heap_4.o [1]
xSuspendedTaskList      0x2000af14    0x14  Data  Lc  tasks.o [1]
xTaskCheckForTimeOut    0x080028dd    0x76  Code  Gb  tasks.o [1]
xTaskGenericCreate      0x08002069   0x158  Code  Gb  tasks.o [1]
xTaskGetCurrentTaskHandle
                        0x08002c0d     0xa  Code  Gb  tasks.o [1]
xTaskGetSchedulerState  0x08002c1d    0x26  Code  Gb  tasks.o [1]
xTaskGetTickCount       0x08002539     0xa  Code  Gb  tasks.o [1]
xTaskIncrementTick      0x0800256f   0x13c  Code  Gb  tasks.o [1]
xTaskPriorityDisinherit
                        0x08002cf9    0xa6  Code  Gb  tasks.o [1]
xTaskRemoveFromEventList
                        0x08002831    0x86  Code  Gb  tasks.o [1]
xTaskResumeAll          0x08002451    0xe8  Code  Gb  tasks.o [1]
xTaskResumeFromISR      0x08002325    0x86  Code  Gb  tasks.o [1]
xTasksWaitingTermination
                        0x2000af00    0x14  Data  Lc  tasks.o [1]
xTickCount              0x2000aff4     0x4  Data  Lc  tasks.o [1]
xTimerCreate            0x080032cf    0x58  Code  Gb  timers.o [1]
xTimerCreateTimerTask   0x08003289    0x46  Code  Gb  timers.o [1]
xTimerGenericCommand    0x08003327    0x7a  Code  Gb  timers.o [1]
xTimerQueue             0x2000b020     0x4  Data  Lc  timers.o [1]
xYieldPending           0x2000b004     0x4  Data  Lc  tasks.o [1]


[1] = F:\重要资料\学习笔记\放眼未来\智能家居\程序\新新\EWARM\SmartHouse\Obj
[2] = command line
[3] = dl7M_tlf.a
[4] = m7M_tl.a
[5] = rt7M_tl.a
[6] = shb_l.a

  51 466 bytes of readonly  code memory
   1 570 bytes of readonly  data memory
  45 104 bytes of readwrite data memory

Errors: none
Warnings: none
