###############################################################################
#
# IAR ELF Linker V7.50.2.10312/W32 for ARM                13/Nov/2016  11:15:45
# Copyright 2007-2015 IAR Systems AB.
#
#    Output file  =  
#        C:\Users\Zhaojingyangchun\Documents\GitHub\Wireless-control\Project-IAR\EWARM\SmartHouse\Exe\SmartHouse.out
#    Map file     =  
#        C:\Users\Zhaojingyangchun\Documents\GitHub\Wireless-control\Project-IAR\EWARM\SmartHouse\List\SmartHouse.map
#    Command line =  
#        C:\Users\Zhaojingyangchun\Documents\GitHub\Wireless-control\Project-IAR\EWARM\SmartHouse\Obj\adc.o
#        C:\Users\Zhaojingyangchun\Documents\GitHub\Wireless-control\Project-IAR\EWARM\SmartHouse\Obj\Alarm.o
#        C:\Users\Zhaojingyangchun\Documents\GitHub\Wireless-control\Project-IAR\EWARM\SmartHouse\Obj\board.o
#        C:\Users\Zhaojingyangchun\Documents\GitHub\Wireless-control\Project-IAR\EWARM\SmartHouse\Obj\bsp_driver_sd.o
#        C:\Users\Zhaojingyangchun\Documents\GitHub\Wireless-control\Project-IAR\EWARM\SmartHouse\Obj\can.o
#        C:\Users\Zhaojingyangchun\Documents\GitHub\Wireless-control\Project-IAR\EWARM\SmartHouse\Obj\cc950.o
#        C:\Users\Zhaojingyangchun\Documents\GitHub\Wireless-control\Project-IAR\EWARM\SmartHouse\Obj\cmsis_os.o
#        C:\Users\Zhaojingyangchun\Documents\GitHub\Wireless-control\Project-IAR\EWARM\SmartHouse\Obj\CRC_JIAMI.o
#        C:\Users\Zhaojingyangchun\Documents\GitHub\Wireless-control\Project-IAR\EWARM\SmartHouse\Obj\croutine.o
#        C:\Users\Zhaojingyangchun\Documents\GitHub\Wireless-control\Project-IAR\EWARM\SmartHouse\Obj\dac.o
#        C:\Users\Zhaojingyangchun\Documents\GitHub\Wireless-control\Project-IAR\EWARM\SmartHouse\Obj\DataTransfer.o
#        C:\Users\Zhaojingyangchun\Documents\GitHub\Wireless-control\Project-IAR\EWARM\SmartHouse\Obj\DeviceModule.o
#        C:\Users\Zhaojingyangchun\Documents\GitHub\Wireless-control\Project-IAR\EWARM\SmartHouse\Obj\diskio.o
#        C:\Users\Zhaojingyangchun\Documents\GitHub\Wireless-control\Project-IAR\EWARM\SmartHouse\Obj\DS1307.o
#        C:\Users\Zhaojingyangchun\Documents\GitHub\Wireless-control\Project-IAR\EWARM\SmartHouse\Obj\event_groups.o
#        C:\Users\Zhaojingyangchun\Documents\GitHub\Wireless-control\Project-IAR\EWARM\SmartHouse\Obj\fatfs.o
#        C:\Users\Zhaojingyangchun\Documents\GitHub\Wireless-control\Project-IAR\EWARM\SmartHouse\Obj\fatfs_platform.o
#        C:\Users\Zhaojingyangchun\Documents\GitHub\Wireless-control\Project-IAR\EWARM\SmartHouse\Obj\ff.o
#        C:\Users\Zhaojingyangchun\Documents\GitHub\Wireless-control\Project-IAR\EWARM\SmartHouse\Obj\ff_gen_drv.o
#        C:\Users\Zhaojingyangchun\Documents\GitHub\Wireless-control\Project-IAR\EWARM\SmartHouse\Obj\freertos.o
#        C:\Users\Zhaojingyangchun\Documents\GitHub\Wireless-control\Project-IAR\EWARM\SmartHouse\Obj\Gizwits.o
#        C:\Users\Zhaojingyangchun\Documents\GitHub\Wireless-control\Project-IAR\EWARM\SmartHouse\Obj\gpio.o
#        C:\Users\Zhaojingyangchun\Documents\GitHub\Wireless-control\Project-IAR\EWARM\SmartHouse\Obj\Handle.o
#        C:\Users\Zhaojingyangchun\Documents\GitHub\Wireless-control\Project-IAR\EWARM\SmartHouse\Obj\heap_4.o
#        C:\Users\Zhaojingyangchun\Documents\GitHub\Wireless-control\Project-IAR\EWARM\SmartHouse\Obj\HMI.o
#        C:\Users\Zhaojingyangchun\Documents\GitHub\Wireless-control\Project-IAR\EWARM\SmartHouse\Obj\Key.o
#        C:\Users\Zhaojingyangchun\Documents\GitHub\Wireless-control\Project-IAR\EWARM\SmartHouse\Obj\list.o
#        C:\Users\Zhaojingyangchun\Documents\GitHub\Wireless-control\Project-IAR\EWARM\SmartHouse\Obj\main.o
#        C:\Users\Zhaojingyangchun\Documents\GitHub\Wireless-control\Project-IAR\EWARM\SmartHouse\Obj\port.o
#        C:\Users\Zhaojingyangchun\Documents\GitHub\Wireless-control\Project-IAR\EWARM\SmartHouse\Obj\portasm.o
#        C:\Users\Zhaojingyangchun\Documents\GitHub\Wireless-control\Project-IAR\EWARM\SmartHouse\Obj\queue.o
#        C:\Users\Zhaojingyangchun\Documents\GitHub\Wireless-control\Project-IAR\EWARM\SmartHouse\Obj\relay.o
#        C:\Users\Zhaojingyangchun\Documents\GitHub\Wireless-control\Project-IAR\EWARM\SmartHouse\Obj\RF4463.o
#        C:\Users\Zhaojingyangchun\Documents\GitHub\Wireless-control\Project-IAR\EWARM\SmartHouse\Obj\sd_diskio.o
#        C:\Users\Zhaojingyangchun\Documents\GitHub\Wireless-control\Project-IAR\EWARM\SmartHouse\Obj\sdio.o
#        C:\Users\Zhaojingyangchun\Documents\GitHub\Wireless-control\Project-IAR\EWARM\SmartHouse\Obj\SerialDriver.o
#        C:\Users\Zhaojingyangchun\Documents\GitHub\Wireless-control\Project-IAR\EWARM\SmartHouse\Obj\SerialDriver_Bare.o
#        C:\Users\Zhaojingyangchun\Documents\GitHub\Wireless-control\Project-IAR\EWARM\SmartHouse\Obj\SerialDriver_OS.o
#        C:\Users\Zhaojingyangchun\Documents\GitHub\Wireless-control\Project-IAR\EWARM\SmartHouse\Obj\SHT2x.o
#        C:\Users\Zhaojingyangchun\Documents\GitHub\Wireless-control\Project-IAR\EWARM\SmartHouse\Obj\si446x.o
#        C:\Users\Zhaojingyangchun\Documents\GitHub\Wireless-control\Project-IAR\EWARM\SmartHouse\Obj\spi.o
#        C:\Users\Zhaojingyangchun\Documents\GitHub\Wireless-control\Project-IAR\EWARM\SmartHouse\Obj\startup_stm32f103xe.o
#        C:\Users\Zhaojingyangchun\Documents\GitHub\Wireless-control\Project-IAR\EWARM\SmartHouse\Obj\stm32f1xx_hal.o
#        C:\Users\Zhaojingyangchun\Documents\GitHub\Wireless-control\Project-IAR\EWARM\SmartHouse\Obj\stm32f1xx_hal_adc.o
#        C:\Users\Zhaojingyangchun\Documents\GitHub\Wireless-control\Project-IAR\EWARM\SmartHouse\Obj\stm32f1xx_hal_adc_ex.o
#        C:\Users\Zhaojingyangchun\Documents\GitHub\Wireless-control\Project-IAR\EWARM\SmartHouse\Obj\stm32f1xx_hal_can.o
#        C:\Users\Zhaojingyangchun\Documents\GitHub\Wireless-control\Project-IAR\EWARM\SmartHouse\Obj\stm32f1xx_hal_cortex.o
#        C:\Users\Zhaojingyangchun\Documents\GitHub\Wireless-control\Project-IAR\EWARM\SmartHouse\Obj\stm32f1xx_hal_dac.o
#        C:\Users\Zhaojingyangchun\Documents\GitHub\Wireless-control\Project-IAR\EWARM\SmartHouse\Obj\stm32f1xx_hal_dac_ex.o
#        C:\Users\Zhaojingyangchun\Documents\GitHub\Wireless-control\Project-IAR\EWARM\SmartHouse\Obj\stm32f1xx_hal_dma.o
#        C:\Users\Zhaojingyangchun\Documents\GitHub\Wireless-control\Project-IAR\EWARM\SmartHouse\Obj\stm32f1xx_hal_flash.o
#        C:\Users\Zhaojingyangchun\Documents\GitHub\Wireless-control\Project-IAR\EWARM\SmartHouse\Obj\stm32f1xx_hal_flash_ex.o
#        C:\Users\Zhaojingyangchun\Documents\GitHub\Wireless-control\Project-IAR\EWARM\SmartHouse\Obj\stm32f1xx_hal_gpio.o
#        C:\Users\Zhaojingyangchun\Documents\GitHub\Wireless-control\Project-IAR\EWARM\SmartHouse\Obj\stm32f1xx_hal_gpio_ex.o
#        C:\Users\Zhaojingyangchun\Documents\GitHub\Wireless-control\Project-IAR\EWARM\SmartHouse\Obj\stm32f1xx_hal_msp.o
#        C:\Users\Zhaojingyangchun\Documents\GitHub\Wireless-control\Project-IAR\EWARM\SmartHouse\Obj\stm32f1xx_hal_pwr.o
#        C:\Users\Zhaojingyangchun\Documents\GitHub\Wireless-control\Project-IAR\EWARM\SmartHouse\Obj\stm32f1xx_hal_rcc.o
#        C:\Users\Zhaojingyangchun\Documents\GitHub\Wireless-control\Project-IAR\EWARM\SmartHouse\Obj\stm32f1xx_hal_rcc_ex.o
#        C:\Users\Zhaojingyangchun\Documents\GitHub\Wireless-control\Project-IAR\EWARM\SmartHouse\Obj\stm32f1xx_hal_sd.o
#        C:\Users\Zhaojingyangchun\Documents\GitHub\Wireless-control\Project-IAR\EWARM\SmartHouse\Obj\stm32f1xx_hal_spi.o
#        C:\Users\Zhaojingyangchun\Documents\GitHub\Wireless-control\Project-IAR\EWARM\SmartHouse\Obj\stm32f1xx_hal_spi_ex.o
#        C:\Users\Zhaojingyangchun\Documents\GitHub\Wireless-control\Project-IAR\EWARM\SmartHouse\Obj\stm32f1xx_hal_tim.o
#        C:\Users\Zhaojingyangchun\Documents\GitHub\Wireless-control\Project-IAR\EWARM\SmartHouse\Obj\stm32f1xx_hal_tim_ex.o
#        C:\Users\Zhaojingyangchun\Documents\GitHub\Wireless-control\Project-IAR\EWARM\SmartHouse\Obj\stm32f1xx_hal_timebase_TIM.o
#        C:\Users\Zhaojingyangchun\Documents\GitHub\Wireless-control\Project-IAR\EWARM\SmartHouse\Obj\stm32f1xx_hal_uart.o
#        C:\Users\Zhaojingyangchun\Documents\GitHub\Wireless-control\Project-IAR\EWARM\SmartHouse\Obj\stm32f1xx_it.o
#        C:\Users\Zhaojingyangchun\Documents\GitHub\Wireless-control\Project-IAR\EWARM\SmartHouse\Obj\stm32f1xx_ll_sdmmc.o
#        C:\Users\Zhaojingyangchun\Documents\GitHub\Wireless-control\Project-IAR\EWARM\SmartHouse\Obj\syscall.o
#        C:\Users\Zhaojingyangchun\Documents\GitHub\Wireless-control\Project-IAR\EWARM\SmartHouse\Obj\system_stm32f1xx.o
#        C:\Users\Zhaojingyangchun\Documents\GitHub\Wireless-control\Project-IAR\EWARM\SmartHouse\Obj\tasks.o
#        C:\Users\Zhaojingyangchun\Documents\GitHub\Wireless-control\Project-IAR\EWARM\SmartHouse\Obj\tim.o
#        C:\Users\Zhaojingyangchun\Documents\GitHub\Wireless-control\Project-IAR\EWARM\SmartHouse\Obj\timers.o
#        C:\Users\Zhaojingyangchun\Documents\GitHub\Wireless-control\Project-IAR\EWARM\SmartHouse\Obj\usart.o
#        C:\Users\Zhaojingyangchun\Documents\GitHub\Wireless-control\Project-IAR\EWARM\SmartHouse\Obj\UsartDriver.o
#        --redirect _Printf=_PrintfFull --redirect _Scanf=_ScanfFull -o
#        C:\Users\Zhaojingyangchun\Documents\GitHub\Wireless-control\Project-IAR\EWARM\SmartHouse\Exe\SmartHouse.out
#        --map
#        C:\Users\Zhaojingyangchun\Documents\GitHub\Wireless-control\Project-IAR\EWARM\SmartHouse\List\SmartHouse.map
#        --config
#        C:\Users\Zhaojingyangchun\Documents\GitHub\Wireless-control\Project-IAR\EWARM/stm32f103xe_flash.icf
#        --semihosting --entry __iar_program_start --vfe
#
###############################################################################

*******************************************************************************
*** RUNTIME MODEL ATTRIBUTES
***

CppFlavor                     = *
__Heap_Handler                = Basic
__SystemLibrary               = DLib
__dlib_dynamic_initialization = normal


*******************************************************************************
*** PLACEMENT SUMMARY
***

"A1":  place at 0x08000000 { ro section .intvec };
"P1":  place in [from 0x08000000 to 0x0807ffff] { ro };
"P2":  place in [from 0x20000000 to 0x2000ffff] { rw, block CSTACK, block HEAP };

  Section             Kind        Address    Size  Object
  -------             ----        -------    ----  ------
"A1":                                       0x130
  .intvec             ro code  0x08000000   0x130  startup_stm32f103xe.o [1]
                             - 0x08000130   0x130

"P1":                                      0xc879
  .text               ro code  0x08000130  0x1166  xprintffull.o [3]
  .text               ro code  0x08001296    0x20  xmbtowc.o [3]
  .text               ro code  0x080012b6    0x76  lz77_init_single.o [5]
  .text               ro code  0x0800132c    0x16  strchr.o [5]
  .text               ro code  0x08001342     0xa  xsprout.o [3]
  .text               ro code  0x0800134c    0x36  strlen.o [5]
  .rodata             const    0x08001382     0x2  stm32f1xx_hal_rcc.o [1]
  .text               ro code  0x08001384    0x58  memchr.o [5]
  .text               ro code  0x080013dc     0xa  xmbcurmax.o [3]
  .text               ro code  0x080013e8    0xb0  xxmemxmalloc.o [3]
  .text               ro code  0x08001498    0x1a  xwctomb.o [3]
  .text               ro code  0x080014b4    0x76  ABImemcpy_unaligned.o [5]
  .text               ro code  0x0800152c    0x80  xxmemxfree.o [3]
  .text               ro code  0x080015ac    0xee  I64DivMod.o [5]
  .text               ro code  0x0800169a    0x42  xdnorm.o [4]
  .text               ro code  0x080016dc    0x2e  DblCmpLe.o [4]
  .text               ro code  0x0800170c    0x2e  DblCmpGe.o [4]
  .text               ro code  0x0800173c   0x10c  xdscale.o [4]
  .text               ro code  0x08001848    0x58  DblToI32.o [4]
  .text               ro code  0x080018a0    0x30  I32ToDbl.o [4]
  .text               ro code  0x080018d0   0x180  DblSub.o [4]
  .text               ro code  0x08001a50   0x1a2  DblMul.o [4]
  .text               ro code  0x08001bf4   0x256  DblDiv.o [4]
  .text               ro code  0x08001e4c    0x6c  localeconv.o [3]
  .text               ro code  0x08001eb8     0xe  div.o [3]
  .text               ro code  0x08001ec8    0x24  setlocale.o [3]
  .text               ro code  0x08001eec    0x60  xencoding_sb.o [3]
  .text               ro code  0x08001f4c    0x2c  xgetmemchunk.o [3]
  .text               ro code  0x08001f78     0x2  I64DivZer.o [5]
  .text               ro code  0x08001f7c    0xe8  DblAdd.o [4]
  .text               ro code  0x08002064     0x2  xtls.o [3]
  .text               ro code  0x08002068   0xce0  tasks.o [1]
  CODE                ro code  0x08002d48    0x94  portasm.o [1]
  .text               ro code  0x08002ddc   0x34c  port.o [1]
  .text               ro code  0x08003128    0x9e  list.o [1]
  .text               ro code  0x080031c8   0x458  timers.o [1]
  .text               ro code  0x08003620   0x41c  freertos.o [1]
  .text               ro code  0x08003a3c   0x258  heap_4.o [1]
  .text               ro code  0x08003c94    0x66  ABImemset.o [5]
  .text               ro code  0x08003cfc   0x818  queue.o [1]
  .text               ro code  0x08004514   0x204  cmsis_os.o [1]
  .text               ro code  0x08004718    0x80  Gizwits.o [1]
  .text               ro code  0x08004798   0x264  board.o [1]
  .text               ro code  0x080049fc   0x314  DataTransfer.o [1]
  .text               ro code  0x08004d10    0x42  strcmp_unaligned.o [5]
  .text               ro code  0x08004d54     0x6  ABImemclr4.o [5]
  .text               ro code  0x08004d5c    0x44  strcpy_unaligned.o [5]
  .text               ro code  0x08004da0    0x1c  strcat.o [3]
  .text               ro code  0x08004dbc   0x1a4  DeviceModule.o [1]
  .text               ro code  0x08004f60    0xf0  CRC_JIAMI.o [1]
  .text               ro code  0x08005050    0x34  sprintf.o [3]
  .text               ro code  0x08005084    0x4e  FltToDbl.o [4]
  .text               ro code  0x080050d4   0x25a  Handle.o [1]
  .text               ro code  0x08005330    0x32  ABImemset48.o [5]
  .text               ro code  0x08005364   0x1d8  spi.o [1]
  .text               ro code  0x0800553c   0x484  stm32f1xx_hal_gpio.o [1]
  .text               ro code  0x080059c0   0x71e  stm32f1xx_hal_spi.o [1]
  .text               ro code  0x080060e0    0x58  stm32f1xx_hal.o [1]
  .text               ro code  0x08006138     0x8  atoi.o [3]
  .text               ro code  0x08006140   0x28c  relay.o [1]
  .text               ro code  0x080063cc    0x90  stm32f1xx_hal_spi_ex.o [1]
  .text               ro code  0x0800645c    0xf2  main.o [1]
  .text               ro code  0x08006550   0x184  stm32f1xx_hal_cortex.o [1]
  .text               ro code  0x080066d4    0x94  stm32f1xx_hal_timebase_TIM.o [1]
  .text               ro code  0x08006768    0x7c  stm32f1xx_hal_msp.o [1]
  .text               ro code  0x080067e4   0x198  xstoul.o [3]
  .text               ro code  0x0800697c   0x1ac  gpio.o [1]
  .text               ro code  0x08006b28   0x110  can.o [1]
  .text               ro code  0x08006c38    0x90  dac.o [1]
  .text               ro code  0x08006cc8    0x34  sdio.o [1]
  .text               ro code  0x08006cfc   0x620  tim.o [1]
  .text               ro code  0x0800731c   0xa5c  stm32f1xx_hal_rcc.o [1]
  .text               ro code  0x08007d78   0x144  stm32f1xx_hal_rcc_ex.o [1]
  .text               ro code  0x08007ebc   0x680  stm32f1xx_hal_tim.o [1]
  .text               ro code  0x0800853c    0x14  isxxx.o [3]
  .text               ro code  0x08008550    0x14  tolower.o [3]
  .text               ro code  0x08008564     0xc  errno.o [3]
  .text               ro code  0x08008570   0x47e  stm32f1xx_hal_can.o [1]
  .text               ro code  0x080089f0    0x7e  stm32f1xx_hal_dac.o [1]
  .text               ro code  0x08008a70    0xa8  stm32f1xx_hal_tim_ex.o [1]
  .text               ro code  0x08008b18    0x14  xlocale_c.o [3]
  .text               ro code  0x08008b2c     0xc  xlocale_c.o [3]
  .text               ro code  0x08008b38   0x782  SHT2x.o [1]
  .text               ro code  0x080092bc    0xe6  FltSub.o [4]
  .text               ro code  0x080093a4    0x1e  I32ToFlt.o [4]
  .text               ro code  0x080093c4    0x90  DblToFlt.o [4]
  .text               ro code  0x08009454    0x74  FltAdd.o [4]
  .text               ro code  0x080094c8   0x758  stm32f1xx_hal_adc.o [1]
  .text               ro code  0x08009c20    0x9c  adc.o [1]
  .text               ro code  0x08009cbc   0x2fc  Key.o [1]
  .text               ro code  0x08009fb8     0x2  stm32f1xx_hal_adc_ex.o [1]
  .text               ro code  0x08009fbc   0x59c  DS1307.o [1]
  .text               ro code  0x0800a558   0x594  stm32f1xx_hal_uart.o [1]
  .text               ro code  0x0800aaec   0x158  usart.o [1]
  .text               ro code  0x0800ac44   0x528  UsartDriver.o [1]
  .text               ro code  0x0800b16c    0x92  SerialDriver_OS.o [1]
  .text               ro code  0x0800b200   0x2c0  SerialDriver.o [1]
  .text               ro code  0x0800b4c0   0x370  Alarm.o [1]
  .text               ro code  0x0800b830   0x30c  HMI.o [1]
  .text               ro code  0x0800bb3c   0x27c  RF4463.o [1]
  .text               ro code  0x0800bdb8   0x208  si446x.o [1]
  .rodata             const    0x0800bfc0   0x16c  si446x.o [1]
  .text               ro code  0x0800c12c    0xdc  stm32f1xx_it.o [1]
  .text               ro code  0x0800c208    0xc0  stm32f1xx_hal_sd.o [1]
  .text               ro code  0x0800c2c8    0x68  system_stm32f1xx.o [1]
  .text               ro code  0x0800c330    0x40  zero_init3.o [5]
  .text               ro code  0x0800c370    0x28  data_init.o [5]
  .iar.init_table     const    0x0800c398    0x20  - Linker created -
  .text               ro code  0x0800c3b8    0x1a  cmain.o [5]
  .text               ro code  0x0800c3d2     0x4  low_level_init.o [3]
  .text               ro code  0x0800c3d6     0x4  exit.o [3]
  .text               ro code  0x0800c3dc     0xa  cexit.o [5]
  .text               ro code  0x0800c3e8    0x14  exit.o [6]
  .rodata             const    0x0800c3fc    0x18  freertos.o [1]
  .rodata             const    0x0800c414    0x18  freertos.o [1]
  .rodata             const    0x0800c42c    0x18  freertos.o [1]
  .rodata             const    0x0800c444    0x18  freertos.o [1]
  .rodata             const    0x0800c45c    0x14  freertos.o [1]
  .rodata             const    0x0800c470    0x14  freertos.o [1]
  .rodata             const    0x0800c484    0x14  freertos.o [1]
  .rodata             const    0x0800c498    0x14  freertos.o [1]
  .rodata             const    0x0800c4ac    0x14  freertos.o [1]
  .rodata             const    0x0800c4c0    0x14  freertos.o [1]
  .rodata             const    0x0800c4d4    0x14  freertos.o [1]
  .rodata             const    0x0800c4e8    0x14  freertos.o [1]
  .rodata             const    0x0800c4fc    0x10  freertos.o [1]
  .rodata             const    0x0800c50c    0x10  freertos.o [1]
  .rodata             const    0x0800c51c    0x10  freertos.o [1]
  .rodata             const    0x0800c52c    0x10  freertos.o [1]
  .rodata             const    0x0800c53c    0x10  Handle.o [1]
  .rodata             const    0x0800c54c    0x10  Handle.o [1]
  .rodata             const    0x0800c55c    0x10  stm32f1xx_hal_rcc.o [1]
  .rodata             const    0x0800c56c    0x10  system_stm32f1xx.o [1]
  .text               ro code  0x0800c57c    0x10  startup_stm32f103xe.o [1]
  .rodata             const    0x0800c58c     0xc  freertos.o [1]
  .rodata             const    0x0800c598     0xc  freertos.o [1]
  .rodata             const    0x0800c5a4     0xc  freertos.o [1]
  .rodata             const    0x0800c5b0     0xc  SHT2x.o [1]
  .text               ro code  0x0800c5bc     0xc  cstartup_M.o [5]
  .rodata             const    0x0800c5c8     0x8  board.o [1]
  .rodata             const    0x0800c5d0     0x8  DataTransfer.o [1]
  .rodata             const    0x0800c5d8     0x8  DataTransfer.o [1]
  .rodata             const    0x0800c5e0     0x8  Handle.o [1]
  .rodata             const    0x0800c5e8     0x8  Handle.o [1]
  .rodata             const    0x0800c5f0     0x8  Handle.o [1]
  .rodata             const    0x0800c5f8     0x8  Handle.o [1]
  .rodata             const    0x0800c600     0x8  HMI.o [1]
  .rodata             const    0x0800c608     0x8  relay.o [1]
  .rodata             const    0x0800c610     0x8  relay.o [1]
  .rodata             const    0x0800c618     0x8  relay.o [1]
  .rodata             const    0x0800c620     0x8  relay.o [1]
  .rodata             const    0x0800c628     0x8  system_stm32f1xx.o [1]
  .rodata             const    0x0800c630     0x8  tasks.o [1]
  .rodata             const    0x0800c638     0x8  timers.o [1]
  .rodata             const    0x0800c640     0x8  timers.o [1]
  .rodata             const    0x0800c648     0x4  freertos.o [1]
  .rodata             const    0x0800c64c     0x4  freertos.o [1]
  .rodata             const    0x0800c650     0x4  heap_4.o [1]
  .rodata             const    0x0800c654     0x4  port.o [1]
  .text               ro code  0x0800c658     0x4  startup_stm32f103xe.o [1]
  .text               ro code  0x0800c65c     0x4  startup_stm32f103xe.o [1]
  .text               ro code  0x0800c660     0x4  startup_stm32f103xe.o [1]
  .text               ro code  0x0800c664     0x4  startup_stm32f103xe.o [1]
  .text               ro code  0x0800c668     0x4  startup_stm32f103xe.o [1]
  .text               ro code  0x0800c66c     0x4  startup_stm32f103xe.o [1]
  .text               ro code  0x0800c670     0x4  startup_stm32f103xe.o [1]
  .text               ro code  0x0800c674     0x4  startup_stm32f103xe.o [1]
  .text               ro code  0x0800c678     0x4  startup_stm32f103xe.o [1]
  .text               ro code  0x0800c67c     0x4  startup_stm32f103xe.o [1]
  .text               ro code  0x0800c680     0x4  startup_stm32f103xe.o [1]
  .text               ro code  0x0800c684     0x4  startup_stm32f103xe.o [1]
  .text               ro code  0x0800c688     0x4  startup_stm32f103xe.o [1]
  .text               ro code  0x0800c68c     0x4  startup_stm32f103xe.o [1]
  .text               ro code  0x0800c690     0x4  startup_stm32f103xe.o [1]
  .text               ro code  0x0800c694     0x4  startup_stm32f103xe.o [1]
  .text               ro code  0x0800c698     0x4  startup_stm32f103xe.o [1]
  .text               ro code  0x0800c69c     0x4  startup_stm32f103xe.o [1]
  .text               ro code  0x0800c6a0     0x4  startup_stm32f103xe.o [1]
  .text               ro code  0x0800c6a4     0x4  startup_stm32f103xe.o [1]
  .text               ro code  0x0800c6a8     0x4  startup_stm32f103xe.o [1]
  .text               ro code  0x0800c6ac     0x4  startup_stm32f103xe.o [1]
  .text               ro code  0x0800c6b0     0x4  startup_stm32f103xe.o [1]
  .text               ro code  0x0800c6b4     0x4  startup_stm32f103xe.o [1]
  .text               ro code  0x0800c6b8     0x4  startup_stm32f103xe.o [1]
  .text               ro code  0x0800c6bc     0x4  startup_stm32f103xe.o [1]
  .text               ro code  0x0800c6c0     0x4  startup_stm32f103xe.o [1]
  .text               ro code  0x0800c6c4     0x4  startup_stm32f103xe.o [1]
  .text               ro code  0x0800c6c8     0x4  startup_stm32f103xe.o [1]
  .text               ro code  0x0800c6cc     0x4  startup_stm32f103xe.o [1]
  .text               ro code  0x0800c6d0     0x4  startup_stm32f103xe.o [1]
  .text               ro code  0x0800c6d4     0x4  startup_stm32f103xe.o [1]
  .text               ro code  0x0800c6d8     0x4  startup_stm32f103xe.o [1]
  .text               ro code  0x0800c6dc     0x4  startup_stm32f103xe.o [1]
  .text               ro code  0x0800c6e0     0x4  startup_stm32f103xe.o [1]
  .text               ro code  0x0800c6e4     0x4  startup_stm32f103xe.o [1]
  .text               ro code  0x0800c6e8     0x4  startup_stm32f103xe.o [1]
  .text               ro code  0x0800c6ec     0x4  startup_stm32f103xe.o [1]
  .text               ro code  0x0800c6f0     0x4  startup_stm32f103xe.o [1]
  .text               ro code  0x0800c6f4     0x4  startup_stm32f103xe.o [1]
  .text               ro code  0x0800c6f8     0x4  startup_stm32f103xe.o [1]
  .text               ro code  0x0800c6fc     0x4  startup_stm32f103xe.o [1]
  .text               ro code  0x0800c700     0x4  startup_stm32f103xe.o [1]
  .text               ro code  0x0800c704     0x4  startup_stm32f103xe.o [1]
  .text               ro code  0x0800c708     0x4  startup_stm32f103xe.o [1]
  .text               ro code  0x0800c70c     0x4  startup_stm32f103xe.o [1]
  .text               ro code  0x0800c710     0x4  startup_stm32f103xe.o [1]
  .text               ro code  0x0800c714     0x4  startup_stm32f103xe.o [1]
  .text               ro code  0x0800c718     0x4  startup_stm32f103xe.o [1]
  .text               ro code  0x0800c71c     0x4  startup_stm32f103xe.o [1]
  .rodata             const    0x0800c720     0x0  zero_init3.o [5]
  .rodata             const    0x0800c720     0x0  lz77_init_single.o [5]
  Initializer bytes   const    0x0800c720   0x289  <for P2-1>
                             - 0x0800c9a9  0xc879

"P2", part 1 of 3:                          0x571
  P2-1                         0x20000000   0x571  <Init block>
    .data             inited   0x20000000    0x48  Alarm.o [1]
    .data             inited   0x20000048    0x28  board.o [1]
    .data             inited   0x20000070     0xc  CRC_JIAMI.o [1]
    .data             inited   0x2000007c    0x20  CRC_JIAMI.o [1]
    .data             inited   0x2000009c     0x4  DataTransfer.o [1]
    .data             inited   0x200000a0    0x20  DataTransfer.o [1]
    .data             inited   0x200000c0    0x34  DeviceModule.o [1]
    .data             inited   0x200000f4    0x48  DS1307.o [1]
    .data             inited   0x2000013c    0xe4  HMI.o [1]
    .data             inited   0x20000220    0x28  Key.o [1]
    .data             inited   0x20000248    0x48  Key.o [1]
    .data             inited   0x20000290     0x4  port.o [1]
    .data             inited   0x20000294    0x38  relay.o [1]
    .data             inited   0x200002cc     0x8  relay.o [1]
    .data             inited   0x200002d4    0x48  relay.o [1]
    .data             inited   0x2000031c    0x10  RF4463.o [1]
    .data             inited   0x2000032c    0x48  RF4463.o [1]
    .data             inited   0x20000374    0x20  SerialDriver.o [1]
    .data             inited   0x20000394    0x48  SHT2x.o [1]
    .data             inited   0x200003dc     0x4  system_stm32f1xx.o [1]
    .data             inited   0x200003e0    0x48  UsartDriver.o [1]
    .data             inited   0x20000428    0x48  UsartDriver.o [1]
    __DLIB_PERTHREAD  inited   0x20000470    0x88  localeconv.o [3]
    __DLIB_PERTHREAD  inited   0x200004f8     0x4  errno.o [3]
    __DLIB_PERTHREAD  inited   0x200004fc    0x74  setlocale.o [3]
    .data             inited   0x20000570     0x1  RF4463.o [1]
                             - 0x20000571   0x571

"P2", part 2 of 3:                         0x2000
  CSTACK                       0x20000578  0x1000  <Block>
    CSTACK            uninit   0x20000578  0x1000  <Block tail>
  HEAP                         0x20001578  0x1000  <Block>
    HEAP              uninit   0x20001578  0x1000  <Block tail>
                             - 0x20002578  0x2000

"P2", part 3 of 3:                         0x8c3c
  .bss                zero     0x20002578  0x7800  heap_4.o [1]
  .bss                zero     0x20009d78   0x7bc  board.o [1]
  .bss                zero     0x2000a534   0x280  tasks.o [1]
  .bss                zero     0x2000a7b4   0x1b8  board.o [1]
  .bss                zero     0x2000a96c   0x128  UsartDriver.o [1]
  .bss                zero     0x2000aa94    0xa0  SerialDriver.o [1]
  .bss                zero     0x2000ab34    0x60  sdio.o [1]
  .bss                zero     0x2000ab94    0x58  spi.o [1]
  .bss                zero     0x2000abec    0x58  spi.o [1]
  .bss                zero     0x2000ac44    0x40  can.o [1]
  .bss                zero     0x2000ac84    0x40  DataTransfer.o [1]
  .bss                zero     0x2000acc4    0x40  DataTransfer.o [1]
  .bss                zero     0x2000ad04    0x40  queue.o [1]
  .bss                zero     0x2000ad44    0x40  usart.o [1]
  .bss                zero     0x2000ad84    0x40  UsartDriver.o [1]
  .bss                zero     0x2000adc4    0x40  UsartDriver.o [1]
  .bss                zero     0x2000ae04    0x3c  stm32f1xx_hal_timebase_TIM.o [1]
  .bss                zero     0x2000ae40    0x3c  tim.o [1]
  .bss                zero     0x2000ae7c    0x3c  tim.o [1]
  .bss                zero     0x2000aeb8    0x3c  tim.o [1]
  .bss                zero     0x2000aef4    0x3c  tim.o [1]
  .bss                zero     0x2000af30    0x3c  tim.o [1]
  .bss                zero     0x2000af6c    0x3c  tim.o [1]
  .bss                zero     0x2000afa8    0x30  adc.o [1]
  .bss                zero     0x2000afd8    0x2c  Alarm.o [1]
  .bss                zero     0x2000b004    0x20  relay.o [1]
  .bss                zero     0x2000b024    0x1c  SHT2x.o [1]
  .bss                zero     0x2000b040    0x14  dac.o [1]
  .bss                zero     0x2000b054    0x14  tasks.o [1]
  .bss                zero     0x2000b068    0x14  tasks.o [1]
  .bss                zero     0x2000b07c    0x14  tasks.o [1]
  .bss                zero     0x2000b090    0x14  tasks.o [1]
  .bss                zero     0x2000b0a4    0x14  tasks.o [1]
  .bss                zero     0x2000b0b8    0x14  timers.o [1]
  .bss                zero     0x2000b0cc    0x14  timers.o [1]
  .bss                zero     0x2000b0e0     0xc  relay.o [1]
  .bss                zero     0x2000b0ec     0x8  DS1307.o [1]
  .bss                zero     0x2000b0f4     0x8  heap_4.o [1]
  .bss                zero     0x2000b0fc     0x8  xxmemxmalloc.o [3]
  .bss                zero     0x2000b104     0x4  freertos.o [1]
  .bss                zero     0x2000b108     0x4  freertos.o [1]
  .bss                zero     0x2000b10c     0x4  freertos.o [1]
  .bss                zero     0x2000b110     0x4  freertos.o [1]
  .bss                zero     0x2000b114     0x4  freertos.o [1]
  .bss                zero     0x2000b118     0x4  freertos.o [1]
  .bss                zero     0x2000b11c     0x4  freertos.o [1]
  .bss                zero     0x2000b120     0x4  freertos.o [1]
  .bss                zero     0x2000b124     0x4  freertos.o [1]
  .bss                zero     0x2000b128     0x4  freertos.o [1]
  .bss                zero     0x2000b12c     0x4  freertos.o [1]
  .bss                zero     0x2000b130     0x4  freertos.o [1]
  .bss                zero     0x2000b134     0x4  heap_4.o [1]
  .bss                zero     0x2000b138     0x4  heap_4.o [1]
  .bss                zero     0x2000b13c     0x4  heap_4.o [1]
  .bss                zero     0x2000b140     0x4  heap_4.o [1]
  .bss                zero     0x2000b144     0x4  port.o [1]
  .bss                zero     0x2000b148     0x4  port.o [1]
  .bss                zero     0x2000b14c     0x4  port.o [1]
  .bss                zero     0x2000b150     0x4  port.o [1]
  .bss                zero     0x2000b154     0x4  RF4463.o [1]
  .bss                zero     0x2000b158     0x4  RF4463.o [1]
  .bss                zero     0x2000b15c     0x4  stm32f1xx_hal.o [1]
  .bss                zero     0x2000b160     0x4  tasks.o [1]
  .bss                zero     0x2000b164     0x4  tasks.o [1]
  .bss                zero     0x2000b168     0x4  tasks.o [1]
  .bss                zero     0x2000b16c     0x4  tasks.o [1]
  .bss                zero     0x2000b170     0x4  tasks.o [1]
  .bss                zero     0x2000b174     0x4  tasks.o [1]
  .bss                zero     0x2000b178     0x4  tasks.o [1]
  .bss                zero     0x2000b17c     0x4  tasks.o [1]
  .bss                zero     0x2000b180     0x4  tasks.o [1]
  .bss                zero     0x2000b184     0x4  tasks.o [1]
  .bss                zero     0x2000b188     0x4  tasks.o [1]
  .bss                zero     0x2000b18c     0x4  tasks.o [1]
  .bss                zero     0x2000b190     0x4  tasks.o [1]
  .bss                zero     0x2000b194     0x4  tasks.o [1]
  .bss                zero     0x2000b198     0x4  timers.o [1]
  .bss                zero     0x2000b19c     0x4  timers.o [1]
  .bss                zero     0x2000b1a0     0x4  timers.o [1]
  .bss                zero     0x2000b1a4     0x4  timers.o [1]
  .bss                zero     0x2000b1a8     0x4  xgetmemchunk.o [3]
  .bss                zero     0x2000b1ac     0x2  freertos.o [1]
  .bss                zero     0x2000b1ae     0x1  freertos.o [1]
  .bss                zero     0x2000b1af     0x1  port.o [1]
  .bss                zero     0x2000b1b0     0x1  SerialDriver.o [1]
  .bss                zero     0x2000b1b1     0x1  stm32f1xx_hal_spi_ex.o [1]
  .bss                zero     0x2000b1b2     0x1  UsartDriver.o [1]
                             - 0x2000b1b3  0x8c3b


*******************************************************************************
*** INIT TABLE
***

          Address     Size
          -------     ----
Zero (__iar_zero_init3)
    1 destination range, total size 0x8c3b:
          0x20002578  0x8c3b

Copy/lz77 (__iar_lz77_init_single3)
    1 source range, total size 0x289 (46% of destination):
          0x0800c720   0x289
    1 destination range, total size 0x571:
          0x20000000   0x571



*******************************************************************************
*** MODULE SUMMARY
***

    Module                        ro code  ro data  rw data
    ------                        -------  -------  -------
C:\Users\Zhaojingyangchun\Documents\GitHub\Wireless-control\Project-IAR\EWARM\SmartHouse\Obj: [1]
    Alarm.o                           880       33      116
    CRC_JIAMI.o                       240       20       44
    DS1307.o                        1 436       34       80
    DataTransfer.o                    788       33      164
    DeviceModule.o                    420       24       52
    Gizwits.o                         128
    HMI.o                             780      114      228
    Handle.o                          602       64
    Key.o                             764       52      112
    RF4463.o                          636       42       97
    SHT2x.o                         1 922       46      100
    SerialDriver.o                    704       15      193
    SerialDriver_OS.o                 146
    UsartDriver.o                   1 320       67      569
    adc.o                             156                48
    board.o                           612       27    2 460
    can.o                             272                64
    cmsis_os.o                        516
    dac.o                             144                20
    freertos.o                      1 052      364       51
    gpio.o                            428
    heap_4.o                          600        4   30 744
    list.o                            158
    main.o                            242
    port.o                            844        6       21
    portasm.o                         148
    queue.o                         2 072                64
    relay.o                           652       95      180
    sdio.o                             52                96
    si446x.o                          520      364
    spi.o                             472               176
    startup_stm32f103xe.o             520
    stm32f1xx_hal.o                    88                 4
    stm32f1xx_hal_adc.o             1 880
    stm32f1xx_hal_adc_ex.o              2
    stm32f1xx_hal_can.o             1 150
    stm32f1xx_hal_cortex.o            388
    stm32f1xx_hal_dac.o               126
    stm32f1xx_hal_gpio.o            1 156
    stm32f1xx_hal_msp.o               124
    stm32f1xx_hal_rcc.o             2 652       18
    stm32f1xx_hal_rcc_ex.o            324
    stm32f1xx_hal_sd.o                192
    stm32f1xx_hal_spi.o             1 822
    stm32f1xx_hal_spi_ex.o            144                 1
    stm32f1xx_hal_tim.o             1 664
    stm32f1xx_hal_tim_ex.o            168
    stm32f1xx_hal_timebase_TIM.o      148                60
    stm32f1xx_hal_uart.o            1 428
    stm32f1xx_it.o                    220
    system_stm32f1xx.o                104       26        4
    tasks.o                         3 296        8      796
    tim.o                           1 568               360
    timers.o                        1 112       16       56
    usart.o                           344                64
    -------------------------------------------------------
    Total:                         40 326    1 472   37 024

command line: [2]
    -------------------------------------------------------
    Total:

dl7M_tlf.a: [3]
    atoi.o                              8
    div.o                              14
    errno.o                            12        2        4
    exit.o                              4
    isxxx.o                            20
    localeconv.o                      108       63      136
    low_level_init.o                    4
    setlocale.o                        36       54      116
    sprintf.o                          52
    strcat.o                           28
    tolower.o                          20
    xencoding_sb.o                     96
    xgetmemchunk.o                     44                 4
    xlocale_c.o                        32
    xmbcurmax.o                        10
    xmbtowc.o                          32
    xprintffull.o                   4 454
    xsprout.o                          10
    xstoul.o                          408
    xtls.o                              2
    xwctomb.o                          26
    xxmemxfree.o                      128
    xxmemxmalloc.o                    176                 8
    -------------------------------------------------------
    Total:                          5 724      119      268

m7M_tl.a: [4]
    DblAdd.o                          232
    DblCmpGe.o                         46
    DblCmpLe.o                         46
    DblDiv.o                          598
    DblMul.o                          418
    DblSub.o                          384
    DblToFlt.o                        144
    DblToI32.o                         88
    FltAdd.o                          116
    FltSub.o                          230
    FltToDbl.o                         78
    I32ToDbl.o                         48
    I32ToFlt.o                         30
    xdnorm.o                           66
    xdscale.o                         268
    -------------------------------------------------------
    Total:                          2 792

rt7M_tl.a: [5]
    ABImemclr4.o                        6
    ABImemcpy_unaligned.o             118
    ABImemset.o                       102
    ABImemset48.o                      50
    I64DivMod.o                       238
    I64DivZer.o                         2
    cexit.o                            10
    cmain.o                            26
    cstartup_M.o                       12
    data_init.o                        40
    lz77_init_single.o                118
    memchr.o                           88
    strchr.o                           22
    strcmp_unaligned.o                 66
    strcpy_unaligned.o                 68
    strlen.o                           54
    zero_init3.o                       64
    -------------------------------------------------------
    Total:                          1 084

shb_l.a: [6]
    exit.o                             20
    -------------------------------------------------------
    Total:                             20

    Gaps                               56
    Linker created                              32    8 192
-----------------------------------------------------------
    Grand Total:                   50 002    1 623   45 484


*******************************************************************************
*** ENTRY LIST
***

Entry                      Address    Size  Type      Object
-----                      -------    ----  ----      ------
.iar.init_table$$Base   0x0800c398           --   Gb  - Linker created -
.iar.init_table$$Limit  0x0800c3b8           --   Gb  - Linker created -
?main                   0x0800c3b9          Code  Gb  cmain.o [5]
ADC1_2_IRQHandler       0x0800c135     0xa  Code  Gb  stm32f1xx_it.o [1]
ADC_ConversionStop_Disable
                        0x08009bd5    0x4a  Code  Gb  stm32f1xx_hal_adc.o [1]
ADC_Enable              0x08009b37    0x6e  Code  Gb  stm32f1xx_hal_adc.o [1]
ADC_Key                 0x20000220    0x28  Data  Lc  Key.o [1]
ADC_KeyGetKey           0x08009cbd    0xe6  Code  Gb  Key.o [1]
AHBPrescTable           0x0800c56c    0x10  Data  Gb  system_stm32f1xx.o [1]
AHT2xData               0x2000b024    0x1c  Data  Lc  SHT2x.o [1]
APBPrescTable           0x0800c628     0x8  Data  Gb  system_stm32f1xx.o [1]
AddPrivateBuf           0x08004e0f    0x18  Code  Gb  DeviceModule.o [1]
Alarm                   0x20000000    0x48  Data  Gb  Alarm.o [1]
AlarmMutex              0x2000b128     0x4  Data  Gb  freertos.o [1]
Alarm_close             0x0800b565    0x32  Code  Lc  Alarm.o [1]
Alarm_command           0x0800b5b9    0x26  Code  Lc  Alarm.o [1]
Alarm_detect            0x0800b597    0x22  Code  Lc  Alarm.o [1]
Alarm_gets              0x0800b6f7    0x28  Code  Lc  Alarm.o [1]
Alarm_open              0x0800b4c1    0xa4  Code  Lc  Alarm.o [1]
Alarm_puts              0x0800b6ad    0x4a  Code  Lc  Alarm.o [1]
Alarm_set               0x0800b5df    0xce  Code  Lc  Alarm.o [1]
Alarm_timing_process    0x0800b71f    0xf8  Code  Lc  Alarm.o [1]
BSP_SPI_ExchangeByte    0x0800bdd3    0x10  Code  Gb  si446x.o [1]
BackGroundTask_1        0x0800372d     0xc  Code  Gb  freertos.o [1]
BackGroundTask_1_Handle
                        0x2000b104     0x4  Data  Gb  freertos.o [1]
BackGroundTask_2        0x08003739     0xc  Code  Gb  freertos.o [1]
BackGroundTask_2_Handle
                        0x2000b108     0x4  Data  Gb  freertos.o [1]
CAN1_RX1_IRQHandler     0x0800c153     0xa  Code  Gb  stm32f1xx_it.o [1]
CAN1_SCE_IRQHandler     0x0800c15d     0xa  Code  Gb  stm32f1xx_it.o [1]
CAN_Receive_IT          0x08008873   0x17c  Code  Lc  stm32f1xx_hal_can.o [1]
CAN_Transmit_IT         0x0800882f    0x44  Code  Lc  stm32f1xx_hal_can.o [1]
CRC16CCITT_Table        0x2000007c    0x20  Data  Gb  CRC_JIAMI.o [1]
CRC16Ccitt              0x08004fa5    0x62  Code  Gb  CRC_JIAMI.o [1]
CRC16Table_SerialDriver
                        0x20000374    0x20  Data  Gb  SerialDriver.o [1]
CRC16_SerialDriver      0x0800b201    0x72  Code  Lc  SerialDriver.o [1]
CRC_JIAMI               0x08005011    0x40  Code  Gb  CRC_JIAMI.o [1]
CSTACK$$Base            0x20000578           --   Gb  - Linker created -
CSTACK$$Limit           0x20001578           --   Gb  - Linker created -
CheckReceive            0x08004abf    0x20  Code  Gb  DataTransfer.o [1]
DS1307                  0x200000f4    0x48  Data  Gb  DS1307.o [1]
DS1307_Delay            0x0800a221    0x1a  Code  Lc  DS1307.o [1]
DS1307_GetTime          0x0800a167    0xba  Code  Lc  DS1307.o [1]
DS1307_I2cNoAcknowledge
                        0x0800a357    0x3c  Code  Lc  DS1307.o [1]
DS1307_I2cReadByte      0x0800a393    0x7c  Code  Lc  DS1307.o [1]
DS1307_I2cStartCondition
                        0x0800a2c7    0x48  Code  Lc  DS1307.o [1]
DS1307_I2cStopCondition
                        0x0800a30f    0x48  Code  Lc  DS1307.o [1]
DS1307_I2cWriteByte     0x0800a40f    0xb4  Code  Lc  DS1307.o [1]
DS1307_Init             0x0800a23b    0x36  Code  Lc  DS1307.o [1]
DS1307_SCL_OUTPUT       0x0800a271    0x1e  Code  Lc  DS1307.o [1]
DS1307_SDA_INPUT        0x0800a2ad    0x1a  Code  Lc  DS1307.o [1]
DS1307_SDA_OUTPUT       0x0800a28f    0x1e  Code  Lc  DS1307.o [1]
DS1307_close            0x08009ff9    0x28  Code  Lc  DS1307.o [1]
DS1307_command          0x0800a047    0x2a  Code  Lc  DS1307.o [1]
DS1307_detect           0x0800a021    0x26  Code  Lc  DS1307.o [1]
DS1307_gets             0x0800a133    0x34  Code  Lc  DS1307.o [1]
DS1307_open             0x08009fbd    0x3c  Code  Lc  DS1307.o [1]
DS1307_puts             0x0800a107    0x2c  Code  Lc  DS1307.o [1]
DS1307_set              0x0800a071    0x96  Code  Lc  DS1307.o [1]
DeviceList              0x2000a7b4   0x1b8  Data  Gb  board.o [1]
Ds1307Time              0x2000b0ec     0x8  Data  Gb  DS1307.o [1]
Error_Handler           0x0800654d     0x2  Code  Gb  main.o [1]
GetRelayState           0x08006141    0x56  Code  Gb  relay.o [1]
GizwitsSend             0x08004719    0x64  Code  Gb  Gizwits.o [1]
GizwitsTimingProcess    0x0800477d    0x10  Code  Gb  Gizwits.o [1]
HAL_ADCEx_InjectedConvCpltCallback
                        0x08009fb9     0x2  Code  Wk  stm32f1xx_hal_adc_ex.o [1]
HAL_ADC_ConfigChannel   0x0800999f   0x198  Code  Gb  stm32f1xx_hal_adc.o [1]
HAL_ADC_ConvCpltCallback
                        0x08009da3    0x12  Code  Gb  Key.o [1]
HAL_ADC_DeInit          0x08009653   0x10a  Code  Gb  stm32f1xx_hal_adc.o [1]
HAL_ADC_IRQHandler      0x08009897   0x106  Code  Gb  stm32f1xx_hal_adc.o [1]
HAL_ADC_Init            0x080094c9   0x18a  Code  Gb  stm32f1xx_hal_adc.o [1]
HAL_ADC_LevelOutOfWindowCallback
                        0x0800999d     0x2  Code  Wk  stm32f1xx_hal_adc.o [1]
HAL_ADC_MspDeInit       0x08009c7b    0x30  Code  Gb  adc.o [1]
HAL_ADC_MspInit         0x08009c21    0x5a  Code  Gb  adc.o [1]
HAL_ADC_Start_IT        0x0800975d   0x13a  Code  Gb  stm32f1xx_hal_adc.o [1]
HAL_CAN_ErrorCallback   0x0800882d     0x2  Code  Wk  stm32f1xx_hal_can.o [1]
HAL_CAN_IRQHandler      0x080086a3   0x178  Code  Gb  stm32f1xx_hal_can.o [1]
HAL_CAN_Init            0x08008571   0x132  Code  Gb  stm32f1xx_hal_can.o [1]
HAL_CAN_MspInit         0x08006b85    0x9e  Code  Gb  can.o [1]
HAL_CAN_RxCpltCallback  0x0800882b     0x2  Code  Wk  stm32f1xx_hal_can.o [1]
HAL_CAN_TxCpltCallback  0x08008829     0x2  Code  Wk  stm32f1xx_hal_can.o [1]
HAL_DAC_ConfigChannel   0x08008a1d    0x52  Code  Gb  stm32f1xx_hal_dac.o [1]
HAL_DAC_Init            0x080089f1    0x2c  Code  Gb  stm32f1xx_hal_dac.o [1]
HAL_DAC_MspInit         0x08006c7f    0x3a  Code  Gb  dac.o [1]
HAL_Delay               0x08006115    0x1a  Code  Wk  stm32f1xx_hal.o [1]
HAL_GPIO_DeInit         0x08005813   0x138  Code  Gb  stm32f1xx_hal_gpio.o [1]
HAL_GPIO_Init           0x0800553d   0x2d6  Code  Gb  stm32f1xx_hal_gpio.o [1]
HAL_GPIO_ReadPin        0x0800594b    0x18  Code  Gb  stm32f1xx_hal_gpio.o [1]
HAL_GPIO_WritePin       0x08005963    0x14  Code  Gb  stm32f1xx_hal_gpio.o [1]
HAL_GetTick             0x0800610f     0x6  Code  Wk  stm32f1xx_hal.o [1]
HAL_IncTick             0x08006103     0xc  Code  Wk  stm32f1xx_hal.o [1]
HAL_Init                0x080060e1    0x22  Code  Gb  stm32f1xx_hal.o [1]
HAL_InitTick            0x080066d5    0x82  Code  Gb  stm32f1xx_hal_timebase_TIM.o [1]
HAL_MspInit             0x08006769    0x7c  Code  Gb  stm32f1xx_hal_msp.o [1]
HAL_NVIC_DisableIRQ     0x08006675     0xe  Code  Gb  stm32f1xx_hal_cortex.o [1]
HAL_NVIC_EnableIRQ      0x08006667     0xe  Code  Gb  stm32f1xx_hal_cortex.o [1]
HAL_NVIC_SetPriority    0x08006641    0x26  Code  Gb  stm32f1xx_hal_cortex.o [1]
HAL_NVIC_SetPriorityGrouping
                        0x08006635     0xc  Code  Gb  stm32f1xx_hal_cortex.o [1]
HAL_RCCEx_PeriphCLKConfig
                        0x08007d79   0x12c  Code  Gb  stm32f1xx_hal_rcc_ex.o [1]
HAL_RCC_ClockConfig     0x08007a05   0x228  Code  Gb  stm32f1xx_hal_rcc.o [1]
HAL_RCC_GetClockConfig  0x08007cfd    0x3a  Code  Gb  stm32f1xx_hal_rcc.o [1]
HAL_RCC_GetHCLKFreq     0x08007cb7     0x6  Code  Gb  stm32f1xx_hal_rcc.o [1]
HAL_RCC_GetPCLK1Freq    0x08007cbd    0x20  Code  Gb  stm32f1xx_hal_rcc.o [1]
HAL_RCC_GetPCLK2Freq    0x08007cdd    0x20  Code  Gb  stm32f1xx_hal_rcc.o [1]
HAL_RCC_GetSysClockFreq
                        0x08007c2d    0x8a  Code  Gb  stm32f1xx_hal_rcc.o [1]
HAL_RCC_OscConfig       0x0800731d   0x6e8  Code  Gb  stm32f1xx_hal_rcc.o [1]
HAL_SD_IRQHandler       0x0800c209    0xb6  Code  Gb  stm32f1xx_hal_sd.o [1]
HAL_SD_XferCpltCallback
                        0x0800c2bf     0x2  Code  Wk  stm32f1xx_hal_sd.o [1]
HAL_SD_XferErrorCallback
                        0x0800c2c1     0x2  Code  Wk  stm32f1xx_hal_sd.o [1]
HAL_SPI_DeInit          0x080059c1    0x38  Code  Gb  stm32f1xx_hal_spi.o [1]
HAL_SPI_ErrorCallback   0x08005feb     0x2  Code  Wk  stm32f1xx_hal_spi.o [1]
HAL_SPI_IRQHandler      0x08005f21    0xca  Code  Gb  stm32f1xx_hal_spi.o [1]
HAL_SPI_Init            0x080063cd    0x8c  Code  Gb  stm32f1xx_hal_spi_ex.o [1]
HAL_SPI_MspDeInit       0x080054cd    0x4e  Code  Gb  spi.o [1]
HAL_SPI_MspInit         0x08005421    0xac  Code  Gb  spi.o [1]
HAL_SPI_Transmit        0x080059f9   0x1cc  Code  Gb  stm32f1xx_hal_spi.o [1]
HAL_SPI_TransmitReceive
                        0x08005bc5   0x35c  Code  Gb  stm32f1xx_hal_spi.o [1]
HAL_SYSTICK_CLKSourceConfig
                        0x0800668f    0x20  Code  Gb  stm32f1xx_hal_cortex.o [1]
HAL_SYSTICK_Config      0x08006683     0xc  Code  Gb  stm32f1xx_hal_cortex.o [1]
HAL_TIMEx_BreakCallback
                        0x08008b15     0x2  Code  Wk  stm32f1xx_hal_tim_ex.o [1]
HAL_TIMEx_CommutationCallback
                        0x08008b13     0x2  Code  Wk  stm32f1xx_hal_tim_ex.o [1]
HAL_TIMEx_ConfigBreakDeadTime
                        0x08008a71    0x48  Code  Gb  stm32f1xx_hal_tim_ex.o [1]
HAL_TIMEx_MasterConfigSynchronization
                        0x08008ab9    0x5a  Code  Gb  stm32f1xx_hal_tim_ex.o [1]
HAL_TIM_Base_Init       0x08007ebd    0x38  Code  Gb  stm32f1xx_hal_tim.o [1]
HAL_TIM_Base_MspInit    0x08007177    0xf0  Code  Gb  tim.o [1]
HAL_TIM_Base_Start_IT   0x08007ef5    0x1e  Code  Gb  stm32f1xx_hal_tim.o [1]
HAL_TIM_ConfigClockSource
                        0x0800812d   0x11e  Code  Gb  stm32f1xx_hal_tim.o [1]
HAL_TIM_IC_CaptureCallback
                        0x0800824d     0x2  Code  Wk  stm32f1xx_hal_tim.o [1]
HAL_TIM_IRQHandler      0x08007f4b   0x176  Code  Gb  stm32f1xx_hal_tim.o [1]
HAL_TIM_MspPostInit     0x0800728d    0x4e  Code  Gb  tim.o [1]
HAL_TIM_OC_ConfigChannel
                        0x080080c1    0x6c  Code  Gb  stm32f1xx_hal_tim.o [1]
HAL_TIM_OC_DelayElapsedCallback
                        0x0800824b     0x2  Code  Wk  stm32f1xx_hal_tim.o [1]
HAL_TIM_OC_Init         0x08007f13    0x38  Code  Gb  stm32f1xx_hal_tim.o [1]
HAL_TIM_OC_MspInit      0x08007267    0x26  Code  Gb  tim.o [1]
HAL_TIM_PWM_PulseFinishedCallback
                        0x0800824f     0x2  Code  Wk  stm32f1xx_hal_tim.o [1]
HAL_TIM_PeriodElapsedCallback
                        0x08006535    0x12  Code  Gb  main.o [1]
HAL_TIM_TriggerCallback
                        0x08008251     0x2  Code  Wk  stm32f1xx_hal_tim.o [1]
HAL_UART_ErrorCallback  0x0800a7db     0x2  Code  Wk  stm32f1xx_hal_uart.o [1]
HAL_UART_IRQHandler     0x0800a6c1   0x11a  Code  Gb  stm32f1xx_hal_uart.o [1]
HAL_UART_Init           0x0800a559    0x70  Code  Gb  stm32f1xx_hal_uart.o [1]
HAL_UART_MspInit        0x0800aaed   0x136  Code  Gb  usart.o [1]
HAL_UART_Receive_IT     0x0800a639    0x88  Code  Gb  stm32f1xx_hal_uart.o [1]
HAL_UART_RxCpltCallback
                        0x0800b0ff    0x2e  Code  Gb  UsartDriver.o [1]
HAL_UART_Transmit_IT    0x0800a5c9    0x70  Code  Gb  stm32f1xx_hal_uart.o [1]
HAL_UART_TxCpltCallback
                        0x0800b0d1    0x2e  Code  Gb  UsartDriver.o [1]
HEAP$$Base              0x20001578           --   Gb  - Linker created -
HEAP$$Limit             0x20002578           --   Gb  - Linker created -
HMI_ExecInstruction     0x0800ba01    0xec  Code  Gb  HMI.o [1]
HMI_SendInstruction     0x0800b831    0xc0  Code  Lc  HMI.o [1]
HMI_Task                0x0800baed    0x40  Code  Gb  HMI.o [1]
HighSpeedDeviceTask_1   0x080037b7    0x8c  Code  Gb  freertos.o [1]
HighSpeedDeviceTask_1_Handle
                        0x2000b10c     0x4  Data  Gb  freertos.o [1]
HighSpeedDeviceTask_2   0x08003843    0x90  Code  Gb  freertos.o [1]
HighSpeedDeviceTask_2_Handle
                        0x2000b110     0x4  Data  Gb  freertos.o [1]
HighSpeedTimer          0x2000b11c     0x4  Data  Gb  freertos.o [1]
HighSpeedTimerTask      0x08003745    0x70  Code  Gb  freertos.o [1]
InfSetAdd               0x080048cf    0xc4  Code  Gb  board.o [1]
InfSet_1                0x20009d78   0x7bc  Data  Gb  board.o [1]
JIAMI                   0x08004f61    0x44  Code  Gb  CRC_JIAMI.o [1]
JIAMI_Table             0x20000070     0xc  Data  Gb  CRC_JIAMI.o [1]
LL_SHT2x_Delay          0x08008da5    0x1a  Code  Gb  SHT2x.o [1]
LL_SHT2x_GetSerialNumber
                        0x080091ed    0xce  Code  Gb  SHT2x.o [1]
LL_SHT2x_I2cAcknowledge
                        0x08008efb    0x42  Code  Gb  SHT2x.o [1]
LL_SHT2x_I2cNoAcknowledge
                        0x08008f3d    0x42  Code  Gb  SHT2x.o [1]
LL_SHT2x_I2cReadByte    0x08008f7f    0x74  Code  Gb  SHT2x.o [1]
LL_SHT2x_I2cStartCondition
                        0x08008e5b    0x50  Code  Gb  SHT2x.o [1]
LL_SHT2x_I2cStopCondition
                        0x08008eab    0x50  Code  Gb  SHT2x.o [1]
LL_SHT2x_I2cWriteByte   0x08008ff3    0xa8  Code  Gb  SHT2x.o [1]
LL_SHT2x_Init           0x08008dbf    0x40  Code  Gb  SHT2x.o [1]
LL_SHT2x_MeasureHumiPoll
                        0x08009119    0x7e  Code  Gb  SHT2x.o [1]
LL_SHT2x_MeasureTempPoll
                        0x0800909b    0x7e  Code  Gb  SHT2x.o [1]
LL_SHT2x_SCL_OUTPUT     0x08008dff    0x20  Code  Gb  SHT2x.o [1]
LL_SHT2x_SDA_INPUT      0x08008e3f    0x1c  Code  Gb  SHT2x.o [1]
LL_SHT2x_SDA_OUTPUT     0x08008e1f    0x20  Code  Gb  SHT2x.o [1]
LL_SHT2x_SoftReset      0x080091d5    0x18  Code  Gb  SHT2x.o [1]
LoadInt                 0x0800077f    0x6e  Code  Lc  xprintffull.o [3]
LowSpeedDeviceTask_1    0x080038d3    0x1a  Code  Gb  freertos.o [1]
LowSpeedDeviceTask_1_Handle
                        0x2000b118     0x4  Data  Gb  freertos.o [1]
LowSpeedDeviceTask_2    0x080038ed    0xb4  Code  Gb  freertos.o [1]
LowSpeedDeviceTask_2_Handle
                        0x2000b114     0x4  Data  Gb  freertos.o [1]
LowSpeedTimer           0x2000b120     0x4  Data  Gb  freertos.o [1]
LowSpeedTimerTask       0x080037b5     0x2  Code  Gb  freertos.o [1]
MX_CAN_Init             0x08006b29    0x5c  Code  Gb  can.o [1]
MX_DAC_Init             0x08006c39    0x46  Code  Gb  dac.o [1]
MX_FREERTOS_Init        0x0800362d   0x100  Code  Gb  freertos.o [1]
MX_GPIO_Init            0x0800697d   0x1ac  Code  Gb  gpio.o [1]
MX_SDIO_SD_Init         0x08006cc9    0x2c  Code  Gb  sdio.o [1]
MX_SPI1_Init            0x08005365    0x5e  Code  Gb  spi.o [1]
MX_SPI2_Init            0x080053c3    0x5e  Code  Gb  spi.o [1]
MX_TIM1_Init            0x08006cfd   0x12a  Code  Gb  tim.o [1]
MX_TIM2_Init            0x08006e27    0xe8  Code  Gb  tim.o [1]
MX_TIM4_Init            0x08006f0f    0xf8  Code  Gb  tim.o [1]
MX_TIM6_Init            0x08007007    0x56  Code  Gb  tim.o [1]
MX_TIM7_Init            0x0800705d    0x4a  Code  Gb  tim.o [1]
MX_TIM8_Init            0x080070a7    0xd0  Code  Gb  tim.o [1]
NVIC_DisableIRQ         0x0800658d    0x14  Code  Lc  stm32f1xx_hal_cortex.o [1]
NVIC_EnableIRQ          0x08006579    0x14  Code  Lc  stm32f1xx_hal_cortex.o [1]
NVIC_EncodePriority     0x080065c7    0x3e  Code  Lc  stm32f1xx_hal_cortex.o [1]
NVIC_GetPriorityGrouping
                        0x0800656f     0xa  Code  Lc  stm32f1xx_hal_cortex.o [1]
NVIC_SetPriority        0x080065a1    0x26  Code  Lc  stm32f1xx_hal_cortex.o [1]
NVIC_SetPriorityGrouping
                        0x08006551    0x1e  Code  Lc  stm32f1xx_hal_cortex.o [1]
PageAll                 0x2000013c    0xe4  Data  Gb  HMI.o [1]
PendSV_Handler          0x08002d49          Code  Gb  portasm.o [1]
Port_RecvDataIT         0x0800aef7    0x12  Code  Gb  UsartDriver.o [1]
Port_SendDataIT         0x0800aedf    0x18  Code  Gb  UsartDriver.o [1]
Port_SerialInit         0x0800af09     0x4  Code  Gb  UsartDriver.o [1]
PostSleepProcessing     0x0800362b     0x2  Code  Gb  freertos.o [1]
PreSleepProcessing      0x08003629     0x2  Code  Gb  freertos.o [1]
REPD                    0x20000294    0x38  Data  Gb  relay.o [1]
RFPD                    0x2000031c    0x10  Data  Gb  RF4463.o [1]
RTC_init                0x0800a4d1    0x10  Code  Lc  DS1307.o [1]
Region$$Table$$Base     0x0800c398           --   Gb  - Linker created -
Region$$Table$$Limit    0x0800c3b8           --   Gb  - Linker created -
SDIO_IRQHandler         0x0800c1b7     0xa  Code  Gb  stm32f1xx_it.o [1]
SHT20                   0x20000394    0x48  Data  Gb  SHT2x.o [1]
SHT2x_Task              0x08008cf3    0xb2  Code  Gb  SHT2x.o [1]
SI4463Mutex             0x2000b124     0x4  Data  Gb  freertos.o [1]
SI4463_Delay            0x0800bdb9    0x1a  Code  Gb  si446x.o [1]
SI446X_CMD              0x0800be3d     0xe  Code  Gb  si446x.o [1]
SI446X_CONFIG_INIT      0x0800bed7    0x4c  Code  Gb  si446x.o [1]
SI446X_GPIO_CONFIG      0x0800bf67    0x46  Code  Gb  si446x.o [1]
SI446X_INT_STATUS       0x0800be4b    0x2a  Code  Gb  si446x.o [1]
SI446X_RESET            0x0800bea5    0x32  Code  Gb  si446x.o [1]
SI446X_RX_FIFO_RESET    0x0800bf4f    0x18  Code  Gb  si446x.o [1]
SI446X_SET_POWER        0x0800bfad    0x14  Code  Gb  si446x.o [1]
SI446X_SET_PROPERTY_1   0x0800be75    0x30  Code  Gb  si446x.o [1]
SI446X_START_RX         0x0800bf35    0x1a  Code  Gb  si446x.o [1]
SI446X_WAIT_CTS         0x0800bde3    0x5a  Code  Gb  si446x.o [1]
SPI1_IRQHandler         0x0800c185     0xa  Code  Gb  stm32f1xx_it.o [1]
SPI2_IRQHandler         0x0800c18f     0xa  Code  Gb  stm32f1xx_it.o [1]
SPI_WaitOnFlagUntilTimeout
                        0x08005fed    0xf2  Code  Lc  stm32f1xx_hal_spi.o [1]
SVC_Handler             0x08002d9b          Code  Gb  portasm.o [1]
SaveHMIValue            0x0800b8f1    0x6c  Code  Lc  HMI.o [1]
SerialInit_Basic        0x0800b273    0x48  Code  Gb  SerialDriver.o [1]
SerialInit_OS           0x0800b16d    0x18  Code  Gb  SerialDriver_OS.o [1]
SerialRecv_Basic        0x0800b397    0x64  Code  Gb  SerialDriver.o [1]
SerialRecv_OS           0x0800b1bd    0x42  Code  Gb  SerialDriver_OS.o [1]
SerialSend_Basic        0x0800b2bb    0xdc  Code  Gb  SerialDriver.o [1]
SerialSend_OS           0x0800b185    0x38  Code  Gb  SerialDriver_OS.o [1]
SerialTCB_Usart2        0x2000a96c   0x128  Data  Lc  UsartDriver.o [1]
SuspendList             0x2000aa94    0xa0  Data  Gb  SerialDriver.o [1]
SuspendListAdd          0x0800b3fb    0xba  Code  Lc  SerialDriver.o [1]
SyncPage                0x0800b95d    0xa4  Code  Lc  HMI.o [1]
SysTick_Config          0x08006605    0x30  Code  Lc  stm32f1xx_hal_cortex.o [1]
SysTick_Handler         0x0800c12d     0x8  Code  Gb  stm32f1xx_it.o [1]
SystemClock_Config      0x080064a1    0x94  Code  Gb  main.o [1]
SystemCoreClock         0x200003dc     0x4  Data  Gb  system_stm32f1xx.o [1]
SystemInit              0x0800c2c9    0x4e  Code  Gb  system_stm32f1xx.o [1]
TIM1_UP_IRQHandler      0x0800c167     0xa  Code  Gb  stm32f1xx_it.o [1]
TIM2_IRQHandler         0x0800c171     0xa  Code  Gb  stm32f1xx_it.o [1]
TIM3_IRQHandler         0x0800c17b     0xa  Code  Gb  stm32f1xx_it.o [1]
TIM6_IRQHandler         0x0800c1c1     0xa  Code  Gb  stm32f1xx_it.o [1]
TIM7_IRQHandler         0x0800c1cb     0xa  Code  Gb  stm32f1xx_it.o [1]
TIM_Base_SetConfig      0x08008253    0x88  Code  Gb  stm32f1xx_hal_tim.o [1]
TIM_ETR_SetConfig       0x08008521    0x1c  Code  Lc  stm32f1xx_hal_tim.o [1]
TIM_ITRx_SetConfig      0x0800850b    0x16  Code  Lc  stm32f1xx_hal_tim.o [1]
TIM_OC1_SetConfig       0x080082db    0x72  Code  Lc  stm32f1xx_hal_tim.o [1]
TIM_OC2_SetConfig       0x0800834d    0x7c  Code  Gb  stm32f1xx_hal_tim.o [1]
TIM_OC3_SetConfig       0x080083c9    0x7a  Code  Lc  stm32f1xx_hal_tim.o [1]
TIM_OC4_SetConfig       0x08008443    0x58  Code  Lc  stm32f1xx_hal_tim.o [1]
TIM_TI1_ConfigInputStage
                        0x080084b1    0x2c  Code  Lc  stm32f1xx_hal_tim.o [1]
TIM_TI2_ConfigInputStage
                        0x080084dd    0x2e  Code  Lc  stm32f1xx_hal_tim.o [1]
TempRx                  0x2000b1b0     0x1  Data  Lc  SerialDriver.o [1]
UART_EndTransmit_IT     0x0800a857    0x30  Code  Lc  stm32f1xx_hal_uart.o [1]
UART_Receive_IT         0x0800a887    0xc4  Code  Lc  stm32f1xx_hal_uart.o [1]
UART_SetConfig          0x0800a94b   0x198  Code  Lc  stm32f1xx_hal_uart.o [1]
UART_Transmit_IT        0x0800a7dd    0x7a  Code  Lc  stm32f1xx_hal_uart.o [1]
USART1_IRQHandler       0x0800c199     0xa  Code  Gb  stm32f1xx_it.o [1]
USART2_IRQHandler       0x0800c1a3     0xa  Code  Gb  stm32f1xx_it.o [1]
USART3_IRQHandler       0x0800c1ad     0xa  Code  Gb  stm32f1xx_it.o [1]
USB_HP_CAN1_TX_IRQHandler
                        0x0800c13f     0xa  Code  Gb  stm32f1xx_it.o [1]
USB_LP_CAN1_RX0_IRQHandler
                        0x0800c149     0xa  Code  Gb  stm32f1xx_it.o [1]
Usart2RxMutex           0x2000b130     0x4  Data  Gb  freertos.o [1]
Usart2TxMutex           0x2000b12c     0x4  Data  Gb  freertos.o [1]
_EncodingSb_Mbtowc      0x08001f07    0x30  Code  Gb  xencoding_sb.o [3]
_EncodingSb_Wctomb      0x08001eed    0x1a  Code  Gb  xencoding_sb.o [3]
_GenldFull              0x08001003   0x24c  Code  Lc  xprintffull.o [3]
_IsdstStr               0x20000500     0x4  Data  Gb  setlocale.o [3]
_LdtobFull              0x08000c01   0x3fc  Code  Lc  xprintffull.o [3]
_LitobFull              0x08000af9   0x106  Code  Lc  xprintffull.o [3]
_LocaleC_isspace        0x08008b19    0x14  Code  Gb  xlocale_c.o [3]
_LocaleC_tolower        0x08008b2d     0xc  Code  Gb  xlocale_c.o [3]
_LocaleEncoding         0x08001edb     0xe  Code  Gb  setlocale.o [3]
_LocaleForCat           0x08001ec9    0x12  Code  Gb  setlocale.o [3]
_LocaleReturnString     0x20000520    0x50  Data  Lc  setlocale.o [3]
_Locale_Profile         0x20000504    0x1c  Data  Gb  setlocale.o [3]
_Locale_aeabi_lconv     0x200004c0    0x38  Data  Gb  localeconv.o [3]
_Locale_lconv           0x20000470    0x50  Data  Gb  localeconv.o [3]
_Mbtowc                 0x08001297    0x20  Code  Gb  xmbtowc.o [3]
_PrintfFull             0x08000131   0x638  Code  Gb  xprintffull.o [3]
_PutcharsFull           0x0800124f    0x2e  Code  Lc  xprintffull.o [3]
_PutstrFull             0x080007ed   0x306  Code  Lc  xprintffull.o [3]
_SProut                 0x08001343     0xa  Code  Gb  xsprout.o [3]
_TzoneStr               0x200004fc     0x4  Data  Gb  setlocale.o [3]
_Wctomb                 0x08001499    0x1a  Code  Gb  xwctomb.o [3]
__aeabi_cdcmple         0x080016dd          Code  Gb  DblCmpLe.o [4]
__aeabi_cdrcmple        0x0800170d          Code  Gb  DblCmpGe.o [4]
__aeabi_d2f             0x080093c5          Code  Gb  DblToFlt.o [4]
__aeabi_d2iz            0x08001849          Code  Gb  DblToI32.o [4]
__aeabi_d2uiz           0x08001875          Code  Gb  DblToI32.o [4]
__aeabi_dadd            0x08001f7d          Code  Gb  DblAdd.o [4]
__aeabi_ddiv            0x08001bf5          Code  Gb  DblDiv.o [4]
__aeabi_dmul            0x08001a51          Code  Gb  DblMul.o [4]
__aeabi_dsub            0x080018d1          Code  Gb  DblSub.o [4]
__aeabi_errno_addr      0x08008565     0x6  Code  Gb  errno.o [3]
__aeabi_f2d             0x08005085          Code  Gb  FltToDbl.o [4]
__aeabi_fsub            0x080092bd          Code  Gb  FltSub.o [4]
__aeabi_i2d             0x080018a1          Code  Gb  I32ToDbl.o [4]
__aeabi_ldiv0           0x08001f79          Code  Gb  I64DivZer.o [5]
__aeabi_memclr4         0x08004d55          Code  Gb  ABImemclr4.o [5]
__aeabi_memset          0x08003c95          Code  Gb  ABImemset.o [5]
__aeabi_ui2d            0x080018b5          Code  Gb  I32ToDbl.o [4]
__aeabi_ui2f            0x080093a5          Code  Gb  I32ToFlt.o [4]
__aeabi_uldivmod        0x080015ad          Code  Gb  I64DivMod.o [5]
__cmain                 0x0800c3b9          Code  Gb  cmain.o [5]
__data_Aldata           0x2000b0fc     0x8  Data  Gb  xxmemxmalloc.o [3]
__data_GetMemChunk      0x08001f4d    0x2c  Code  Gb  xgetmemchunk.o [3]
__exit                  0x0800c3e9    0x14  Code  Gb  exit.o [6]
__iar_Dnorm             0x0800169b    0x42  Code  Gb  xdnorm.o [4]
__iar_Dscale            0x0800173d   0x10c  Code  Gb  xdscale.o [4]
__iar_Errno             0x200004f8     0x4  Data  Gb  errno.o [3]
__iar_Locale_lconv_init
                        0x08001e4d    0x3a  Code  Gb  localeconv.o [3]
__iar_Mbcurmax          0x080013dd     0xa  Code  Gb  xmbcurmax.o [3]
__iar_Memchr            0x08001385          Code  Gb  memchr.o [5]
__iar_Memset            0x08003c95          Code  Gb  ABImemset.o [5]
__iar_Memset4_word      0x08005331          Code  Gb  ABImemset48.o [5]
__iar_Memset8_word      0x08005331          Code  Gb  ABImemset48.o [5]
__iar_Memset_word       0x08003c9d          Code  Gb  ABImemset.o [5]
__iar_Stoul             0x08006929     0x4  Code  Gb  xstoul.o [3]
__iar_Stoulx            0x080067e5   0x13e  Code  Gb  xstoul.o [3]
__iar_Strchr            0x0800132d          Code  Gb  strchr.o [5]
__iar_d2uiz             0x08001881          Code  Gb  DblToI32.o [4]
__iar_dadd              0x08001f91          Code  Gb  DblAdd.o [4]
__iar_data_init3        0x0800c371    0x28  Code  Gb  data_init.o [5]
__iar_dlib_perthread_access
                        0x08002065     0x2  Code  Gb  xtls.o [3]
__iar_dsub              0x080018e5          Code  Gb  DblSub.o [4]
__iar_dsubStart         0x080018f7          Code  Gb  DblSub.o [4]
__iar_fadd              0x08009455          Code  Gb  FltAdd.o [4]
__iar_fsub              0x080092cd          Code  Gb  FltSub.o [4]
__iar_fsubStart         0x080092dd          Code  Gb  FltSub.o [4]
__iar_lz77_init_single3
                        0x080012b7    0x76  Code  Gb  lz77_init_single.o [5]
__iar_program_start     0x0800c5bd          Code  Gb  cstartup_M.o [5]
__iar_ui2d              0x080018b9          Code  Gb  I32ToDbl.o [4]
__iar_ui2f              0x080093a9          Code  Gb  I32ToFlt.o [4]
__iar_unaligned___aeabi_memcpy
                        0x080014b5          Code  Gb  ABImemcpy_unaligned.o [5]
__iar_unaligned___aeabi_memcpy4
                        0x080014d5          Code  Gb  ABImemcpy_unaligned.o [5]
__iar_unaligned___aeabi_memcpy8
                        0x080014d5          Code  Gb  ABImemcpy_unaligned.o [5]
__iar_unaligned_strcmp  0x08004d11          Code  Gb  strcmp_unaligned.o [5]
__iar_unaligned_strcpy  0x08004d5d          Code  Gb  strcpy_unaligned.o [5]
__iar_zero_init3        0x0800c331    0x40  Code  Gb  zero_init3.o [5]
__low_level_init        0x0800c3d3     0x4  Code  Gb  low_level_init.o [3]
__vector_table          0x08000000          Data  Gb  startup_stm32f103xe.o [1]
_call_main              0x0800c3c5          Code  Gb  cmain.o [5]
_exit                   0x0800c3dd          Code  Gb  cexit.o [5]
_main                   0x0800c3cf          Code  Gb  cmain.o [5]
ack_handle              0x0800532d     0x2  Code  Gb  Handle.o [1]
alarm_handle            0x08005167     0x2  Code  Gb  Handle.o [1]
atoi                    0x08006139     0x8  Code  Gb  atoi.o [3]
board                   0x20000048    0x28  Data  Gb  board.o [1]
board_device_list_add   0x0800480f    0x8c  Code  Gb  board.o [1]
board_device_list_exit  0x080048b9    0x16  Code  Gb  board.o [1]
board_device_list_opera
                        0x0800489b    0x1e  Code  Gb  board.o [1]
board_init              0x08004999    0x38  Code  Gb  board.o [1]
board_sync_device       0x08004799    0x76  Code  Gb  board.o [1]
caution                 0x2000afd8    0x2c  Data  Lc  Alarm.o [1]
config_table_1k         0x0800bfc0   0x16c  Data  Gb  si446x.o [1]
d_ADC_Key               0x20000248    0x48  Data  Gb  Key.o [1]
d_ADC_Key_Close         0x08009e91    0x1a  Code  Lc  Key.o [1]
d_ADC_Key_Command       0x08009ecd    0x26  Code  Lc  Key.o [1]
d_ADC_Key_Detect        0x08009eab    0x22  Code  Lc  Key.o [1]
d_ADC_Key_Gets          0x08009f41    0x32  Code  Lc  Key.o [1]
d_ADC_Key_Open          0x08009db5    0xdc  Code  Lc  Key.o [1]
d_ADC_Key_Puts          0x08009f19    0x28  Code  Lc  Key.o [1]
d_ADC_Key_Set           0x08009ef3    0x26  Code  Lc  Key.o [1]
d_ADC_Key_TimingProcess
                        0x08009f73    0x2e  Code  Lc  Key.o [1]
d_close_SHT20           0x08008b75    0x28  Code  Gb  SHT2x.o [1]
d_close_relay           0x08006201    0x20  Code  Lc  relay.o [1]
d_close_si4463          0x0800bba1    0x20  Code  Lc  RF4463.o [1]
d_close_usart_1         0x0800ad57    0x28  Code  Gb  UsartDriver.o [1]
d_close_usart_2         0x0800afdb    0x20  Code  Gb  UsartDriver.o [1]
d_command_SHT20         0x08008bc3    0x2a  Code  Gb  SHT2x.o [1]
d_command_relay         0x08006243    0x62  Code  Lc  relay.o [1]
d_command_si4463        0x0800bbe3    0x26  Code  Lc  RF4463.o [1]
d_command_usart_1       0x0800ad99    0x1e  Code  Gb  UsartDriver.o [1]
d_command_usart_2       0x0800b011    0x1a  Code  Gb  UsartDriver.o [1]
d_detect_SHT20          0x08008b9d    0x26  Code  Gb  SHT2x.o [1]
d_detect_relay          0x08006221    0x22  Code  Lc  relay.o [1]
d_detect_si4463         0x0800bbc1    0x22  Code  Lc  RF4463.o [1]
d_detect_usart_1        0x0800ad7f    0x1a  Code  Gb  UsartDriver.o [1]
d_detect_usart_2        0x0800affb    0x16  Code  Gb  UsartDriver.o [1]
d_gets_SHT20            0x08008c6f    0x2c  Code  Gb  SHT2x.o [1]
d_gets_relay            0x0800631f    0x28  Code  Lc  relay.o [1]
d_gets_si4463           0x0800bc8f    0x96  Code  Lc  RF4463.o [1]
d_gets_usart_1          0x0800ae01    0x2c  Code  Gb  UsartDriver.o [1]
d_gets_usart_2          0x0800b07f    0x36  Code  Gb  UsartDriver.o [1]
d_open_SHT20            0x08008b39    0x3c  Code  Gb  SHT2x.o [1]
d_open_relay            0x08006197    0x6a  Code  Lc  relay.o [1]
d_open_si4463           0x0800bb3d    0x64  Code  Lc  RF4463.o [1]
d_open_usart_1          0x0800ac45   0x112  Code  Gb  UsartDriver.o [1]
d_open_usart_2          0x0800af0d    0xce  Code  Gb  UsartDriver.o [1]
d_process_it_SHT20      0x08008cc7    0x2c  Code  Gb  SHT2x.o [1]
d_process_it_relay      0x0800636f    0x28  Code  Lc  relay.o [1]
d_process_it_si4463     0x0800bd6d    0x28  Code  Lc  RF4463.o [1]
d_process_it_usart_1    0x0800ae4d    0x92  Code  Gb  UsartDriver.o [1]
d_puts_SHT20            0x08008c43    0x2c  Code  Gb  SHT2x.o [1]
d_puts_relay            0x080062f7    0x28  Code  Lc  relay.o [1]
d_puts_si4463           0x0800bc2f    0x60  Code  Lc  RF4463.o [1]
d_puts_usart_1          0x0800add5    0x2c  Code  Gb  UsartDriver.o [1]
d_puts_usart_2          0x0800b045    0x3a  Code  Gb  UsartDriver.o [1]
d_set_SHT20             0x08008bed    0x56  Code  Gb  SHT2x.o [1]
d_set_relay             0x080062a5    0x52  Code  Lc  relay.o [1]
d_set_si4463            0x0800bc09    0x26  Code  Lc  RF4463.o [1]
d_set_usart_1           0x0800adb7    0x1e  Code  Gb  UsartDriver.o [1]
d_set_usart_2           0x0800b02b    0x1a  Code  Gb  UsartDriver.o [1]
d_timing_proceee_SHT20  0x08008c9b    0x2c  Code  Gb  SHT2x.o [1]
d_timing_proceee_relay  0x08006347    0x28  Code  Lc  relay.o [1]
d_timing_proceee_si4463
                        0x0800bd25    0x48  Code  Lc  RF4463.o [1]
d_timing_proceee_usart_1
                        0x0800ae2d    0x20  Code  Gb  UsartDriver.o [1]
d_timing_proceee_usart_2
                        0x0800b0b5    0x1c  Code  Gb  UsartDriver.o [1]
data_recv_process       0x08004c9d    0x46  Code  Gb  DataTransfer.o [1]
data_tran_handle        0x08005165     0x2  Code  Gb  Handle.o [1]
device_add              0x08004dbd    0x26  Code  Gb  DeviceModule.o [1]
device_find_local       0x08004de3    0x2c  Code  Gb  DeviceModule.o [1]
digits                  0x0800692c    0x28  Data  Lc  xstoul.o [3]
div                     0x08001eb9     0xe  Code  Gb  div.o [3]
ds1307_Read             0x0800a521    0x38  Code  Lc  DS1307.o [1]
ds1307_Write            0x0800a4e1    0x40  Code  Lc  DS1307.o [1]
eTaskConfirmSleepModeStatus
                        0x08002907    0x3c  Code  Gb  tasks.o [1]
exit                    0x0800c3d7     0x4  Code  Gb  exit.o [3]
frame_rx                0x2000009c     0x4  Data  Gb  DataTransfer.o [1]
free                    0x0800152d    0x7a  Code  Gb  xxmemxfree.o [3]
hadc1                   0x2000afa8    0x30  Data  Gb  adc.o [1]
hcan                    0x2000ac44    0x40  Data  Gb  can.o [1]
hdac                    0x2000b040    0x14  Data  Gb  dac.o [1]
hsd                     0x2000ab34    0x60  Data  Gb  sdio.o [1]
hspi1                   0x2000ab94    0x58  Data  Gb  spi.o [1]
hspi2                   0x2000abec    0x58  Data  Gb  spi.o [1]
htim1                   0x2000ae40    0x3c  Data  Gb  tim.o [1]
htim2                   0x2000ae7c    0x3c  Data  Gb  tim.o [1]
htim3                   0x2000ae04    0x3c  Data  Gb  stm32f1xx_hal_timebase_TIM.o [1]
htim4                   0x2000aeb8    0x3c  Data  Gb  tim.o [1]
htim6                   0x2000aef4    0x3c  Data  Gb  tim.o [1]
htim7                   0x2000af30    0x3c  Data  Gb  tim.o [1]
htim8                   0x2000af6c    0x3c  Data  Gb  tim.o [1]
huart1                  0x2000ad84    0x40  Data  Gb  UsartDriver.o [1]
huart2                  0x2000adc4    0x40  Data  Gb  UsartDriver.o [1]
huart3                  0x2000ad44    0x40  Data  Gb  usart.o [1]
inHandlerMode           0x08004527    0x12  Code  Lc  cmsis_os.o [1]
isspace                 0x0800853d    0x14  Code  Gb  isxxx.o [3]
localeconv              0x08001e87    0x16  Code  Gb  localeconv.o [3]
main                    0x0800645d    0x44  Code  Gb  main.o [1]
makeFreeRtosPriority    0x08004515    0x12  Code  Lc  cmsis_os.o [1]
malloc                  0x080013e9    0xac  Code  Gb  xxmemxmalloc.o [3]
memchr                  0x08001385          Code  Gb  memchr.o [5]
ndigs                   0x08006954    0x28  Data  Lc  xstoul.o [3]
operation_handle        0x080050d5    0x90  Code  Gb  Handle.o [1]
ops                     0x200000a0    0x20  Data  Gb  DataTransfer.o [1]
osDelay                 0x0800457d    0x1c  Code  Gb  cmsis_os.o [1]
osKernelStart           0x08004539     0xa  Code  Gb  cmsis_os.o [1]
osMutexCreate           0x0800462b     0xc  Code  Gb  cmsis_os.o [1]
osMutexRelease          0x080046b5    0x4c  Code  Gb  cmsis_os.o [1]
osMutexWait             0x08004637    0x7e  Code  Gb  cmsis_os.o [1]
osSystickHandler        0x08004705    0x10  Code  Gb  cmsis_os.o [1]
osThreadCreate          0x08004543    0x3a  Code  Gb  cmsis_os.o [1]
osTimerCreate           0x08004599    0x26  Code  Gb  cmsis_os.o [1]
osTimerStart            0x080045bf    0x6c  Code  Gb  cmsis_os.o [1]
p_close_spi_1           0x08004e53    0x1a  Code  Gb  DeviceModule.o [1]
p_ioctl_spi_1           0x08004e6d    0x26  Code  Gb  DeviceModule.o [1]
p_open_spi_1            0x08004e27    0x2c  Code  Gb  DeviceModule.o [1]
p_read_spi_1            0x08004e93    0x42  Code  Gb  DeviceModule.o [1]
p_rw_spi_1              0x08004f13    0x3a  Code  Gb  DeviceModule.o [1]
p_write_spi_1           0x08004ed5    0x3e  Code  Gb  DeviceModule.o [1]
pcInterruptPriorityRegisters
                        0x0800c654     0x4  Data  Lc  port.o [1]
prvAddCurrentTaskToDelayedList
                        0x08002a6d    0x4a  Code  Lc  tasks.o [1]
prvAllocateTCBAndStack  0x08002ab7    0x5a  Code  Lc  tasks.o [1]
prvCheckForValidListAndQueue
                        0x080035a5    0x5a  Code  Lc  timers.o [1]
prvCheckTasksWaitingTermination
                        0x08002a07    0x66  Code  Lc  tasks.o [1]
prvCopyDataFromQueue    0x080043c9    0x30  Code  Lc  queue.o [1]
prvCopyDataToQueue      0x08004331    0x98  Code  Lc  queue.o [1]
prvDeleteTCB            0x08002b11    0x12  Code  Lc  tasks.o [1]
prvGetExpectedIdleTime  0x08002363    0x34  Code  Lc  tasks.o [1]
prvGetNextExpireTime    0x080033af    0x2e  Code  Lc  timers.o [1]
prvHeapInit             0x08003ba5    0x6e  Code  Lc  heap_4.o [1]
prvIdleTask             0x080028b5    0x52  Code  Lc  tasks.o [1]
prvInitialiseTCBVariables
                        0x08002943    0x6c  Code  Lc  tasks.o [1]
prvInitialiseTaskLists  0x080029af    0x58  Code  Lc  tasks.o [1]
prvInsertBlockIntoFreeList
                        0x08003c13    0x62  Code  Lc  heap_4.o [1]
prvInsertTimerInActiveList
                        0x08003405    0x50  Code  Lc  timers.o [1]
prvIsQueueEmpty         0x08004463    0x20  Code  Lc  queue.o [1]
prvIsQueueFull          0x08004483    0x22  Code  Lc  queue.o [1]
prvProcessExpiredTimer  0x080032e1    0x50  Code  Lc  timers.o [1]
prvProcessReceivedCommands
                        0x08003455    0xca  Code  Lc  timers.o [1]
prvProcessTimerOrBlockTask
                        0x0800334b    0x64  Code  Lc  timers.o [1]
prvResetNextTaskUnblockTime
                        0x08002b23    0x2a  Code  Lc  tasks.o [1]
prvSampleTimeNow        0x080033dd    0x28  Code  Lc  timers.o [1]
prvSwitchTimerLists     0x0800351f    0x86  Code  Lc  timers.o [1]
prvTaskExitError        0x08002df9    0x18  Code  Lc  port.o [1]
prvTimerTask            0x08003331    0x1a  Code  Lc  timers.o [1]
prvUnlockQueue          0x080043f9    0x6a  Code  Lc  queue.o [1]
pvPortMalloc            0x08003a3d   0x104  Code  Gb  heap_4.o [1]
pvTaskIncrementMutexHeldCount
                        0x08002ce5    0x1e  Code  Gb  tasks.o [1]
pxCurrentTCB            0x2000b160     0x4  Data  Gb  tasks.o [1]
pxCurrentTimerList      0x2000b198     0x4  Data  Lc  timers.o [1]
pxDelayedTaskList       0x2000b164     0x4  Data  Lc  tasks.o [1]
pxEnd                   0x2000b134     0x4  Data  Lc  heap_4.o [1]
pxOverflowDelayedTaskList
                        0x2000b168     0x4  Data  Lc  tasks.o [1]
pxOverflowTimerList     0x2000b19c     0x4  Data  Lc  timers.o [1]
pxPortInitialiseStack   0x08002ddd    0x1c  Code  Gb  port.o [1]
pxReadyTasksLists       0x2000a534   0x280  Data  Lc  tasks.o [1]
relay                   0x200002d4    0x48  Data  Gb  relay.o [1]
rx_buffer               0x2000ac84    0x40  Data  Gb  DataTransfer.o [1]
send_alarm              0x08004adf    0x20  Code  Gb  DataTransfer.o [1]
send_data               0x080049fd    0xc2  Code  Gb  DataTransfer.o [1]
send_datatran           0x08004c63    0x1a  Code  Gb  DataTransfer.o [1]
send_operation          0x08004c7d    0x20  Code  Gb  DataTransfer.o [1]
send_sync               0x08004aff    0x40  Code  Gb  DataTransfer.o [1]
send_sync_time          0x08004b3f    0xbc  Code  Gb  DataTransfer.o [1]
si4463                  0x2000032c    0x48  Data  Gb  RF4463.o [1]
spi_1                   0x200000c0    0x34  Data  Gb  DeviceModule.o [1]
sprintf                 0x08005051    0x34  Code  Gb  sprintf.o [3]
strcat                  0x08004da1    0x1c  Code  Gb  strcat.o [3]
strchr                  0x0800132d          Code  Gb  strchr.o [5]
strlen                  0x0800134d          Code  Gb  strlen.o [5]
sync_handle             0x08005169   0x198  Code  Gb  Handle.o [1]
sync_send_TH            0x08004bfb    0x68  Code  Gb  DataTransfer.o [1]
tolower                 0x08008551    0x14  Code  Gb  tolower.o [3]
tx_buffer               0x2000acc4    0x40  Data  Gb  DataTransfer.o [1]
uCRCErrorWorkaroundCheck
                        0x2000b1b1     0x1  Data  Gb  stm32f1xx_hal_spi_ex.o [1]
ucHeap                  0x20002578  0x7800  Data  Lc  heap_4.o [1]
ucMaxSysCallPriority    0x2000b1af     0x1  Data  Lc  port.o [1]
ulMaxPRIGROUPValue      0x2000b150     0x4  Data  Lc  port.o [1]
ulPortSetInterruptMask  0x08002d87          Code  Gb  portasm.o [1]
ulStoppedTimerCompensation
                        0x2000b14c     0x4  Data  Lc  port.o [1]
ulTimerCountsForOneTick
                        0x2000b144     0x4  Data  Lc  port.o [1]
usart_1                 0x200003e0    0x48  Data  Gb  UsartDriver.o [1]
usart_2                 0x20000428    0x48  Data  Gb  UsartDriver.o [1]
uwTick                  0x2000b15c     0x4  Data  Lc  stm32f1xx_hal.o [1]
uxCriticalNesting       0x20000290     0x4  Data  Lc  port.o [1]
uxCurrentNumberOfTasks  0x2000b170     0x4  Data  Lc  tasks.o [1]
uxListRemove            0x0800319f    0x28  Code  Gb  list.o [1]
uxPendedTicks           0x2000b180     0x4  Data  Lc  tasks.o [1]
uxSchedulerSuspended    0x2000b194     0x4  Data  Lc  tasks.o [1]
uxTaskNumber            0x2000b18c     0x4  Data  Lc  tasks.o [1]
uxTasksDeleted          0x2000b16c     0x4  Data  Lc  tasks.o [1]
uxTopReadyPriority      0x2000b178     0x4  Data  Lc  tasks.o [1]
vApplicationIdleHook    0x08003621     0x2  Code  Gb  freertos.o [1]
vApplicationMallocFailedHook
                        0x08003627     0x2  Code  Gb  freertos.o [1]
vApplicationStackOverflowHook
                        0x08003625     0x2  Code  Gb  freertos.o [1]
vApplicationTickHook    0x08003623     0x2  Code  Gb  freertos.o [1]
vListInitialise         0x08003129    0x1e  Code  Gb  list.o [1]
vListInitialiseItem     0x08003147     0x6  Code  Gb  list.o [1]
vListInsert             0x08003165    0x3a  Code  Gb  list.o [1]
vListInsertEnd          0x0800314d    0x18  Code  Gb  list.o [1]
vPortClearInterruptMask
                        0x08002d95          Code  Gb  portasm.o [1]
vPortEnterCritical      0x08002eab    0x30  Code  Gb  port.o [1]
vPortExitCritical       0x08002edb    0x2a  Code  Gb  port.o [1]
vPortFree               0x08003b41    0x64  Code  Gb  heap_4.o [1]
vPortSetupTimerInterrupt
                        0x08003061    0x50  Code  Wk  port.o [1]
vPortStartFirstTask     0x08002dbb          Code  Gb  portasm.o [1]
vPortSuppressTicksAndSleep
                        0x08002f23   0x13e  Code  Wk  port.o [1]
vPortValidateInterruptPriority
                        0x080030b1    0x3c  Code  Gb  port.o [1]
vPortYield              0x08002e99    0x12  Code  Gb  port.o [1]
vQueueAddToRegistry     0x080044a5    0x28  Code  Gb  queue.o [1]
vQueueWaitForMessageRestricted
                        0x080044d1    0x44  Code  Gb  queue.o [1]
vTaskDelay              0x080021c1    0x6c  Code  Gb  tasks.o [1]
vTaskMissedYield        0x08002897     0xa  Code  Gb  tasks.o [1]
vTaskPlaceOnEventList   0x0800267b    0x6a  Code  Gb  tasks.o [1]
vTaskPlaceOnEventListRestricted
                        0x080026fd    0x76  Code  Gb  tasks.o [1]
vTaskPriorityInherit    0x08002b8d    0xac  Code  Gb  tasks.o [1]
vTaskSetTimeOutState    0x08002801    0x20  Code  Gb  tasks.o [1]
vTaskStartScheduler     0x080022f1    0x62  Code  Gb  tasks.o [1]
vTaskStepTick           0x08002489    0x2c  Code  Gb  tasks.o [1]
vTaskSuspend            0x0800222d    0xc4  Code  Gb  tasks.o [1]
vTaskSuspendAll         0x08002353    0x10  Code  Gb  tasks.o [1]
vTaskSwitchContext      0x080025f1    0x8a  Code  Gb  tasks.o [1]
xActiveTimerList1       0x2000b0b8    0x14  Data  Lc  timers.o [1]
xActiveTimerList2       0x2000b0cc    0x14  Data  Lc  timers.o [1]
xBlockAllocatedBit      0x2000b140     0x4  Data  Lc  heap_4.o [1]
xDelayedTaskList1       0x2000b054    0x14  Data  Lc  tasks.o [1]
xDelayedTaskList2       0x2000b068    0x14  Data  Lc  tasks.o [1]
xFreeBytesRemaining     0x2000b138     0x4  Data  Lc  heap_4.o [1]
xHeapStructSize         0x0800c650     0x4  Data  Lc  heap_4.o [1]
xMaximumPossibleSuppressedTicks
                        0x2000b148     0x4  Data  Lc  port.o [1]
xMinimumEverFreeBytesRemaining
                        0x2000b13c     0x4  Data  Lc  heap_4.o [1]
xNextTaskUnblockTime    0x2000b190     0x4  Data  Lc  tasks.o [1]
xNumOfOverflows         0x2000b188     0x4  Data  Lc  tasks.o [1]
xPendingReadyList       0x2000b07c    0x14  Data  Lc  tasks.o [1]
xPortStartScheduler     0x08002e11    0x88  Code  Gb  port.o [1]
xPortSysTickHandler     0x08002f05    0x1e  Code  Gb  port.o [1]
xQueueCreateMutex       0x08003ddf    0x5c  Code  Gb  queue.o [1]
xQueueGenericCreate     0x08003d75    0x6a  Code  Gb  queue.o [1]
xQueueGenericReceive    0x0800410b   0x184  Code  Gb  queue.o [1]
xQueueGenericReset      0x08003cfd    0x78  Code  Gb  queue.o [1]
xQueueGenericSend       0x08003e3b   0x160  Code  Gb  queue.o [1]
xQueueGenericSendFromISR
                        0x08003f9b    0xc2  Code  Gb  queue.o [1]
xQueueGiveFromISR       0x0800405d    0xae  Code  Gb  queue.o [1]
xQueueReceiveFromISR    0x0800428f    0xa2  Code  Gb  queue.o [1]
xQueueRegistry          0x2000ad04    0x40  Data  Gb  queue.o [1]
xSchedulerRunning       0x2000b17c     0x4  Data  Lc  tasks.o [1]
xStart                  0x2000b0f4     0x8  Data  Lc  heap_4.o [1]
xSuspendedTaskList      0x2000b0a4    0x14  Data  Lc  tasks.o [1]
xTaskCheckForTimeOut    0x08002821    0x76  Code  Gb  tasks.o [1]
xTaskGenericCreate      0x08002069   0x158  Code  Gb  tasks.o [1]
xTaskGetCurrentTaskHandle
                        0x08002b51     0xa  Code  Gb  tasks.o [1]
xTaskGetSchedulerState  0x08002b61    0x26  Code  Gb  tasks.o [1]
xTaskGetTickCount       0x0800247f     0xa  Code  Gb  tasks.o [1]
xTaskIncrementTick      0x080024b5   0x13c  Code  Gb  tasks.o [1]
xTaskPriorityDisinherit
                        0x08002c39    0xa6  Code  Gb  tasks.o [1]
xTaskRemoveFromEventList
                        0x08002775    0x86  Code  Gb  tasks.o [1]
xTaskResumeAll          0x08002397    0xe8  Code  Gb  tasks.o [1]
xTasksWaitingTermination
                        0x2000b090    0x14  Data  Lc  tasks.o [1]
xTickCount              0x2000b174     0x4  Data  Lc  tasks.o [1]
xTimerCreate            0x0800320f    0x58  Code  Gb  timers.o [1]
xTimerCreateTimerTask   0x080031c9    0x46  Code  Gb  timers.o [1]
xTimerGenericCommand    0x08003267    0x7a  Code  Gb  timers.o [1]
xTimerQueue             0x2000b1a0     0x4  Data  Lc  timers.o [1]
xYieldPending           0x2000b184     0x4  Data  Lc  tasks.o [1]


[1] = C:\Users\Zhaojingyangchun\Documents\GitHub\Wireless-control\Project-IAR\EWARM\SmartHouse\Obj
[2] = command line
[3] = dl7M_tlf.a
[4] = m7M_tl.a
[5] = rt7M_tl.a
[6] = shb_l.a

  50 002 bytes of readonly  code memory
   1 623 bytes of readonly  data memory
  45 484 bytes of readwrite data memory

Errors: none
Warnings: none
