###############################################################################
#
# IAR ELF Linker V7.50.2.10312/W32 for ARM                31/Oct/2016  15:06:38
# Copyright 2007-2015 IAR Systems AB.
#
#    Output file  =  
#        C:\GitHub\Wireless-control\Project-IAR\EWARM\SmartHouse\Exe\SmartHouse.out
#    Map file     =  
#        C:\GitHub\Wireless-control\Project-IAR\EWARM\SmartHouse\List\SmartHouse.map
#    Command line =  
#        C:\GitHub\Wireless-control\Project-IAR\EWARM\SmartHouse\Obj\adc.o
#        C:\GitHub\Wireless-control\Project-IAR\EWARM\SmartHouse\Obj\Alarm.o
#        C:\GitHub\Wireless-control\Project-IAR\EWARM\SmartHouse\Obj\board.o
#        C:\GitHub\Wireless-control\Project-IAR\EWARM\SmartHouse\Obj\bsp_driver_sd.o
#        C:\GitHub\Wireless-control\Project-IAR\EWARM\SmartHouse\Obj\can.o
#        C:\GitHub\Wireless-control\Project-IAR\EWARM\SmartHouse\Obj\cc950.o
#        C:\GitHub\Wireless-control\Project-IAR\EWARM\SmartHouse\Obj\cmsis_os.o
#        C:\GitHub\Wireless-control\Project-IAR\EWARM\SmartHouse\Obj\CRC_JIAMI.o
#        C:\GitHub\Wireless-control\Project-IAR\EWARM\SmartHouse\Obj\croutine.o
#        C:\GitHub\Wireless-control\Project-IAR\EWARM\SmartHouse\Obj\dac.o
#        C:\GitHub\Wireless-control\Project-IAR\EWARM\SmartHouse\Obj\DataTransfer.o
#        C:\GitHub\Wireless-control\Project-IAR\EWARM\SmartHouse\Obj\DeviceModule.o
#        C:\GitHub\Wireless-control\Project-IAR\EWARM\SmartHouse\Obj\diskio.o
#        C:\GitHub\Wireless-control\Project-IAR\EWARM\SmartHouse\Obj\DS1307.o
#        C:\GitHub\Wireless-control\Project-IAR\EWARM\SmartHouse\Obj\event_groups.o
#        C:\GitHub\Wireless-control\Project-IAR\EWARM\SmartHouse\Obj\fatfs.o
#        C:\GitHub\Wireless-control\Project-IAR\EWARM\SmartHouse\Obj\fatfs_platform.o
#        C:\GitHub\Wireless-control\Project-IAR\EWARM\SmartHouse\Obj\ff.o
#        C:\GitHub\Wireless-control\Project-IAR\EWARM\SmartHouse\Obj\ff_gen_drv.o
#        C:\GitHub\Wireless-control\Project-IAR\EWARM\SmartHouse\Obj\freertos.o
#        C:\GitHub\Wireless-control\Project-IAR\EWARM\SmartHouse\Obj\Gizwits.o
#        C:\GitHub\Wireless-control\Project-IAR\EWARM\SmartHouse\Obj\gpio.o
#        C:\GitHub\Wireless-control\Project-IAR\EWARM\SmartHouse\Obj\Handle.o
#        C:\GitHub\Wireless-control\Project-IAR\EWARM\SmartHouse\Obj\heap_4.o
#        C:\GitHub\Wireless-control\Project-IAR\EWARM\SmartHouse\Obj\HMI.o
#        C:\GitHub\Wireless-control\Project-IAR\EWARM\SmartHouse\Obj\Key.o
#        C:\GitHub\Wireless-control\Project-IAR\EWARM\SmartHouse\Obj\list.o
#        C:\GitHub\Wireless-control\Project-IAR\EWARM\SmartHouse\Obj\main.o
#        C:\GitHub\Wireless-control\Project-IAR\EWARM\SmartHouse\Obj\port.o
#        C:\GitHub\Wireless-control\Project-IAR\EWARM\SmartHouse\Obj\portasm.o
#        C:\GitHub\Wireless-control\Project-IAR\EWARM\SmartHouse\Obj\queue.o
#        C:\GitHub\Wireless-control\Project-IAR\EWARM\SmartHouse\Obj\relay.o
#        C:\GitHub\Wireless-control\Project-IAR\EWARM\SmartHouse\Obj\RF4463.o
#        C:\GitHub\Wireless-control\Project-IAR\EWARM\SmartHouse\Obj\sd_diskio.o
#        C:\GitHub\Wireless-control\Project-IAR\EWARM\SmartHouse\Obj\sdio.o
#        C:\GitHub\Wireless-control\Project-IAR\EWARM\SmartHouse\Obj\SerialDriver.o
#        C:\GitHub\Wireless-control\Project-IAR\EWARM\SmartHouse\Obj\SerialDriver_Bare.o
#        C:\GitHub\Wireless-control\Project-IAR\EWARM\SmartHouse\Obj\SerialDriver_OS.o
#        C:\GitHub\Wireless-control\Project-IAR\EWARM\SmartHouse\Obj\SHT2x.o
#        C:\GitHub\Wireless-control\Project-IAR\EWARM\SmartHouse\Obj\si446x.o
#        C:\GitHub\Wireless-control\Project-IAR\EWARM\SmartHouse\Obj\spi.o
#        C:\GitHub\Wireless-control\Project-IAR\EWARM\SmartHouse\Obj\startup_stm32f103xe.o
#        C:\GitHub\Wireless-control\Project-IAR\EWARM\SmartHouse\Obj\stm32f1xx_hal.o
#        C:\GitHub\Wireless-control\Project-IAR\EWARM\SmartHouse\Obj\stm32f1xx_hal_adc.o
#        C:\GitHub\Wireless-control\Project-IAR\EWARM\SmartHouse\Obj\stm32f1xx_hal_adc_ex.o
#        C:\GitHub\Wireless-control\Project-IAR\EWARM\SmartHouse\Obj\stm32f1xx_hal_can.o
#        C:\GitHub\Wireless-control\Project-IAR\EWARM\SmartHouse\Obj\stm32f1xx_hal_cortex.o
#        C:\GitHub\Wireless-control\Project-IAR\EWARM\SmartHouse\Obj\stm32f1xx_hal_dac.o
#        C:\GitHub\Wireless-control\Project-IAR\EWARM\SmartHouse\Obj\stm32f1xx_hal_dac_ex.o
#        C:\GitHub\Wireless-control\Project-IAR\EWARM\SmartHouse\Obj\stm32f1xx_hal_dma.o
#        C:\GitHub\Wireless-control\Project-IAR\EWARM\SmartHouse\Obj\stm32f1xx_hal_flash.o
#        C:\GitHub\Wireless-control\Project-IAR\EWARM\SmartHouse\Obj\stm32f1xx_hal_flash_ex.o
#        C:\GitHub\Wireless-control\Project-IAR\EWARM\SmartHouse\Obj\stm32f1xx_hal_gpio.o
#        C:\GitHub\Wireless-control\Project-IAR\EWARM\SmartHouse\Obj\stm32f1xx_hal_gpio_ex.o
#        C:\GitHub\Wireless-control\Project-IAR\EWARM\SmartHouse\Obj\stm32f1xx_hal_msp.o
#        C:\GitHub\Wireless-control\Project-IAR\EWARM\SmartHouse\Obj\stm32f1xx_hal_pwr.o
#        C:\GitHub\Wireless-control\Project-IAR\EWARM\SmartHouse\Obj\stm32f1xx_hal_rcc.o
#        C:\GitHub\Wireless-control\Project-IAR\EWARM\SmartHouse\Obj\stm32f1xx_hal_rcc_ex.o
#        C:\GitHub\Wireless-control\Project-IAR\EWARM\SmartHouse\Obj\stm32f1xx_hal_sd.o
#        C:\GitHub\Wireless-control\Project-IAR\EWARM\SmartHouse\Obj\stm32f1xx_hal_spi.o
#        C:\GitHub\Wireless-control\Project-IAR\EWARM\SmartHouse\Obj\stm32f1xx_hal_spi_ex.o
#        C:\GitHub\Wireless-control\Project-IAR\EWARM\SmartHouse\Obj\stm32f1xx_hal_tim.o
#        C:\GitHub\Wireless-control\Project-IAR\EWARM\SmartHouse\Obj\stm32f1xx_hal_tim_ex.o
#        C:\GitHub\Wireless-control\Project-IAR\EWARM\SmartHouse\Obj\stm32f1xx_hal_timebase_TIM.o
#        C:\GitHub\Wireless-control\Project-IAR\EWARM\SmartHouse\Obj\stm32f1xx_hal_uart.o
#        C:\GitHub\Wireless-control\Project-IAR\EWARM\SmartHouse\Obj\stm32f1xx_it.o
#        C:\GitHub\Wireless-control\Project-IAR\EWARM\SmartHouse\Obj\stm32f1xx_ll_sdmmc.o
#        C:\GitHub\Wireless-control\Project-IAR\EWARM\SmartHouse\Obj\syscall.o
#        C:\GitHub\Wireless-control\Project-IAR\EWARM\SmartHouse\Obj\system_stm32f1xx.o
#        C:\GitHub\Wireless-control\Project-IAR\EWARM\SmartHouse\Obj\tasks.o
#        C:\GitHub\Wireless-control\Project-IAR\EWARM\SmartHouse\Obj\tim.o
#        C:\GitHub\Wireless-control\Project-IAR\EWARM\SmartHouse\Obj\timers.o
#        C:\GitHub\Wireless-control\Project-IAR\EWARM\SmartHouse\Obj\usart.o
#        C:\GitHub\Wireless-control\Project-IAR\EWARM\SmartHouse\Obj\UsartDriver.o
#        --redirect _Printf=_PrintfFull --redirect _Scanf=_ScanfFull -o
#        C:\GitHub\Wireless-control\Project-IAR\EWARM\SmartHouse\Exe\SmartHouse.out
#        --map
#        C:\GitHub\Wireless-control\Project-IAR\EWARM\SmartHouse\List\SmartHouse.map
#        --config
#        C:\GitHub\Wireless-control\Project-IAR\EWARM/stm32f103xe_flash.icf
#        --semihosting --entry __iar_program_start --vfe
#
###############################################################################

*******************************************************************************
*** RUNTIME MODEL ATTRIBUTES
***

CppFlavor                     = *
__Heap_Handler                = Basic
__SystemLibrary               = DLib
__dlib_dynamic_initialization = normal


*******************************************************************************
*** PLACEMENT SUMMARY
***

"A1":  place at 0x08000000 { ro section .intvec };
"P1":  place in [from 0x08000000 to 0x0807ffff] { ro };
"P2":  place in [from 0x20000000 to 0x2000ffff] { rw, block CSTACK, block HEAP };

  Section             Kind        Address    Size  Object
  -------             ----        -------    ----  ------
"A1":                                       0x130
  .intvec             ro code  0x08000000   0x130  startup_stm32f103xe.o [1]
                             - 0x08000130   0x130

"P1":                                      0xd4ba
  .text               ro code  0x08000130  0x1166  xprintffull.o [3]
  .text               ro code  0x08001296    0x20  xmbtowc.o [3]
  .text               ro code  0x080012b6    0x76  lz77_init_single.o [5]
  .text               ro code  0x0800132c    0x16  strchr.o [5]
  .text               ro code  0x08001342     0xa  xsprout.o [3]
  .text               ro code  0x0800134c    0x36  strlen.o [5]
  .rodata             const    0x08001382     0x2  stm32f1xx_hal_rcc.o [1]
  .text               ro code  0x08001384    0x58  memchr.o [5]
  .text               ro code  0x080013dc     0xa  xmbcurmax.o [3]
  .text               ro code  0x080013e8    0xb0  xxmemxmalloc.o [3]
  .text               ro code  0x08001498    0x1a  xwctomb.o [3]
  .text               ro code  0x080014b4    0x76  ABImemcpy_unaligned.o [5]
  .text               ro code  0x0800152c    0x80  xxmemxfree.o [3]
  .text               ro code  0x080015ac    0xee  I64DivMod.o [5]
  .text               ro code  0x0800169a    0x42  xdnorm.o [4]
  .text               ro code  0x080016dc    0x2e  DblCmpLe.o [4]
  .text               ro code  0x0800170c    0x2e  DblCmpGe.o [4]
  .text               ro code  0x0800173c   0x10c  xdscale.o [4]
  .text               ro code  0x08001848    0x58  DblToI32.o [4]
  .text               ro code  0x080018a0    0x30  I32ToDbl.o [4]
  .text               ro code  0x080018d0   0x180  DblSub.o [4]
  .text               ro code  0x08001a50   0x1a2  DblMul.o [4]
  .text               ro code  0x08001bf4   0x256  DblDiv.o [4]
  .text               ro code  0x08001e4c    0x6c  localeconv.o [3]
  .text               ro code  0x08001eb8     0xe  div.o [3]
  .text               ro code  0x08001ec8    0x24  setlocale.o [3]
  .text               ro code  0x08001eec    0x60  xencoding_sb.o [3]
  .text               ro code  0x08001f4c    0x2c  xgetmemchunk.o [3]
  .text               ro code  0x08001f78     0x2  I64DivZer.o [5]
  .text               ro code  0x08001f7c    0xe8  DblAdd.o [4]
  .text               ro code  0x08002064     0x2  xtls.o [3]
  .text               ro code  0x08002068   0xda0  tasks.o [1]
  CODE                ro code  0x08002e08    0x94  portasm.o [1]
  .text               ro code  0x08002e9c   0x34c  port.o [1]
  .text               ro code  0x080031e8    0x9e  list.o [1]
  .text               ro code  0x08003288   0x458  timers.o [1]
  .text               ro code  0x080036e0   0x538  freertos.o [1]
  .text               ro code  0x08003c18   0x258  heap_4.o [1]
  .text               ro code  0x08003e70    0x66  ABImemset.o [5]
  .text               ro code  0x08003ed8   0x818  queue.o [1]
  .text               ro code  0x080046f0   0x204  cmsis_os.o [1]
  .text               ro code  0x080048f4   0x238  Gizwits.o [1]
  .text               ro code  0x08004b2c   0x35c  board.o [1]
  .text               ro code  0x08004e88    0xe6  FltSub.o [4]
  .text               ro code  0x08004f70    0x4e  FltToDbl.o [4]
  .text               ro code  0x08004fc0   0x360  DataTransfer.o [1]
  .text               ro code  0x08005320     0x6  ABImemclr4.o [5]
  .text               ro code  0x08005328    0x44  strcpy_unaligned.o [5]
  .text               ro code  0x0800536c    0x42  strcmp_unaligned.o [5]
  .text               ro code  0x080053ae    0x1c  strcat.o [3]
  .text               ro code  0x080053cc   0x174  DeviceModule.o [1]
  .text               ro code  0x08005540    0x74  FltAdd.o [4]
  .text               ro code  0x080055b4   0x170  CRC_JIAMI.o [1]
  .text               ro code  0x08005724    0x34  sprintf.o [3]
  .text               ro code  0x08005758   0x272  Handle.o [1]
  .text               ro code  0x080059cc    0x32  ABImemset48.o [5]
  .text               ro code  0x08005a00   0x1d8  spi.o [1]
  .text               ro code  0x08005bd8   0x484  stm32f1xx_hal_gpio.o [1]
  .text               ro code  0x0800605c   0x71e  stm32f1xx_hal_spi.o [1]
  .text               ro code  0x0800677c    0x58  stm32f1xx_hal.o [1]
  .text               ro code  0x080067d4     0x8  atoi.o [3]
  .text               ro code  0x080067dc   0x220  relay.o [1]
  .text               ro code  0x080069fc    0x90  stm32f1xx_hal_spi_ex.o [1]
  .text               ro code  0x08006a8c    0xf2  main.o [1]
  .text               ro code  0x08006b80   0x184  stm32f1xx_hal_cortex.o [1]
  .text               ro code  0x08006d04    0x94  stm32f1xx_hal_timebase_TIM.o [1]
  .text               ro code  0x08006d98    0x7c  stm32f1xx_hal_msp.o [1]
  .text               ro code  0x08006e14   0x198  xstoul.o [3]
  .text               ro code  0x08006fac   0x1ac  gpio.o [1]
  .text               ro code  0x08007158   0x110  can.o [1]
  .text               ro code  0x08007268    0x90  dac.o [1]
  .text               ro code  0x080072f8    0x34  sdio.o [1]
  .text               ro code  0x0800732c   0x620  tim.o [1]
  .text               ro code  0x0800794c   0xa5c  stm32f1xx_hal_rcc.o [1]
  .text               ro code  0x080083a8   0x144  stm32f1xx_hal_rcc_ex.o [1]
  .text               ro code  0x080084ec   0x680  stm32f1xx_hal_tim.o [1]
  .text               ro code  0x08008b6c    0x14  isxxx.o [3]
  .text               ro code  0x08008b80    0x14  tolower.o [3]
  .text               ro code  0x08008b94     0xc  errno.o [3]
  .text               ro code  0x08008ba0   0x47e  stm32f1xx_hal_can.o [1]
  .text               ro code  0x08009020    0x7e  stm32f1xx_hal_dac.o [1]
  .text               ro code  0x080090a0    0xa8  stm32f1xx_hal_tim_ex.o [1]
  .text               ro code  0x08009148    0x14  xlocale_c.o [3]
  .text               ro code  0x0800915c     0xc  xlocale_c.o [3]
  .text               ro code  0x08009168   0x7a8  stm32f1xx_hal_adc.o [1]
  .text               ro code  0x08009910    0x9c  adc.o [1]
  .text               ro code  0x080099ac   0x308  Key.o [1]
  .text               ro code  0x08009cb4     0x2  stm32f1xx_hal_adc_ex.o [1]
  .text               ro code  0x08009cb8   0x676  SHT2x.o [1]
  .text               ro code  0x0800a330    0x1e  I32ToFlt.o [4]
  .text               ro code  0x0800a350    0x90  DblToFlt.o [4]
  .text               ro code  0x0800a3e0   0x5ac  SerialDriver.o [1]
  .text               ro code  0x0800a98c    0xa0  SerialDriver_OS.o [1]
  .text               ro code  0x0800aa2c   0x5ac  UsartDriver.o [1]
  .text               ro code  0x0800afd8   0x594  stm32f1xx_hal_uart.o [1]
  .text               ro code  0x0800b56c   0x310  HMI.o [1]
  .text               ro code  0x0800b87c   0x158  usart.o [1]
  .text               ro code  0x0800b9d4   0x53c  DS1307.o [1]
  .text               ro code  0x0800bf10   0x534  si446x.o [1]
  .text               ro code  0x0800c444   0x45c  RF4463.o [1]
  .text               ro code  0x0800c8a0   0x314  Alarm.o [1]
  .rodata             const    0x0800cbb4   0x16c  si446x.o [1]
  .text               ro code  0x0800cd20    0xdc  stm32f1xx_it.o [1]
  .text               ro code  0x0800cdfc    0xc0  stm32f1xx_hal_sd.o [1]
  .text               ro code  0x0800cebc    0x68  system_stm32f1xx.o [1]
  .text               ro code  0x0800cf24    0x40  zero_init3.o [5]
  .rodata             const    0x0800cf64    0x30  relay.o [1]
  .text               ro code  0x0800cf94    0x28  data_init.o [5]
  .iar.init_table     const    0x0800cfbc    0x20  - Linker created -
  .text               ro code  0x0800cfdc    0x1a  cmain.o [5]
  .text               ro code  0x0800cff6     0x4  low_level_init.o [3]
  .text               ro code  0x0800cffa     0x4  exit.o [3]
  .text               ro code  0x0800d000     0xa  cexit.o [5]
  .text               ro code  0x0800d00c    0x14  exit.o [6]
  .rodata             const    0x0800d020    0x18  freertos.o [1]
  .rodata             const    0x0800d038    0x18  freertos.o [1]
  .rodata             const    0x0800d050    0x18  freertos.o [1]
  .rodata             const    0x0800d068    0x18  freertos.o [1]
  .rodata             const    0x0800d080    0x14  freertos.o [1]
  .rodata             const    0x0800d094    0x14  freertos.o [1]
  .rodata             const    0x0800d0a8    0x14  freertos.o [1]
  .rodata             const    0x0800d0bc    0x14  freertos.o [1]
  .rodata             const    0x0800d0d0    0x14  freertos.o [1]
  .rodata             const    0x0800d0e4    0x14  freertos.o [1]
  .rodata             const    0x0800d0f8    0x14  freertos.o [1]
  .rodata             const    0x0800d10c    0x14  freertos.o [1]
  .rodata             const    0x0800d120    0x10  freertos.o [1]
  .rodata             const    0x0800d130    0x10  freertos.o [1]
  .rodata             const    0x0800d140    0x10  freertos.o [1]
  .rodata             const    0x0800d150    0x10  freertos.o [1]
  .rodata             const    0x0800d160    0x10  Handle.o [1]
  .rodata             const    0x0800d170    0x10  Handle.o [1]
  .rodata             const    0x0800d180    0x10  stm32f1xx_hal_rcc.o [1]
  .rodata             const    0x0800d190    0x10  system_stm32f1xx.o [1]
  .text               ro code  0x0800d1a0    0x10  startup_stm32f103xe.o [1]
  .rodata             const    0x0800d1b0     0xc  freertos.o [1]
  .rodata             const    0x0800d1bc     0xc  freertos.o [1]
  .rodata             const    0x0800d1c8     0xc  freertos.o [1]
  .rodata             const    0x0800d1d4     0xc  HMI.o [1]
  .rodata             const    0x0800d1e0     0xc  UsartDriver.o [1]
  .text               ro code  0x0800d1ec     0xc  cstartup_M.o [5]
  .rodata             const    0x0800d1f8     0x8  board.o [1]
  .rodata             const    0x0800d200     0x8  DataTransfer.o [1]
  .rodata             const    0x0800d208     0x8  DataTransfer.o [1]
  .rodata             const    0x0800d210     0x8  Gizwits.o [1]
  .rodata             const    0x0800d218     0x8  Gizwits.o [1]
  .rodata             const    0x0800d220     0x8  Gizwits.o [1]
  .rodata             const    0x0800d228     0x8  Gizwits.o [1]
  .rodata             const    0x0800d230     0x8  Handle.o [1]
  .rodata             const    0x0800d238     0x8  Handle.o [1]
  .rodata             const    0x0800d240     0x8  Handle.o [1]
  .rodata             const    0x0800d248     0x8  Handle.o [1]
  .rodata             const    0x0800d250     0x8  HMI.o [1]
  .rodata             const    0x0800d258     0x8  relay.o [1]
  .rodata             const    0x0800d260     0x8  relay.o [1]
  .rodata             const    0x0800d268     0x8  relay.o [1]
  .rodata             const    0x0800d270     0x8  relay.o [1]
  .rodata             const    0x0800d278     0x8  system_stm32f1xx.o [1]
  .rodata             const    0x0800d280     0x8  tasks.o [1]
  .rodata             const    0x0800d288     0x8  timers.o [1]
  .rodata             const    0x0800d290     0x8  timers.o [1]
  .rodata             const    0x0800d298     0x4  freertos.o [1]
  .rodata             const    0x0800d29c     0x4  freertos.o [1]
  .rodata             const    0x0800d2a0     0x4  heap_4.o [1]
  .rodata             const    0x0800d2a4     0x4  port.o [1]
  .text               ro code  0x0800d2a8     0x4  startup_stm32f103xe.o [1]
  .text               ro code  0x0800d2ac     0x4  startup_stm32f103xe.o [1]
  .text               ro code  0x0800d2b0     0x4  startup_stm32f103xe.o [1]
  .text               ro code  0x0800d2b4     0x4  startup_stm32f103xe.o [1]
  .text               ro code  0x0800d2b8     0x4  startup_stm32f103xe.o [1]
  .text               ro code  0x0800d2bc     0x4  startup_stm32f103xe.o [1]
  .text               ro code  0x0800d2c0     0x4  startup_stm32f103xe.o [1]
  .text               ro code  0x0800d2c4     0x4  startup_stm32f103xe.o [1]
  .text               ro code  0x0800d2c8     0x4  startup_stm32f103xe.o [1]
  .text               ro code  0x0800d2cc     0x4  startup_stm32f103xe.o [1]
  .text               ro code  0x0800d2d0     0x4  startup_stm32f103xe.o [1]
  .text               ro code  0x0800d2d4     0x4  startup_stm32f103xe.o [1]
  .text               ro code  0x0800d2d8     0x4  startup_stm32f103xe.o [1]
  .text               ro code  0x0800d2dc     0x4  startup_stm32f103xe.o [1]
  .text               ro code  0x0800d2e0     0x4  startup_stm32f103xe.o [1]
  .text               ro code  0x0800d2e4     0x4  startup_stm32f103xe.o [1]
  .text               ro code  0x0800d2e8     0x4  startup_stm32f103xe.o [1]
  .text               ro code  0x0800d2ec     0x4  startup_stm32f103xe.o [1]
  .text               ro code  0x0800d2f0     0x4  startup_stm32f103xe.o [1]
  .text               ro code  0x0800d2f4     0x4  startup_stm32f103xe.o [1]
  .text               ro code  0x0800d2f8     0x4  startup_stm32f103xe.o [1]
  .text               ro code  0x0800d2fc     0x4  startup_stm32f103xe.o [1]
  .text               ro code  0x0800d300     0x4  startup_stm32f103xe.o [1]
  .text               ro code  0x0800d304     0x4  startup_stm32f103xe.o [1]
  .text               ro code  0x0800d308     0x4  startup_stm32f103xe.o [1]
  .text               ro code  0x0800d30c     0x4  startup_stm32f103xe.o [1]
  .text               ro code  0x0800d310     0x4  startup_stm32f103xe.o [1]
  .text               ro code  0x0800d314     0x4  startup_stm32f103xe.o [1]
  .text               ro code  0x0800d318     0x4  startup_stm32f103xe.o [1]
  .text               ro code  0x0800d31c     0x4  startup_stm32f103xe.o [1]
  .text               ro code  0x0800d320     0x4  startup_stm32f103xe.o [1]
  .text               ro code  0x0800d324     0x4  startup_stm32f103xe.o [1]
  .text               ro code  0x0800d328     0x4  startup_stm32f103xe.o [1]
  .text               ro code  0x0800d32c     0x4  startup_stm32f103xe.o [1]
  .text               ro code  0x0800d330     0x4  startup_stm32f103xe.o [1]
  .text               ro code  0x0800d334     0x4  startup_stm32f103xe.o [1]
  .text               ro code  0x0800d338     0x4  startup_stm32f103xe.o [1]
  .text               ro code  0x0800d33c     0x4  startup_stm32f103xe.o [1]
  .text               ro code  0x0800d340     0x4  startup_stm32f103xe.o [1]
  .text               ro code  0x0800d344     0x4  startup_stm32f103xe.o [1]
  .text               ro code  0x0800d348     0x4  startup_stm32f103xe.o [1]
  .text               ro code  0x0800d34c     0x4  startup_stm32f103xe.o [1]
  .text               ro code  0x0800d350     0x4  startup_stm32f103xe.o [1]
  .text               ro code  0x0800d354     0x4  startup_stm32f103xe.o [1]
  .text               ro code  0x0800d358     0x4  startup_stm32f103xe.o [1]
  .text               ro code  0x0800d35c     0x4  startup_stm32f103xe.o [1]
  .text               ro code  0x0800d360     0x4  startup_stm32f103xe.o [1]
  .text               ro code  0x0800d364     0x4  startup_stm32f103xe.o [1]
  .text               ro code  0x0800d368     0x4  startup_stm32f103xe.o [1]
  .text               ro code  0x0800d36c     0x4  startup_stm32f103xe.o [1]
  .rodata             const    0x0800d370     0x0  zero_init3.o [5]
  .rodata             const    0x0800d370     0x0  lz77_init_single.o [5]
  Initializer bytes   const    0x0800d370   0x27a  <for P2-1>
                             - 0x0800d5ea  0xd4ba

"P2", part 1 of 3:                          0x501
  P2-1                         0x20000000   0x501  <Init block>
    .data             inited   0x20000000    0x40  Alarm.o [1]
    .data             inited   0x20000040    0x28  board.o [1]
    .data             inited   0x20000068     0xc  CRC_JIAMI.o [1]
    .data             inited   0x20000074     0xc  CRC_JIAMI.o [1]
    .data             inited   0x20000080    0x20  CRC_JIAMI.o [1]
    .data             inited   0x200000a0     0x4  DataTransfer.o [1]
    .data             inited   0x200000a4    0x20  DataTransfer.o [1]
    .data             inited   0x200000c4    0x34  DeviceModule.o [1]
    .data             inited   0x200000f8    0x40  DS1307.o [1]
    .data             inited   0x20000138    0xe4  HMI.o [1]
    .data             inited   0x2000021c    0x28  Key.o [1]
    .data             inited   0x20000244    0x40  Key.o [1]
    .data             inited   0x20000284     0x4  port.o [1]
    .data             inited   0x20000288     0x8  relay.o [1]
    .data             inited   0x20000290    0x40  relay.o [1]
    .data             inited   0x200002d0     0xc  RF4463.o [1]
    .data             inited   0x200002dc    0x40  RF4463.o [1]
    .data             inited   0x2000031c    0x20  SerialDriver.o [1]
    .data             inited   0x2000033c    0x40  SHT2x.o [1]
    .data             inited   0x2000037c     0x4  system_stm32f1xx.o [1]
    .data             inited   0x20000380    0x40  UsartDriver.o [1]
    .data             inited   0x200003c0    0x40  UsartDriver.o [1]
    __DLIB_PERTHREAD  inited   0x20000400    0x88  localeconv.o [3]
    __DLIB_PERTHREAD  inited   0x20000488     0x4  errno.o [3]
    __DLIB_PERTHREAD  inited   0x2000048c    0x74  setlocale.o [3]
    .data             inited   0x20000500     0x1  RF4463.o [1]
                             - 0x20000501   0x501

"P2", part 2 of 3:                         0x2000
  CSTACK                       0x20000508  0x1000  <Block>
    CSTACK            uninit   0x20000508  0x1000  <Block tail>
  HEAP                         0x20001508  0x1000  <Block>
    HEAP              uninit   0x20001508  0x1000  <Block tail>
                             - 0x20002508  0x2000

"P2", part 3 of 3:                         0x8cfc
  .bss                zero     0x20002508  0x7800  heap_4.o [1]
  .bss                zero     0x20009d08   0x7a0  board.o [1]
  .bss                zero     0x2000a4a8   0x280  tasks.o [1]
  .bss                zero     0x2000a728   0x1b8  board.o [1]
  .bss                zero     0x2000a8e0   0x128  UsartDriver.o [1]
  .bss                zero     0x2000aa08    0xa0  SerialDriver.o [1]
  .bss                zero     0x2000aaa8    0x64  UsartDriver.o [1]
  .bss                zero     0x2000ab0c    0x60  sdio.o [1]
  .bss                zero     0x2000ab6c    0x58  spi.o [1]
  .bss                zero     0x2000abc4    0x58  spi.o [1]
  .bss                zero     0x2000ac1c    0x40  can.o [1]
  .bss                zero     0x2000ac5c    0x40  DataTransfer.o [1]
  .bss                zero     0x2000ac9c    0x40  DataTransfer.o [1]
  .bss                zero     0x2000acdc    0x40  Gizwits.o [1]
  .bss                zero     0x2000ad1c    0x40  Gizwits.o [1]
  .bss                zero     0x2000ad5c    0x40  queue.o [1]
  .bss                zero     0x2000ad9c    0x40  usart.o [1]
  .bss                zero     0x2000addc    0x40  UsartDriver.o [1]
  .bss                zero     0x2000ae1c    0x40  UsartDriver.o [1]
  .bss                zero     0x2000ae5c    0x3c  stm32f1xx_hal_timebase_TIM.o [1]
  .bss                zero     0x2000ae98    0x3c  tim.o [1]
  .bss                zero     0x2000aed4    0x3c  tim.o [1]
  .bss                zero     0x2000af10    0x3c  tim.o [1]
  .bss                zero     0x2000af4c    0x3c  tim.o [1]
  .bss                zero     0x2000af88    0x3c  tim.o [1]
  .bss                zero     0x2000afc4    0x3c  tim.o [1]
  .bss                zero     0x2000b000    0x30  adc.o [1]
  .bss                zero     0x2000b030    0x2c  Alarm.o [1]
  .bss                zero     0x2000b05c    0x20  relay.o [1]
  .bss                zero     0x2000b07c    0x14  dac.o [1]
  .bss                zero     0x2000b090    0x14  tasks.o [1]
  .bss                zero     0x2000b0a4    0x14  tasks.o [1]
  .bss                zero     0x2000b0b8    0x14  tasks.o [1]
  .bss                zero     0x2000b0cc    0x14  tasks.o [1]
  .bss                zero     0x2000b0e0    0x14  tasks.o [1]
  .bss                zero     0x2000b0f4    0x14  timers.o [1]
  .bss                zero     0x2000b108    0x14  timers.o [1]
  .bss                zero     0x2000b11c     0xc  relay.o [1]
  .bss                zero     0x2000b128     0x8  DS1307.o [1]
  .bss                zero     0x2000b130     0x8  heap_4.o [1]
  .bss                zero     0x2000b138     0x8  relay.o [1]
  .bss                zero     0x2000b140     0x8  xxmemxmalloc.o [3]
  .bss                zero     0x2000b148     0x4  freertos.o [1]
  .bss                zero     0x2000b14c     0x4  freertos.o [1]
  .bss                zero     0x2000b150     0x4  freertos.o [1]
  .bss                zero     0x2000b154     0x4  freertos.o [1]
  .bss                zero     0x2000b158     0x4  freertos.o [1]
  .bss                zero     0x2000b15c     0x4  freertos.o [1]
  .bss                zero     0x2000b160     0x4  freertos.o [1]
  .bss                zero     0x2000b164     0x4  freertos.o [1]
  .bss                zero     0x2000b168     0x4  freertos.o [1]
  .bss                zero     0x2000b16c     0x4  freertos.o [1]
  .bss                zero     0x2000b170     0x4  freertos.o [1]
  .bss                zero     0x2000b174     0x4  freertos.o [1]
  .bss                zero     0x2000b178     0x4  heap_4.o [1]
  .bss                zero     0x2000b17c     0x4  heap_4.o [1]
  .bss                zero     0x2000b180     0x4  heap_4.o [1]
  .bss                zero     0x2000b184     0x4  heap_4.o [1]
  .bss                zero     0x2000b188     0x4  port.o [1]
  .bss                zero     0x2000b18c     0x4  port.o [1]
  .bss                zero     0x2000b190     0x4  port.o [1]
  .bss                zero     0x2000b194     0x4  port.o [1]
  .bss                zero     0x2000b198     0x4  RF4463.o [1]
  .bss                zero     0x2000b19c     0x4  RF4463.o [1]
  .bss                zero     0x2000b1a0     0x4  SHT2x.o [1]
  .bss                zero     0x2000b1a4     0x4  SHT2x.o [1]
  .bss                zero     0x2000b1a8     0x4  stm32f1xx_hal.o [1]
  .bss                zero     0x2000b1ac     0x4  tasks.o [1]
  .bss                zero     0x2000b1b0     0x4  tasks.o [1]
  .bss                zero     0x2000b1b4     0x4  tasks.o [1]
  .bss                zero     0x2000b1b8     0x4  tasks.o [1]
  .bss                zero     0x2000b1bc     0x4  tasks.o [1]
  .bss                zero     0x2000b1c0     0x4  tasks.o [1]
  .bss                zero     0x2000b1c4     0x4  tasks.o [1]
  .bss                zero     0x2000b1c8     0x4  tasks.o [1]
  .bss                zero     0x2000b1cc     0x4  tasks.o [1]
  .bss                zero     0x2000b1d0     0x4  tasks.o [1]
  .bss                zero     0x2000b1d4     0x4  tasks.o [1]
  .bss                zero     0x2000b1d8     0x4  tasks.o [1]
  .bss                zero     0x2000b1dc     0x4  tasks.o [1]
  .bss                zero     0x2000b1e0     0x4  tasks.o [1]
  .bss                zero     0x2000b1e4     0x4  timers.o [1]
  .bss                zero     0x2000b1e8     0x4  timers.o [1]
  .bss                zero     0x2000b1ec     0x4  timers.o [1]
  .bss                zero     0x2000b1f0     0x4  timers.o [1]
  .bss                zero     0x2000b1f4     0x4  xgetmemchunk.o [3]
  .bss                zero     0x2000b1f8     0x2  freertos.o [1]
  .bss                zero     0x2000b1fa     0x1  freertos.o [1]
  .bss                zero     0x2000b1fb     0x1  HMI.o [1]
  .bss                zero     0x2000b1fc     0x1  port.o [1]
  .bss                zero     0x2000b1fd     0x1  RF4463.o [1]
  .bss                zero     0x2000b1fe     0x1  SerialDriver.o [1]
  .bss                zero     0x2000b1ff     0x1  stm32f1xx_hal_spi_ex.o [1]
  .bss                zero     0x2000b200     0x1  UsartDriver.o [1]
  .bss                zero     0x2000b201     0x1  UsartDriver.o [1]
  .bss                zero     0x2000b202     0x1  UsartDriver.o [1]
  .bss                zero     0x2000b203     0x1  UsartDriver.o [1]
                             - 0x2000b204  0x8cfc


*******************************************************************************
*** INIT TABLE
***

          Address     Size
          -------     ----
Zero (__iar_zero_init3)
    1 destination range, total size 0x8cfc:
          0x20002508  0x8cfc

Copy/lz77 (__iar_lz77_init_single3)
    1 source range, total size 0x27a (49% of destination):
          0x0800d370   0x27a
    1 destination range, total size 0x501:
          0x20000000   0x501



*******************************************************************************
*** MODULE SUMMARY
***

    Module                        ro code  ro data  rw data
    ------                        -------  -------  -------
C:\GitHub\Wireless-control\Project-IAR\EWARM\SmartHouse\Obj: [1]
    Alarm.o                           788       31      108
    CRC_JIAMI.o                       368       28       56
    DS1307.o                        1 340       32       72
    DataTransfer.o                    864       34      164
    DeviceModule.o                    372       25       52
    Gizwits.o                         568       32      128
    HMI.o                             784      133      229
    Handle.o                          626       64
    Key.o                             776       51      104
    RF4463.o                        1 116       38       86
    SHT2x.o                         1 654       32       72
    SerialDriver.o                  1 452       16      193
    SerialDriver_OS.o                 160
    UsartDriver.o                   1 452       75      656
    adc.o                             156                48
    board.o                           860       28    2 432
    can.o                             272                64
    cmsis_os.o                        516
    dac.o                             144                20
    freertos.o                      1 336      364       51
    gpio.o                            428
    heap_4.o                          600        4   30 744
    list.o                            158
    main.o                            242
    port.o                            844        6       21
    portasm.o                         148
    queue.o                         2 072                64
    relay.o                           544      116      124
    sdio.o                             52                96
    si446x.o                        1 332      364
    spi.o                             472               176
    startup_stm32f103xe.o             520
    stm32f1xx_hal.o                    88                 4
    stm32f1xx_hal_adc.o             1 960
    stm32f1xx_hal_adc_ex.o              2
    stm32f1xx_hal_can.o             1 150
    stm32f1xx_hal_cortex.o            388
    stm32f1xx_hal_dac.o               126
    stm32f1xx_hal_gpio.o            1 156
    stm32f1xx_hal_msp.o               124
    stm32f1xx_hal_rcc.o             2 652       18
    stm32f1xx_hal_rcc_ex.o            324
    stm32f1xx_hal_sd.o                192
    stm32f1xx_hal_spi.o             1 822
    stm32f1xx_hal_spi_ex.o            144                 1
    stm32f1xx_hal_tim.o             1 664
    stm32f1xx_hal_tim_ex.o            168
    stm32f1xx_hal_timebase_TIM.o      148                60
    stm32f1xx_hal_uart.o            1 428
    stm32f1xx_it.o                    220
    system_stm32f1xx.o                104       26        4
    tasks.o                         3 488        8      796
    tim.o                           1 568               360
    timers.o                        1 112       16       56
    usart.o                           344                64
    -------------------------------------------------------
    Total:                         43 388    1 541   37 105

command line: [2]
    -------------------------------------------------------
    Total:

dl7M_tlf.a: [3]
    atoi.o                              8
    div.o                              14
    errno.o                            12        2        4
    exit.o                              4
    isxxx.o                            20
    localeconv.o                      108       68      136
    low_level_init.o                    4
    setlocale.o                        36       57      116
    sprintf.o                          52
    strcat.o                           28
    tolower.o                          20
    xencoding_sb.o                     96
    xgetmemchunk.o                     44                 4
    xlocale_c.o                        32
    xmbcurmax.o                        10
    xmbtowc.o                          32
    xprintffull.o                   4 454
    xsprout.o                          10
    xstoul.o                          408
    xtls.o                              2
    xwctomb.o                          26
    xxmemxfree.o                      128
    xxmemxmalloc.o                    176                 8
    -------------------------------------------------------
    Total:                          5 724      127      268

m7M_tl.a: [4]
    DblAdd.o                          232
    DblCmpGe.o                         46
    DblCmpLe.o                         46
    DblDiv.o                          598
    DblMul.o                          418
    DblSub.o                          384
    DblToFlt.o                        144
    DblToI32.o                         88
    FltAdd.o                          116
    FltSub.o                          230
    FltToDbl.o                         78
    I32ToDbl.o                         48
    I32ToFlt.o                         30
    xdnorm.o                           66
    xdscale.o                         268
    -------------------------------------------------------
    Total:                          2 792

rt7M_tl.a: [5]
    ABImemclr4.o                        6
    ABImemcpy_unaligned.o             118
    ABImemset.o                       102
    ABImemset48.o                      50
    I64DivMod.o                       238
    I64DivZer.o                         2
    cexit.o                            10
    cmain.o                            26
    cstartup_M.o                       12
    data_init.o                        40
    lz77_init_single.o                118
    memchr.o                           88
    strchr.o                           22
    strcmp_unaligned.o                 66
    strcpy_unaligned.o                 68
    strlen.o                           54
    zero_init3.o                       64
    -------------------------------------------------------
    Total:                          1 084

shb_l.a: [6]
    exit.o                             20
    -------------------------------------------------------
    Total:                             20

    Gaps                               54
    Linker created                              32    8 192
-----------------------------------------------------------
    Grand Total:                   53 062    1 700   45 565


*******************************************************************************
*** ENTRY LIST
***

Entry                      Address    Size  Type      Object
-----                      -------    ----  ----      ------
.iar.init_table$$Base   0x0800cfbc           --   Gb  - Linker created -
.iar.init_table$$Limit  0x0800cfdc           --   Gb  - Linker created -
?main                   0x0800cfdd          Code  Gb  cmain.o [5]
ADC1_2_IRQHandler       0x0800cd29     0xa  Code  Gb  stm32f1xx_it.o [1]
ADC_ConversionStop_Disable
                        0x080098c5    0x4a  Code  Gb  stm32f1xx_hal_adc.o [1]
ADC_Enable              0x08009827    0x6e  Code  Gb  stm32f1xx_hal_adc.o [1]
ADC_Key                 0x2000021c    0x28  Data  Gb  Key.o [1]
ADC_KeyGetKey           0x080099ad   0x10c  Code  Gb  Key.o [1]
AHBPrescTable           0x0800d190    0x10  Data  Gb  system_stm32f1xx.o [1]
APBPrescTable           0x0800d278     0x8  Data  Gb  system_stm32f1xx.o [1]
AckBuffer               0x200002d0     0xc  Data  Lc  RF4463.o [1]
Alarm                   0x20000000    0x40  Data  Gb  Alarm.o [1]
AlarmMutex              0x2000b16c     0x4  Data  Gb  freertos.o [1]
Alarm_close             0x0800c931    0x30  Code  Lc  Alarm.o [1]
Alarm_command           0x0800c975    0x18  Code  Lc  Alarm.o [1]
Alarm_detect            0x0800c961    0x14  Code  Lc  Alarm.o [1]
Alarm_gets              0x0800ca89    0x1a  Code  Lc  Alarm.o [1]
Alarm_open              0x0800c8a1    0x90  Code  Lc  Alarm.o [1]
Alarm_puts              0x0800ca4d    0x3c  Code  Lc  Alarm.o [1]
Alarm_set               0x0800c98d    0xc0  Code  Lc  Alarm.o [1]
Alarm_timing_process    0x0800caa3    0xf8  Code  Lc  Alarm.o [1]
BSP_SPI_ExchangeByte    0x0800bf2b    0x12  Code  Gb  si446x.o [1]
BackGroundTask_1        0x08003809     0xc  Code  Gb  freertos.o [1]
BackGroundTask_1_Handle
                        0x2000b148     0x4  Data  Gb  freertos.o [1]
BackGroundTask_2        0x08003815     0xc  Code  Gb  freertos.o [1]
BackGroundTask_2_Handle
                        0x2000b14c     0x4  Data  Gb  freertos.o [1]
CAN1_RX1_IRQHandler     0x0800cd47     0xa  Code  Gb  stm32f1xx_it.o [1]
CAN1_SCE_IRQHandler     0x0800cd51     0xa  Code  Gb  stm32f1xx_it.o [1]
CAN_Receive_IT          0x08008ea3   0x17c  Code  Lc  stm32f1xx_hal_can.o [1]
CAN_Transmit_IT         0x08008e5f    0x44  Code  Lc  stm32f1xx_hal_can.o [1]
CRC16CCITT_Table        0x20000080    0x20  Data  Gb  CRC_JIAMI.o [1]
CRC16Ccitt              0x0800563d    0x62  Code  Gb  CRC_JIAMI.o [1]
CRC16Table_SerialDriver
                        0x2000031c    0x20  Data  Gb  SerialDriver.o [1]
CRC16_SerialDriver      0x0800a3e1    0x72  Code  Lc  SerialDriver.o [1]
CRC_JIAMI               0x080056ad    0x3e  Code  Gb  CRC_JIAMI.o [1]
CRC_JIEMI               0x080056eb    0x3a  Code  Gb  CRC_JIAMI.o [1]
CSTACK$$Base            0x20000508           --   Gb  - Linker created -
CSTACK$$Limit           0x20001508           --   Gb  - Linker created -
CheckReceive            0x0800507f    0x1c  Code  Gb  DataTransfer.o [1]
CurPageID               0x2000b1fb     0x1  Data  Gb  HMI.o [1]
DS1307                  0x200000f8    0x40  Data  Gb  DS1307.o [1]
DS1307_Delay            0x0800bbd9    0x1a  Code  Lc  DS1307.o [1]
DS1307_GetTime          0x0800bb1f    0xba  Code  Lc  DS1307.o [1]
DS1307_I2cNoAcknowledge
                        0x0800bd0f    0x3c  Code  Lc  DS1307.o [1]
DS1307_I2cReadByte      0x0800bd4b    0x7c  Code  Lc  DS1307.o [1]
DS1307_I2cStartCondition
                        0x0800bc7f    0x48  Code  Lc  DS1307.o [1]
DS1307_I2cStopCondition
                        0x0800bcc7    0x48  Code  Lc  DS1307.o [1]
DS1307_I2cWriteByte     0x0800bdc7    0xb4  Code  Lc  DS1307.o [1]
DS1307_Init             0x0800bbf3    0x36  Code  Lc  DS1307.o [1]
DS1307_SCL_OUTPUT       0x0800bc29    0x1e  Code  Lc  DS1307.o [1]
DS1307_SDA_INPUT        0x0800bc65    0x1a  Code  Lc  DS1307.o [1]
DS1307_SDA_OUTPUT       0x0800bc47    0x1e  Code  Lc  DS1307.o [1]
DS1307_close            0x0800ba01    0x26  Code  Lc  DS1307.o [1]
DS1307_command          0x0800ba3f    0x1c  Code  Lc  DS1307.o [1]
DS1307_detect           0x0800ba27    0x18  Code  Lc  DS1307.o [1]
DS1307_gets             0x0800baff    0x20  Code  Lc  DS1307.o [1]
DS1307_open             0x0800b9d5    0x2c  Code  Lc  DS1307.o [1]
DS1307_puts             0x0800bae3    0x1c  Code  Lc  DS1307.o [1]
DS1307_set              0x0800ba5b    0x88  Code  Lc  DS1307.o [1]
DeviceList              0x2000a728   0x1b8  Data  Gb  board.o [1]
Ds1307Time              0x2000b128     0x8  Data  Gb  DS1307.o [1]
Error_Handler           0x08006b7d     0x2  Code  Gb  main.o [1]
GetRelayState           0x080067dd    0x50  Code  Gb  relay.o [1]
GizwitsExecDirective    0x08004901    0xde  Code  Gb  Gizwits.o [1]
GizwitsInit             0x080048f5     0xc  Code  Gb  Gizwits.o [1]
GizwitsRecv             0x08004ab5    0x3c  Code  Gb  Gizwits.o [1]
GizwitsSend             0x08004a53    0x62  Code  Gb  Gizwits.o [1]
GizwitsSync             0x080049df    0x74  Code  Gb  Gizwits.o [1]
GizwitsTimingProcess    0x08004af1    0x10  Code  Gb  Gizwits.o [1]
HAL_ADCEx_InjectedConvCpltCallback
                        0x08009cb5     0x2  Code  Wk  stm32f1xx_hal_adc_ex.o [1]
HAL_ADC_ConfigChannel   0x0800968f   0x198  Code  Gb  stm32f1xx_hal_adc.o [1]
HAL_ADC_ConvCpltCallback
                        0x08009ab9    0x12  Code  Gb  Key.o [1]
HAL_ADC_DeInit          0x080092f3   0x10a  Code  Gb  stm32f1xx_hal_adc.o [1]
HAL_ADC_GetValue        0x08009581     0x6  Code  Gb  stm32f1xx_hal_adc.o [1]
HAL_ADC_IRQHandler      0x08009587   0x106  Code  Gb  stm32f1xx_hal_adc.o [1]
HAL_ADC_Init            0x08009169   0x18a  Code  Gb  stm32f1xx_hal_adc.o [1]
HAL_ADC_LevelOutOfWindowCallback
                        0x0800968d     0x2  Code  Wk  stm32f1xx_hal_adc.o [1]
HAL_ADC_MspDeInit       0x0800996b    0x30  Code  Gb  adc.o [1]
HAL_ADC_MspInit         0x08009911    0x5a  Code  Gb  adc.o [1]
HAL_ADC_Start_IT        0x080093fd   0x13a  Code  Gb  stm32f1xx_hal_adc.o [1]
HAL_ADC_Stop_IT         0x08009537    0x4a  Code  Gb  stm32f1xx_hal_adc.o [1]
HAL_CAN_ErrorCallback   0x08008e5d     0x2  Code  Wk  stm32f1xx_hal_can.o [1]
HAL_CAN_IRQHandler      0x08008cd3   0x178  Code  Gb  stm32f1xx_hal_can.o [1]
HAL_CAN_Init            0x08008ba1   0x132  Code  Gb  stm32f1xx_hal_can.o [1]
HAL_CAN_MspInit         0x080071b5    0x9e  Code  Gb  can.o [1]
HAL_CAN_RxCpltCallback  0x08008e5b     0x2  Code  Wk  stm32f1xx_hal_can.o [1]
HAL_CAN_TxCpltCallback  0x08008e59     0x2  Code  Wk  stm32f1xx_hal_can.o [1]
HAL_DAC_ConfigChannel   0x0800904d    0x52  Code  Gb  stm32f1xx_hal_dac.o [1]
HAL_DAC_Init            0x08009021    0x2c  Code  Gb  stm32f1xx_hal_dac.o [1]
HAL_DAC_MspInit         0x080072af    0x3a  Code  Gb  dac.o [1]
HAL_Delay               0x080067b1    0x1a  Code  Wk  stm32f1xx_hal.o [1]
HAL_GPIO_DeInit         0x08005eaf   0x138  Code  Gb  stm32f1xx_hal_gpio.o [1]
HAL_GPIO_Init           0x08005bd9   0x2d6  Code  Gb  stm32f1xx_hal_gpio.o [1]
HAL_GPIO_ReadPin        0x08005fe7    0x18  Code  Gb  stm32f1xx_hal_gpio.o [1]
HAL_GPIO_WritePin       0x08005fff    0x14  Code  Gb  stm32f1xx_hal_gpio.o [1]
HAL_GetTick             0x080067ab     0x6  Code  Wk  stm32f1xx_hal.o [1]
HAL_IncTick             0x0800679f     0xc  Code  Wk  stm32f1xx_hal.o [1]
HAL_Init                0x0800677d    0x22  Code  Gb  stm32f1xx_hal.o [1]
HAL_InitTick            0x08006d05    0x82  Code  Gb  stm32f1xx_hal_timebase_TIM.o [1]
HAL_MspInit             0x08006d99    0x7c  Code  Gb  stm32f1xx_hal_msp.o [1]
HAL_NVIC_DisableIRQ     0x08006ca5     0xe  Code  Gb  stm32f1xx_hal_cortex.o [1]
HAL_NVIC_EnableIRQ      0x08006c97     0xe  Code  Gb  stm32f1xx_hal_cortex.o [1]
HAL_NVIC_SetPriority    0x08006c71    0x26  Code  Gb  stm32f1xx_hal_cortex.o [1]
HAL_NVIC_SetPriorityGrouping
                        0x08006c65     0xc  Code  Gb  stm32f1xx_hal_cortex.o [1]
HAL_RCCEx_PeriphCLKConfig
                        0x080083a9   0x12c  Code  Gb  stm32f1xx_hal_rcc_ex.o [1]
HAL_RCC_ClockConfig     0x08008035   0x228  Code  Gb  stm32f1xx_hal_rcc.o [1]
HAL_RCC_GetClockConfig  0x0800832d    0x3a  Code  Gb  stm32f1xx_hal_rcc.o [1]
HAL_RCC_GetHCLKFreq     0x080082e7     0x6  Code  Gb  stm32f1xx_hal_rcc.o [1]
HAL_RCC_GetPCLK1Freq    0x080082ed    0x20  Code  Gb  stm32f1xx_hal_rcc.o [1]
HAL_RCC_GetPCLK2Freq    0x0800830d    0x20  Code  Gb  stm32f1xx_hal_rcc.o [1]
HAL_RCC_GetSysClockFreq
                        0x0800825d    0x8a  Code  Gb  stm32f1xx_hal_rcc.o [1]
HAL_RCC_OscConfig       0x0800794d   0x6e8  Code  Gb  stm32f1xx_hal_rcc.o [1]
HAL_SD_IRQHandler       0x0800cdfd    0xb6  Code  Gb  stm32f1xx_hal_sd.o [1]
HAL_SD_XferCpltCallback
                        0x0800ceb3     0x2  Code  Wk  stm32f1xx_hal_sd.o [1]
HAL_SD_XferErrorCallback
                        0x0800ceb5     0x2  Code  Wk  stm32f1xx_hal_sd.o [1]
HAL_SPI_DeInit          0x0800605d    0x38  Code  Gb  stm32f1xx_hal_spi.o [1]
HAL_SPI_ErrorCallback   0x08006687     0x2  Code  Wk  stm32f1xx_hal_spi.o [1]
HAL_SPI_IRQHandler      0x080065bd    0xca  Code  Gb  stm32f1xx_hal_spi.o [1]
HAL_SPI_Init            0x080069fd    0x8c  Code  Gb  stm32f1xx_hal_spi_ex.o [1]
HAL_SPI_MspDeInit       0x08005b69    0x4e  Code  Gb  spi.o [1]
HAL_SPI_MspInit         0x08005abd    0xac  Code  Gb  spi.o [1]
HAL_SPI_Transmit        0x08006095   0x1cc  Code  Gb  stm32f1xx_hal_spi.o [1]
HAL_SPI_TransmitReceive
                        0x08006261   0x35c  Code  Gb  stm32f1xx_hal_spi.o [1]
HAL_SYSTICK_CLKSourceConfig
                        0x08006cbf    0x20  Code  Gb  stm32f1xx_hal_cortex.o [1]
HAL_SYSTICK_Config      0x08006cb3     0xc  Code  Gb  stm32f1xx_hal_cortex.o [1]
HAL_TIMEx_BreakCallback
                        0x08009145     0x2  Code  Wk  stm32f1xx_hal_tim_ex.o [1]
HAL_TIMEx_CommutationCallback
                        0x08009143     0x2  Code  Wk  stm32f1xx_hal_tim_ex.o [1]
HAL_TIMEx_ConfigBreakDeadTime
                        0x080090a1    0x48  Code  Gb  stm32f1xx_hal_tim_ex.o [1]
HAL_TIMEx_MasterConfigSynchronization
                        0x080090e9    0x5a  Code  Gb  stm32f1xx_hal_tim_ex.o [1]
HAL_TIM_Base_Init       0x080084ed    0x38  Code  Gb  stm32f1xx_hal_tim.o [1]
HAL_TIM_Base_MspInit    0x080077a7    0xf0  Code  Gb  tim.o [1]
HAL_TIM_Base_Start_IT   0x08008525    0x1e  Code  Gb  stm32f1xx_hal_tim.o [1]
HAL_TIM_ConfigClockSource
                        0x0800875d   0x11e  Code  Gb  stm32f1xx_hal_tim.o [1]
HAL_TIM_IC_CaptureCallback
                        0x0800887d     0x2  Code  Wk  stm32f1xx_hal_tim.o [1]
HAL_TIM_IRQHandler      0x0800857b   0x176  Code  Gb  stm32f1xx_hal_tim.o [1]
HAL_TIM_MspPostInit     0x080078bd    0x4e  Code  Gb  tim.o [1]
HAL_TIM_OC_ConfigChannel
                        0x080086f1    0x6c  Code  Gb  stm32f1xx_hal_tim.o [1]
HAL_TIM_OC_DelayElapsedCallback
                        0x0800887b     0x2  Code  Wk  stm32f1xx_hal_tim.o [1]
HAL_TIM_OC_Init         0x08008543    0x38  Code  Gb  stm32f1xx_hal_tim.o [1]
HAL_TIM_OC_MspInit      0x08007897    0x26  Code  Gb  tim.o [1]
HAL_TIM_PWM_PulseFinishedCallback
                        0x0800887f     0x2  Code  Wk  stm32f1xx_hal_tim.o [1]
HAL_TIM_PeriodElapsedCallback
                        0x08006b65    0x12  Code  Gb  main.o [1]
HAL_TIM_TriggerCallback
                        0x08008881     0x2  Code  Wk  stm32f1xx_hal_tim.o [1]
HAL_UART_ErrorCallback  0x0800b25b     0x2  Code  Wk  stm32f1xx_hal_uart.o [1]
HAL_UART_IRQHandler     0x0800b141   0x11a  Code  Gb  stm32f1xx_hal_uart.o [1]
HAL_UART_Init           0x0800afd9    0x70  Code  Gb  stm32f1xx_hal_uart.o [1]
HAL_UART_MspInit        0x0800b87d   0x136  Code  Gb  usart.o [1]
HAL_UART_Receive_IT     0x0800b0b9    0x88  Code  Gb  stm32f1xx_hal_uart.o [1]
HAL_UART_RxCpltCallback
                        0x0800af57    0x2e  Code  Gb  UsartDriver.o [1]
HAL_UART_Transmit_IT    0x0800b049    0x70  Code  Gb  stm32f1xx_hal_uart.o [1]
HAL_UART_TxCpltCallback
                        0x0800af29    0x2e  Code  Gb  UsartDriver.o [1]
HEAP$$Base              0x20001508           --   Gb  - Linker created -
HEAP$$Limit             0x20002508           --   Gb  - Linker created -
HMI_ExecInstruction     0x0800b73f   0x122  Code  Gb  HMI.o [1]
HMI_SendInstruction     0x0800b56d    0x4e  Code  Lc  HMI.o [1]
HighSpeedDeviceTask_1   0x080038b5    0x9c  Code  Gb  freertos.o [1]
HighSpeedDeviceTask_1_Handle
                        0x2000b150     0x4  Data  Gb  freertos.o [1]
HighSpeedDeviceTask_2   0x08003951    0x90  Code  Gb  freertos.o [1]
HighSpeedDeviceTask_2_Handle
                        0x2000b154     0x4  Data  Gb  freertos.o [1]
HighSpeedTimer          0x2000b160     0x4  Data  Gb  freertos.o [1]
HighSpeedTimerTask      0x08003821    0x92  Code  Gb  freertos.o [1]
Humidity                0x2000b1a4     0x4  Data  Gb  SHT2x.o [1]
InfSetAdd               0x08004d61    0xba  Code  Gb  board.o [1]
InfSet_1                0x20009d08   0x7a0  Data  Gb  board.o [1]
JIAMI                   0x080055b5    0x44  Code  Gb  CRC_JIAMI.o [1]
JIAMI_Table             0x20000068     0xc  Data  Gb  CRC_JIAMI.o [1]
JIEMI                   0x080055f9    0x44  Code  Gb  CRC_JIAMI.o [1]
JIEMI_Table             0x20000074     0xc  Data  Gb  CRC_JIAMI.o [1]
LL_SHT2x_Delay          0x08009e35    0x1a  Code  Gb  SHT2x.o [1]
LL_SHT2x_GetSerialNumber
                        0x0800a261    0xce  Code  Gb  SHT2x.o [1]
LL_SHT2x_I2cAcknowledge
                        0x08009f8b    0x42  Code  Gb  SHT2x.o [1]
LL_SHT2x_I2cNoAcknowledge
                        0x08009fcd    0x42  Code  Gb  SHT2x.o [1]
LL_SHT2x_I2cReadByte    0x0800a00f    0x72  Code  Gb  SHT2x.o [1]
LL_SHT2x_I2cStartCondition
                        0x08009eeb    0x50  Code  Gb  SHT2x.o [1]
LL_SHT2x_I2cStopCondition
                        0x08009f3b    0x50  Code  Gb  SHT2x.o [1]
LL_SHT2x_I2cWriteByte   0x0800a081    0xa8  Code  Gb  SHT2x.o [1]
LL_SHT2x_Init           0x08009e4f    0x40  Code  Gb  SHT2x.o [1]
LL_SHT2x_MeasureHumiPoll
                        0x0800a1a7    0x7e  Code  Gb  SHT2x.o [1]
LL_SHT2x_MeasureTempPoll
                        0x0800a129    0x7e  Code  Gb  SHT2x.o [1]
LL_SHT2x_SCL_OUTPUT     0x08009e8f    0x20  Code  Gb  SHT2x.o [1]
LL_SHT2x_SDA_INPUT      0x08009ecf    0x1c  Code  Gb  SHT2x.o [1]
LL_SHT2x_SDA_OUTPUT     0x08009eaf    0x20  Code  Gb  SHT2x.o [1]
LL_SHT2x_SoftReset      0x0800a249    0x18  Code  Gb  SHT2x.o [1]
LoadInt                 0x0800077f    0x6e  Code  Lc  xprintffull.o [3]
LowSpeedDeviceTask_1    0x080039e1    0x22  Code  Gb  freertos.o [1]
LowSpeedDeviceTask_1_Handle
                        0x2000b15c     0x4  Data  Gb  freertos.o [1]
LowSpeedDeviceTask_2    0x08003a03   0x16c  Code  Gb  freertos.o [1]
LowSpeedDeviceTask_2_Handle
                        0x2000b158     0x4  Data  Gb  freertos.o [1]
LowSpeedTimer           0x2000b164     0x4  Data  Gb  freertos.o [1]
LowSpeedTimerTask       0x080038b3     0x2  Code  Gb  freertos.o [1]
MX_CAN_Init             0x08007159    0x5c  Code  Gb  can.o [1]
MX_DAC_Init             0x08007269    0x46  Code  Gb  dac.o [1]
MX_FREERTOS_Init        0x080036ed   0x11c  Code  Gb  freertos.o [1]
MX_GPIO_Init            0x08006fad   0x1ac  Code  Gb  gpio.o [1]
MX_SDIO_SD_Init         0x080072f9    0x2c  Code  Gb  sdio.o [1]
MX_SPI1_Init            0x08005a01    0x5e  Code  Gb  spi.o [1]
MX_SPI2_Init            0x08005a5f    0x5e  Code  Gb  spi.o [1]
MX_TIM1_Init            0x0800732d   0x12a  Code  Gb  tim.o [1]
MX_TIM2_Init            0x08007457    0xe8  Code  Gb  tim.o [1]
MX_TIM4_Init            0x0800753f    0xf8  Code  Gb  tim.o [1]
MX_TIM6_Init            0x08007637    0x56  Code  Gb  tim.o [1]
MX_TIM7_Init            0x0800768d    0x4a  Code  Gb  tim.o [1]
MX_TIM8_Init            0x080076d7    0xd0  Code  Gb  tim.o [1]
NVIC_DisableIRQ         0x08006bbd    0x14  Code  Lc  stm32f1xx_hal_cortex.o [1]
NVIC_EnableIRQ          0x08006ba9    0x14  Code  Lc  stm32f1xx_hal_cortex.o [1]
NVIC_EncodePriority     0x08006bf7    0x3e  Code  Lc  stm32f1xx_hal_cortex.o [1]
NVIC_GetPriorityGrouping
                        0x08006b9f     0xa  Code  Lc  stm32f1xx_hal_cortex.o [1]
NVIC_SetPriority        0x08006bd1    0x26  Code  Lc  stm32f1xx_hal_cortex.o [1]
NVIC_SetPriorityGrouping
                        0x08006b81    0x1e  Code  Lc  stm32f1xx_hal_cortex.o [1]
PageAll                 0x20000138    0xe4  Data  Gb  HMI.o [1]
PendSV_Handler          0x08002e09          Code  Gb  portasm.o [1]
Port_RecvDataIT         0x0800ad31    0x12  Code  Gb  UsartDriver.o [1]
Port_SendDataIT         0x0800ad19    0x18  Code  Gb  UsartDriver.o [1]
Port_SerialInit         0x0800ad43     0x4  Code  Gb  UsartDriver.o [1]
PostSleepProcessing     0x080036eb     0x2  Code  Gb  freertos.o [1]
PreSleepProcessing      0x080036e9     0x2  Code  Gb  freertos.o [1]
RTC_init                0x0800be89    0x10  Code  Lc  DS1307.o [1]
Recvd                   0x2000b201     0x1  Data  Lc  UsartDriver.o [1]
Region$$Table$$Base     0x0800cfbc           --   Gb  - Linker created -
Region$$Table$$Limit    0x0800cfdc           --   Gb  - Linker created -
RelayArray              0x0800cf64    0x30  Data  Gb  relay.o [1]
RelayState              0x2000b138     0x8  Data  Lc  relay.o [1]
SDIO_IRQHandler         0x0800cdab     0xa  Code  Gb  stm32f1xx_it.o [1]
SHT20                   0x2000033c    0x40  Data  Gb  SHT2x.o [1]
SI4463Mutex             0x2000b168     0x4  Data  Gb  freertos.o [1]
SI4463_Delay            0x0800bf11    0x1a  Code  Gb  si446x.o [1]
SI446X_CHANGE_STATE     0x0800c3f5    0x1a  Code  Gb  si446x.o [1]
SI446X_CMD              0x0800bf9b    0x52  Code  Gb  si446x.o [1]
SI446X_CONFIG_INIT      0x0800c0e1    0x4c  Code  Gb  si446x.o [1]
SI446X_GET_DEVICE_STATE
                        0x0800c423    0x22  Code  Gb  si446x.o [1]
SI446X_GPIO_CONFIG      0x0800c3a1    0x54  Code  Gb  si446x.o [1]
SI446X_INT_STATUS       0x0800c047    0x38  Code  Gb  si446x.o [1]
SI446X_READ_PACKET      0x0800c259    0x54  Code  Gb  si446x.o [1]
SI446X_READ_RESPONSE    0x0800bfed    0x5a  Code  Gb  si446x.o [1]
SI446X_RESET            0x0800c0af    0x32  Code  Gb  si446x.o [1]
SI446X_RX_FIFO_RESET    0x0800c371    0x18  Code  Gb  si446x.o [1]
SI446X_SEND_PACKET      0x0800c12d    0xb2  Code  Gb  si446x.o [1]
SI446X_SET_POWER        0x0800c40f    0x14  Code  Gb  si446x.o [1]
SI446X_SET_PROPERTY_1   0x0800c07f    0x30  Code  Gb  si446x.o [1]
SI446X_START_RX         0x0800c2c1    0xb0  Code  Gb  si446x.o [1]
SI446X_START_TX         0x0800c1df    0x7a  Code  Gb  si446x.o [1]
SI446X_TX_FIFO_RESET    0x0800c389    0x18  Code  Gb  si446x.o [1]
SI446X_WAIT_CTS         0x0800bf3d    0x5e  Code  Gb  si446x.o [1]
SPI1_IRQHandler         0x0800cd79     0xa  Code  Gb  stm32f1xx_it.o [1]
SPI2_IRQHandler         0x0800cd83     0xa  Code  Gb  stm32f1xx_it.o [1]
SPI_WaitOnFlagUntilTimeout
                        0x08006689    0xf2  Code  Lc  stm32f1xx_hal_spi.o [1]
SVC_Handler             0x08002e5b          Code  Gb  portasm.o [1]
SaveHMIValue            0x0800b5bb    0xd2  Code  Lc  HMI.o [1]
SerialInit_Basic        0x0800a453    0x48  Code  Gb  SerialDriver.o [1]
SerialInit_OS           0x0800a98d    0x18  Code  Gb  SerialDriver_OS.o [1]
SerialNotify            0x0800a7b5    0x7a  Code  Lc  SerialDriver.o [1]
SerialNotifyHook        0x0800aa1f     0xe  Code  Gb  SerialDriver_OS.o [1]
SerialRecvProcessIT     0x0800a6af   0x106  Code  Gb  SerialDriver.o [1]
SerialRecv_Basic        0x0800a64b    0x64  Code  Gb  SerialDriver.o [1]
SerialRecv_OS           0x0800a9dd    0x42  Code  Gb  SerialDriver_OS.o [1]
SerialSendProcessIT     0x0800a577    0xd4  Code  Gb  SerialDriver.o [1]
SerialSend_Basic        0x0800a49b    0xdc  Code  Gb  SerialDriver.o [1]
SerialSend_OS           0x0800a9a5    0x38  Code  Gb  SerialDriver_OS.o [1]
SerialTCB_Usart2        0x2000a8e0   0x128  Data  Lc  UsartDriver.o [1]
SuspendList             0x2000aa08    0xa0  Data  Gb  SerialDriver.o [1]
SuspendListAdd          0x0800a82f    0xba  Code  Lc  SerialDriver.o [1]
SuspendListCheck        0x0800a8e9    0x96  Code  Lc  SerialDriver.o [1]
SyncPage                0x0800b68d    0xb2  Code  Lc  HMI.o [1]
SysTick_Config          0x08006c35    0x30  Code  Lc  stm32f1xx_hal_cortex.o [1]
SysTick_Handler         0x0800cd21     0x8  Code  Gb  stm32f1xx_it.o [1]
SystemClock_Config      0x08006ad1    0x94  Code  Gb  main.o [1]
SystemCoreClock         0x2000037c     0x4  Data  Gb  system_stm32f1xx.o [1]
SystemInit              0x0800cebd    0x4e  Code  Gb  system_stm32f1xx.o [1]
TIM1_UP_IRQHandler      0x0800cd5b     0xa  Code  Gb  stm32f1xx_it.o [1]
TIM2_IRQHandler         0x0800cd65     0xa  Code  Gb  stm32f1xx_it.o [1]
TIM3_IRQHandler         0x0800cd6f     0xa  Code  Gb  stm32f1xx_it.o [1]
TIM6_IRQHandler         0x0800cdb5     0xa  Code  Gb  stm32f1xx_it.o [1]
TIM7_IRQHandler         0x0800cdbf     0xa  Code  Gb  stm32f1xx_it.o [1]
TIM_Base_SetConfig      0x08008883    0x88  Code  Gb  stm32f1xx_hal_tim.o [1]
TIM_ETR_SetConfig       0x08008b51    0x1c  Code  Lc  stm32f1xx_hal_tim.o [1]
TIM_ITRx_SetConfig      0x08008b3b    0x16  Code  Lc  stm32f1xx_hal_tim.o [1]
TIM_OC1_SetConfig       0x0800890b    0x72  Code  Lc  stm32f1xx_hal_tim.o [1]
TIM_OC2_SetConfig       0x0800897d    0x7c  Code  Gb  stm32f1xx_hal_tim.o [1]
TIM_OC3_SetConfig       0x080089f9    0x7a  Code  Lc  stm32f1xx_hal_tim.o [1]
TIM_OC4_SetConfig       0x08008a73    0x58  Code  Lc  stm32f1xx_hal_tim.o [1]
TIM_TI1_ConfigInputStage
                        0x08008ae1    0x2c  Code  Lc  stm32f1xx_hal_tim.o [1]
TIM_TI2_ConfigInputStage
                        0x08008b0d    0x2e  Code  Lc  stm32f1xx_hal_tim.o [1]
TempRx                  0x2000b1fe     0x1  Data  Lc  SerialDriver.o [1]
Temperature             0x2000b1a0     0x4  Data  Gb  SHT2x.o [1]
Timeout                 0x2000b202     0x1  Data  Lc  UsartDriver.o [1]
UART_EndTransmit_IT     0x0800b2d7    0x30  Code  Lc  stm32f1xx_hal_uart.o [1]
UART_Receive_IT         0x0800b307    0xc4  Code  Lc  stm32f1xx_hal_uart.o [1]
UART_SetConfig          0x0800b3cb   0x198  Code  Lc  stm32f1xx_hal_uart.o [1]
UART_Transmit_IT        0x0800b25d    0x7a  Code  Lc  stm32f1xx_hal_uart.o [1]
USART1_IRQHandler       0x0800cd8d     0xa  Code  Gb  stm32f1xx_it.o [1]
USART2_IRQHandler       0x0800cd97     0xa  Code  Gb  stm32f1xx_it.o [1]
USART3_IRQHandler       0x0800cda1     0xa  Code  Gb  stm32f1xx_it.o [1]
USB_HP_CAN1_TX_IRQHandler
                        0x0800cd33     0xa  Code  Gb  stm32f1xx_it.o [1]
USB_LP_CAN1_RX0_IRQHandler
                        0x0800cd3d     0xa  Code  Gb  stm32f1xx_it.o [1]
Uart2Buf                0x2000aaa8    0x64  Data  Lc  UsartDriver.o [1]
Uart2BufIndex           0x2000b200     0x1  Data  Lc  UsartDriver.o [1]
Usart2RxMutex           0x2000b174     0x4  Data  Gb  freertos.o [1]
Usart2TxMutex           0x2000b170     0x4  Data  Gb  freertos.o [1]
_EncodingSb_Mbtowc      0x08001f07    0x30  Code  Gb  xencoding_sb.o [3]
_EncodingSb_Wctomb      0x08001eed    0x1a  Code  Gb  xencoding_sb.o [3]
_GenldFull              0x08001003   0x24c  Code  Lc  xprintffull.o [3]
_IsdstStr               0x20000490     0x4  Data  Gb  setlocale.o [3]
_LdtobFull              0x08000c01   0x3fc  Code  Lc  xprintffull.o [3]
_LitobFull              0x08000af9   0x106  Code  Lc  xprintffull.o [3]
_LocaleC_isspace        0x08009149    0x14  Code  Gb  xlocale_c.o [3]
_LocaleC_tolower        0x0800915d     0xc  Code  Gb  xlocale_c.o [3]
_LocaleEncoding         0x08001edb     0xe  Code  Gb  setlocale.o [3]
_LocaleForCat           0x08001ec9    0x12  Code  Gb  setlocale.o [3]
_LocaleReturnString     0x200004b0    0x50  Data  Lc  setlocale.o [3]
_Locale_Profile         0x20000494    0x1c  Data  Gb  setlocale.o [3]
_Locale_aeabi_lconv     0x20000450    0x38  Data  Gb  localeconv.o [3]
_Locale_lconv           0x20000400    0x50  Data  Gb  localeconv.o [3]
_Mbtowc                 0x08001297    0x20  Code  Gb  xmbtowc.o [3]
_PrintfFull             0x08000131   0x638  Code  Gb  xprintffull.o [3]
_PutcharsFull           0x0800124f    0x2e  Code  Lc  xprintffull.o [3]
_PutstrFull             0x080007ed   0x306  Code  Lc  xprintffull.o [3]
_SProut                 0x08001343     0xa  Code  Gb  xsprout.o [3]
_TzoneStr               0x2000048c     0x4  Data  Gb  setlocale.o [3]
_Wctomb                 0x08001499    0x1a  Code  Gb  xwctomb.o [3]
__aeabi_cdcmple         0x080016dd          Code  Gb  DblCmpLe.o [4]
__aeabi_cdrcmple        0x0800170d          Code  Gb  DblCmpGe.o [4]
__aeabi_d2f             0x0800a351          Code  Gb  DblToFlt.o [4]
__aeabi_d2iz            0x08001849          Code  Gb  DblToI32.o [4]
__aeabi_d2uiz           0x08001875          Code  Gb  DblToI32.o [4]
__aeabi_dadd            0x08001f7d          Code  Gb  DblAdd.o [4]
__aeabi_ddiv            0x08001bf5          Code  Gb  DblDiv.o [4]
__aeabi_dmul            0x08001a51          Code  Gb  DblMul.o [4]
__aeabi_dsub            0x080018d1          Code  Gb  DblSub.o [4]
__aeabi_errno_addr      0x08008b95     0x6  Code  Gb  errno.o [3]
__aeabi_f2d             0x08004f71          Code  Gb  FltToDbl.o [4]
__aeabi_fsub            0x08004e89          Code  Gb  FltSub.o [4]
__aeabi_i2d             0x080018a1          Code  Gb  I32ToDbl.o [4]
__aeabi_ldiv0           0x08001f79          Code  Gb  I64DivZer.o [5]
__aeabi_memclr4         0x08005321          Code  Gb  ABImemclr4.o [5]
__aeabi_memset          0x08003e71          Code  Gb  ABImemset.o [5]
__aeabi_ui2d            0x080018b5          Code  Gb  I32ToDbl.o [4]
__aeabi_ui2f            0x0800a331          Code  Gb  I32ToFlt.o [4]
__aeabi_uldivmod        0x080015ad          Code  Gb  I64DivMod.o [5]
__cmain                 0x0800cfdd          Code  Gb  cmain.o [5]
__data_Aldata           0x2000b140     0x8  Data  Gb  xxmemxmalloc.o [3]
__data_GetMemChunk      0x08001f4d    0x2c  Code  Gb  xgetmemchunk.o [3]
__exit                  0x0800d00d    0x14  Code  Gb  exit.o [6]
__iar_Dnorm             0x0800169b    0x42  Code  Gb  xdnorm.o [4]
__iar_Dscale            0x0800173d   0x10c  Code  Gb  xdscale.o [4]
__iar_Errno             0x20000488     0x4  Data  Gb  errno.o [3]
__iar_Locale_lconv_init
                        0x08001e4d    0x3a  Code  Gb  localeconv.o [3]
__iar_Mbcurmax          0x080013dd     0xa  Code  Gb  xmbcurmax.o [3]
__iar_Memchr            0x08001385          Code  Gb  memchr.o [5]
__iar_Memset            0x08003e71          Code  Gb  ABImemset.o [5]
__iar_Memset4_word      0x080059cd          Code  Gb  ABImemset48.o [5]
__iar_Memset8_word      0x080059cd          Code  Gb  ABImemset48.o [5]
__iar_Memset_word       0x08003e79          Code  Gb  ABImemset.o [5]
__iar_Stoul             0x08006f59     0x4  Code  Gb  xstoul.o [3]
__iar_Stoulx            0x08006e15   0x13e  Code  Gb  xstoul.o [3]
__iar_Strchr            0x0800132d          Code  Gb  strchr.o [5]
__iar_d2uiz             0x08001881          Code  Gb  DblToI32.o [4]
__iar_dadd              0x08001f91          Code  Gb  DblAdd.o [4]
__iar_data_init3        0x0800cf95    0x28  Code  Gb  data_init.o [5]
__iar_dlib_perthread_access
                        0x08002065     0x2  Code  Gb  xtls.o [3]
__iar_dsub              0x080018e5          Code  Gb  DblSub.o [4]
__iar_dsubStart         0x080018f7          Code  Gb  DblSub.o [4]
__iar_fadd              0x08005541          Code  Gb  FltAdd.o [4]
__iar_fsub              0x08004e99          Code  Gb  FltSub.o [4]
__iar_fsubStart         0x08004ea9          Code  Gb  FltSub.o [4]
__iar_lz77_init_single3
                        0x080012b7    0x76  Code  Gb  lz77_init_single.o [5]
__iar_program_start     0x0800d1ed          Code  Gb  cstartup_M.o [5]
__iar_ui2d              0x080018b9          Code  Gb  I32ToDbl.o [4]
__iar_ui2f              0x0800a335          Code  Gb  I32ToFlt.o [4]
__iar_unaligned___aeabi_memcpy
                        0x080014b5          Code  Gb  ABImemcpy_unaligned.o [5]
__iar_unaligned___aeabi_memcpy4
                        0x080014d5          Code  Gb  ABImemcpy_unaligned.o [5]
__iar_unaligned___aeabi_memcpy8
                        0x080014d5          Code  Gb  ABImemcpy_unaligned.o [5]
__iar_unaligned_strcmp  0x0800536d          Code  Gb  strcmp_unaligned.o [5]
__iar_unaligned_strcpy  0x08005329          Code  Gb  strcpy_unaligned.o [5]
__iar_zero_init3        0x0800cf25    0x40  Code  Gb  zero_init3.o [5]
__low_level_init        0x0800cff7     0x4  Code  Gb  low_level_init.o [3]
__vector_table          0x08000000          Data  Gb  startup_stm32f103xe.o [1]
_call_main              0x0800cfe9          Code  Gb  cmain.o [5]
_exit                   0x0800d001          Code  Gb  cexit.o [5]
_main                   0x0800cff3          Code  Gb  cmain.o [5]
ack_handle              0x080059c9     0x2  Code  Gb  Handle.o [1]
alarm_handle            0x08005801     0x2  Code  Gb  Handle.o [1]
atoi                    0x080067d5     0x8  Code  Gb  atoi.o [3]
board                   0x20000040    0x28  Data  Gb  board.o [1]
board_device_list_add   0x08004bb5    0xe2  Code  Gb  board.o [1]
board_device_list_exit  0x08004d09    0x58  Code  Gb  board.o [1]
board_device_list_opera
                        0x08004c97    0x72  Code  Gb  board.o [1]
board_init              0x08004e21    0x38  Code  Gb  board.o [1]
board_sync_device       0x08004b2d    0x88  Code  Gb  board.o [1]
caution                 0x2000b030    0x2c  Data  Lc  Alarm.o [1]
config_table_1k         0x0800cbb4   0x16c  Data  Gb  si446x.o [1]
d_ADC_Key               0x20000244    0x40  Data  Gb  Key.o [1]
d_ADC_Key_Close         0x08009b9b    0x18  Code  Gb  Key.o [1]
d_ADC_Key_Command       0x08009bc7    0x18  Code  Gb  Key.o [1]
d_ADC_Key_Detect        0x08009bb3    0x14  Code  Gb  Key.o [1]
d_ADC_Key_Gets          0x08009c11    0x24  Code  Gb  Key.o [1]
d_ADC_Key_Open          0x08009acb    0xd0  Code  Gb  Key.o [1]
d_ADC_Key_Puts          0x08009bf7    0x1a  Code  Gb  Key.o [1]
d_ADC_Key_Set           0x08009bdf    0x18  Code  Gb  Key.o [1]
d_ADC_Key_TimingProcess
                        0x08009c35    0x20  Code  Gb  Key.o [1]
d_ADC_Key_process_it    0x08009c55    0x46  Code  Gb  Key.o [1]
d_close_SHT20           0x08009ce5    0x26  Code  Gb  SHT2x.o [1]
d_close_relay           0x0800688b    0x1e  Code  Lc  relay.o [1]
d_close_si4463          0x0800c4a5    0x26  Code  Lc  RF4463.o [1]
d_close_usart_1         0x0800ab3b    0x26  Code  Gb  UsartDriver.o [1]
d_close_usart_2         0x0800ae13    0x1e  Code  Gb  UsartDriver.o [1]
d_command_SHT20         0x08009d2b    0x24  Code  Gb  SHT2x.o [1]
d_command_relay         0x080068bd    0x58  Code  Lc  relay.o [1]
d_command_si4463        0x0800c4eb    0x24  Code  Lc  RF4463.o [1]
d_command_usart_1       0x0800ab79    0x1c  Code  Gb  UsartDriver.o [1]
d_command_usart_2       0x0800ae45    0x18  Code  Gb  UsartDriver.o [1]
d_detect_SHT20          0x08009d0b    0x20  Code  Gb  SHT2x.o [1]
d_detect_relay          0x080068a9    0x14  Code  Lc  relay.o [1]
d_detect_si4463         0x0800c4cb    0x20  Code  Lc  RF4463.o [1]
d_detect_usart_1        0x0800ab61    0x18  Code  Gb  UsartDriver.o [1]
d_detect_usart_2        0x0800ae31    0x14  Code  Gb  UsartDriver.o [1]
d_gets_SHT20            0x08009dc1    0x26  Code  Gb  SHT2x.o [1]
d_gets_relay            0x08006977    0x1a  Code  Lc  relay.o [1]
d_gets_si4463           0x0800c6b3   0x160  Code  Lc  RF4463.o [1]
d_gets_usart_1          0x0800abdd    0x2c  Code  Gb  UsartDriver.o [1]
d_gets_usart_2          0x0800aead    0x34  Code  Gb  UsartDriver.o [1]
d_open_SHT20            0x08009cb9    0x2c  Code  Gb  SHT2x.o [1]
d_open_relay            0x0800682d    0x5e  Code  Lc  relay.o [1]
d_open_si4463           0x0800c445    0x60  Code  Lc  RF4463.o [1]
d_open_usart_1          0x0800aa2d   0x10e  Code  Gb  UsartDriver.o [1]
d_open_usart_2          0x0800ad47    0xcc  Code  Gb  UsartDriver.o [1]
d_process_it_SHT20      0x08009e0d    0x26  Code  Gb  SHT2x.o [1]
d_process_it_relay      0x080069ab    0x1a  Code  Lc  relay.o [1]
d_process_it_si4463     0x0800c855    0x22  Code  Lc  RF4463.o [1]
d_process_it_usart_1    0x0800ac83    0x96  Code  Gb  UsartDriver.o [1]
d_process_it_usart_2    0x0800aefb    0x2e  Code  Gb  UsartDriver.o [1]
d_puts_SHT20            0x08009d9b    0x26  Code  Gb  SHT2x.o [1]
d_puts_relay            0x0800695d    0x1a  Code  Lc  relay.o [1]
d_puts_si4463           0x0800c533   0x180  Code  Lc  RF4463.o [1]
d_puts_usart_1          0x0800abb1    0x2c  Code  Gb  UsartDriver.o [1]
d_puts_usart_2          0x0800ae75    0x38  Code  Gb  UsartDriver.o [1]
d_set_SHT20             0x08009d4f    0x4c  Code  Gb  SHT2x.o [1]
d_set_relay             0x08006915    0x48  Code  Lc  relay.o [1]
d_set_si4463            0x0800c50f    0x24  Code  Lc  RF4463.o [1]
d_set_usart_1           0x0800ab95    0x1c  Code  Gb  UsartDriver.o [1]
d_set_usart_2           0x0800ae5d    0x18  Code  Gb  UsartDriver.o [1]
d_timing_proceee_SHT20  0x08009de7    0x26  Code  Gb  SHT2x.o [1]
d_timing_proceee_relay  0x08006991    0x1a  Code  Lc  relay.o [1]
d_timing_proceee_si4463
                        0x0800c813    0x42  Code  Lc  RF4463.o [1]
d_timing_proceee_usart_1
                        0x0800ac09    0x7a  Code  Gb  UsartDriver.o [1]
d_timing_proceee_usart_2
                        0x0800aee1    0x1a  Code  Gb  UsartDriver.o [1]
data_recv_process       0x080052a9    0x46  Code  Gb  DataTransfer.o [1]
data_tran_handle        0x080057ff     0x2  Code  Gb  Handle.o [1]
device_add              0x080053cd    0x26  Code  Gb  DeviceModule.o [1]
device_find_local       0x080053f3    0x2c  Code  Gb  DeviceModule.o [1]
digits                  0x08006f5c    0x28  Data  Lc  xstoul.o [3]
div                     0x08001eb9     0xe  Code  Gb  div.o [3]
ds1307_Read             0x0800bed9    0x38  Code  Lc  DS1307.o [1]
ds1307_Write            0x0800be99    0x40  Code  Lc  DS1307.o [1]
eTaskConfirmSleepModeStatus
                        0x080029c3    0x3c  Code  Gb  tasks.o [1]
exit                    0x0800cffb     0x4  Code  Gb  exit.o [3]
frame_rx                0x200000a0     0x4  Data  Gb  DataTransfer.o [1]
free                    0x0800152d    0x7a  Code  Gb  xxmemxfree.o [3]
hadc1                   0x2000b000    0x30  Data  Gb  adc.o [1]
hcan                    0x2000ac1c    0x40  Data  Gb  can.o [1]
hdac                    0x2000b07c    0x14  Data  Gb  dac.o [1]
hsd                     0x2000ab0c    0x60  Data  Gb  sdio.o [1]
hspi1                   0x2000ab6c    0x58  Data  Gb  spi.o [1]
hspi2                   0x2000abc4    0x58  Data  Gb  spi.o [1]
htim1                   0x2000ae98    0x3c  Data  Gb  tim.o [1]
htim2                   0x2000aed4    0x3c  Data  Gb  tim.o [1]
htim3                   0x2000ae5c    0x3c  Data  Gb  stm32f1xx_hal_timebase_TIM.o [1]
htim4                   0x2000af10    0x3c  Data  Gb  tim.o [1]
htim6                   0x2000af4c    0x3c  Data  Gb  tim.o [1]
htim7                   0x2000af88    0x3c  Data  Gb  tim.o [1]
htim8                   0x2000afc4    0x3c  Data  Gb  tim.o [1]
huart1                  0x2000addc    0x40  Data  Gb  UsartDriver.o [1]
huart2                  0x2000ae1c    0x40  Data  Gb  UsartDriver.o [1]
huart3                  0x2000ad9c    0x40  Data  Gb  usart.o [1]
inHandlerMode           0x08004703    0x12  Code  Lc  cmsis_os.o [1]
isspace                 0x08008b6d    0x14  Code  Gb  isxxx.o [3]
localeconv              0x08001e87    0x16  Code  Gb  localeconv.o [3]
main                    0x08006a8d    0x44  Code  Gb  main.o [1]
makeFreeRtosPriority    0x080046f1    0x12  Code  Lc  cmsis_os.o [1]
malloc                  0x080013e9    0xac  Code  Gb  xxmemxmalloc.o [3]
memchr                  0x08001385          Code  Gb  memchr.o [5]
ndigs                   0x08006f84    0x28  Data  Lc  xstoul.o [3]
operation_handle        0x08005759    0xa6  Code  Gb  Handle.o [1]
ops                     0x200000a4    0x20  Data  Gb  DataTransfer.o [1]
osDelay                 0x08004759    0x1c  Code  Gb  cmsis_os.o [1]
osKernelStart           0x08004715     0xa  Code  Gb  cmsis_os.o [1]
osMutexCreate           0x08004807     0xc  Code  Gb  cmsis_os.o [1]
osMutexRelease          0x08004891    0x4c  Code  Gb  cmsis_os.o [1]
osMutexWait             0x08004813    0x7e  Code  Gb  cmsis_os.o [1]
osSystickHandler        0x080048e1    0x10  Code  Gb  cmsis_os.o [1]
osThreadCreate          0x0800471f    0x3a  Code  Gb  cmsis_os.o [1]
osTimerCreate           0x08004775    0x26  Code  Gb  cmsis_os.o [1]
osTimerStart            0x0800479b    0x6c  Code  Gb  cmsis_os.o [1]
p_close_spi_1           0x08005449    0x18  Code  Gb  DeviceModule.o [1]
p_ioctl_spi_1           0x08005461    0x20  Code  Gb  DeviceModule.o [1]
p_open_spi_1            0x0800541f    0x2a  Code  Gb  DeviceModule.o [1]
p_read_spi_1            0x08005481    0x3c  Code  Gb  DeviceModule.o [1]
p_rw_spi_1              0x080054f5    0x36  Code  Gb  DeviceModule.o [1]
p_write_spi_1           0x080054bd    0x38  Code  Gb  DeviceModule.o [1]
pcInterruptPriorityRegisters
                        0x0800d2a4     0x4  Data  Lc  port.o [1]
prvAddCurrentTaskToDelayedList
                        0x08002b29    0x4a  Code  Lc  tasks.o [1]
prvAllocateTCBAndStack  0x08002b73    0x5a  Code  Lc  tasks.o [1]
prvCheckForValidListAndQueue
                        0x08003665    0x5a  Code  Lc  timers.o [1]
prvCheckTasksWaitingTermination
                        0x08002ac3    0x66  Code  Lc  tasks.o [1]
prvCopyDataFromQueue    0x080045a5    0x30  Code  Lc  queue.o [1]
prvCopyDataToQueue      0x0800450d    0x98  Code  Lc  queue.o [1]
prvDeleteTCB            0x08002bcd    0x12  Code  Lc  tasks.o [1]
prvGetExpectedIdleTime  0x0800241d    0x34  Code  Lc  tasks.o [1]
prvGetNextExpireTime    0x0800346f    0x2e  Code  Lc  timers.o [1]
prvHeapInit             0x08003d81    0x6e  Code  Lc  heap_4.o [1]
prvIdleTask             0x08002971    0x52  Code  Lc  tasks.o [1]
prvInitialiseTCBVariables
                        0x080029ff    0x6c  Code  Lc  tasks.o [1]
prvInitialiseTaskLists  0x08002a6b    0x58  Code  Lc  tasks.o [1]
prvInsertBlockIntoFreeList
                        0x08003def    0x62  Code  Lc  heap_4.o [1]
prvInsertTimerInActiveList
                        0x080034c5    0x50  Code  Lc  timers.o [1]
prvIsQueueEmpty         0x0800463f    0x20  Code  Lc  queue.o [1]
prvIsQueueFull          0x0800465f    0x22  Code  Lc  queue.o [1]
prvProcessExpiredTimer  0x080033a1    0x50  Code  Lc  timers.o [1]
prvProcessReceivedCommands
                        0x08003515    0xca  Code  Lc  timers.o [1]
prvProcessTimerOrBlockTask
                        0x0800340b    0x64  Code  Lc  timers.o [1]
prvResetNextTaskUnblockTime
                        0x08002bdf    0x2a  Code  Lc  tasks.o [1]
prvSampleTimeNow        0x0800349d    0x28  Code  Lc  timers.o [1]
prvSwitchTimerLists     0x080035df    0x86  Code  Lc  timers.o [1]
prvTaskExitError        0x08002eb9    0x18  Code  Lc  port.o [1]
prvTaskIsTaskSuspended  0x080022f1    0x34  Code  Lc  tasks.o [1]
prvTimerTask            0x080033f1    0x1a  Code  Lc  timers.o [1]
prvUnlockQueue          0x080045d5    0x6a  Code  Lc  queue.o [1]
pvPortMalloc            0x08003c19   0x104  Code  Gb  heap_4.o [1]
pvTaskIncrementMutexHeldCount
                        0x08002da5    0x1e  Code  Gb  tasks.o [1]
pxCurrentTCB            0x2000b1ac     0x4  Data  Gb  tasks.o [1]
pxCurrentTimerList      0x2000b1e4     0x4  Data  Lc  timers.o [1]
pxDelayedTaskList       0x2000b1b0     0x4  Data  Lc  tasks.o [1]
pxEnd                   0x2000b178     0x4  Data  Lc  heap_4.o [1]
pxOverflowDelayedTaskList
                        0x2000b1b4     0x4  Data  Lc  tasks.o [1]
pxOverflowTimerList     0x2000b1e8     0x4  Data  Lc  timers.o [1]
pxPortInitialiseStack   0x08002e9d    0x1c  Code  Gb  port.o [1]
pxReadyTasksLists       0x2000a4a8   0x280  Data  Lc  tasks.o [1]
relay                   0x20000290    0x40  Data  Gb  relay.o [1]
rx_buffer               0x2000ac5c    0x40  Data  Gb  DataTransfer.o [1]
send_alarm              0x0800509b    0x20  Code  Gb  DataTransfer.o [1]
send_data               0x08004fc1    0xbe  Code  Gb  DataTransfer.o [1]
send_datatran           0x0800526f    0x1a  Code  Gb  DataTransfer.o [1]
send_operation          0x08005289    0x20  Code  Gb  DataTransfer.o [1]
send_sync               0x080050bb    0x90  Code  Gb  DataTransfer.o [1]
send_sync_time          0x0800514b    0xbc  Code  Gb  DataTransfer.o [1]
si4463                  0x200002dc    0x40  Data  Gb  RF4463.o [1]
spi_1                   0x200000c4    0x34  Data  Gb  DeviceModule.o [1]
sprintf                 0x08005725    0x34  Code  Gb  sprintf.o [3]
strcat                  0x080053af    0x1c  Code  Gb  strcat.o [3]
strchr                  0x0800132d          Code  Gb  strchr.o [5]
strlen                  0x0800134d          Code  Gb  strlen.o [5]
sync_handle             0x08005803   0x198  Code  Gb  Handle.o [1]
sync_send_TH            0x08005207    0x68  Code  Gb  DataTransfer.o [1]
tolower                 0x08008b81    0x14  Code  Gb  tolower.o [3]
tx_buffer               0x2000ac9c    0x40  Data  Gb  DataTransfer.o [1]
uCRCErrorWorkaroundCheck
                        0x2000b1ff     0x1  Data  Gb  stm32f1xx_hal_spi_ex.o [1]
ucHeap                  0x20002508  0x7800  Data  Lc  heap_4.o [1]
ucMaxSysCallPriority    0x2000b1fc     0x1  Data  Lc  port.o [1]
ulMaxPRIGROUPValue      0x2000b194     0x4  Data  Lc  port.o [1]
ulPortSetInterruptMask  0x08002e47          Code  Gb  portasm.o [1]
ulStoppedTimerCompensation
                        0x2000b190     0x4  Data  Lc  port.o [1]
ulTimerCountsForOneTick
                        0x2000b188     0x4  Data  Lc  port.o [1]
usart_1                 0x20000380    0x40  Data  Gb  UsartDriver.o [1]
usart_2                 0x200003c0    0x40  Data  Gb  UsartDriver.o [1]
uwTick                  0x2000b1a8     0x4  Data  Lc  stm32f1xx_hal.o [1]
uxCriticalNesting       0x20000284     0x4  Data  Lc  port.o [1]
uxCurrentNumberOfTasks  0x2000b1bc     0x4  Data  Lc  tasks.o [1]
uxListRemove            0x0800325f    0x28  Code  Gb  list.o [1]
uxPendedTicks           0x2000b1cc     0x4  Data  Lc  tasks.o [1]
uxSchedulerSuspended    0x2000b1e0     0x4  Data  Lc  tasks.o [1]
uxTaskNumber            0x2000b1d8     0x4  Data  Lc  tasks.o [1]
uxTasksDeleted          0x2000b1b8     0x4  Data  Lc  tasks.o [1]
uxTopReadyPriority      0x2000b1c4     0x4  Data  Lc  tasks.o [1]
vApplicationIdleHook    0x080036e1     0x2  Code  Gb  freertos.o [1]
vApplicationMallocFailedHook
                        0x080036e7     0x2  Code  Gb  freertos.o [1]
vApplicationStackOverflowHook
                        0x080036e5     0x2  Code  Gb  freertos.o [1]
vApplicationTickHook    0x080036e3     0x2  Code  Gb  freertos.o [1]
vListInitialise         0x080031e9    0x1e  Code  Gb  list.o [1]
vListInitialiseItem     0x08003207     0x6  Code  Gb  list.o [1]
vListInsert             0x08003225    0x3a  Code  Gb  list.o [1]
vListInsertEnd          0x0800320d    0x18  Code  Gb  list.o [1]
vPortClearInterruptMask
                        0x08002e55          Code  Gb  portasm.o [1]
vPortEnterCritical      0x08002f6b    0x30  Code  Gb  port.o [1]
vPortExitCritical       0x08002f9b    0x2a  Code  Gb  port.o [1]
vPortFree               0x08003d1d    0x64  Code  Gb  heap_4.o [1]
vPortSetupTimerInterrupt
                        0x08003121    0x50  Code  Wk  port.o [1]
vPortStartFirstTask     0x08002e7b          Code  Gb  portasm.o [1]
vPortSuppressTicksAndSleep
                        0x08002fe3   0x13e  Code  Wk  port.o [1]
vPortValidateInterruptPriority
                        0x08003171    0x3c  Code  Gb  port.o [1]
vPortYield              0x08002f59    0x12  Code  Gb  port.o [1]
vQueueAddToRegistry     0x08004681    0x28  Code  Gb  queue.o [1]
vQueueWaitForMessageRestricted
                        0x080046ad    0x44  Code  Gb  queue.o [1]
vTaskDelay              0x080021c1    0x6c  Code  Gb  tasks.o [1]
vTaskMissedYield        0x08002953     0xa  Code  Gb  tasks.o [1]
vTaskPlaceOnEventList   0x08002735    0x6a  Code  Gb  tasks.o [1]
vTaskPlaceOnEventListRestricted
                        0x080027b9    0x76  Code  Gb  tasks.o [1]
vTaskPriorityInherit    0x08002c49    0xac  Code  Gb  tasks.o [1]
vTaskSetTimeOutState    0x080028bd    0x20  Code  Gb  tasks.o [1]
vTaskStartScheduler     0x080023ab    0x62  Code  Gb  tasks.o [1]
vTaskStepTick           0x08002543    0x2c  Code  Gb  tasks.o [1]
vTaskSuspend            0x0800222d    0xc4  Code  Gb  tasks.o [1]
vTaskSuspendAll         0x0800240d    0x10  Code  Gb  tasks.o [1]
vTaskSwitchContext      0x080026ab    0x8a  Code  Gb  tasks.o [1]
xActiveTimerList1       0x2000b0f4    0x14  Data  Lc  timers.o [1]
xActiveTimerList2       0x2000b108    0x14  Data  Lc  timers.o [1]
xBlockAllocatedBit      0x2000b184     0x4  Data  Lc  heap_4.o [1]
xDelayedTaskList1       0x2000b090    0x14  Data  Lc  tasks.o [1]
xDelayedTaskList2       0x2000b0a4    0x14  Data  Lc  tasks.o [1]
xFreeBytesRemaining     0x2000b17c     0x4  Data  Lc  heap_4.o [1]
xHeapStructSize         0x0800d2a0     0x4  Data  Lc  heap_4.o [1]
xMaximumPossibleSuppressedTicks
                        0x2000b18c     0x4  Data  Lc  port.o [1]
xMinimumEverFreeBytesRemaining
                        0x2000b180     0x4  Data  Lc  heap_4.o [1]
xNextTaskUnblockTime    0x2000b1dc     0x4  Data  Lc  tasks.o [1]
xNumOfOverflows         0x2000b1d4     0x4  Data  Lc  tasks.o [1]
xPendingReadyList       0x2000b0b8    0x14  Data  Lc  tasks.o [1]
xPortStartScheduler     0x08002ed1    0x88  Code  Gb  port.o [1]
xPortSysTickHandler     0x08002fc5    0x1e  Code  Gb  port.o [1]
xQueueCreateMutex       0x08003fbb    0x5c  Code  Gb  queue.o [1]
xQueueGenericCreate     0x08003f51    0x6a  Code  Gb  queue.o [1]
xQueueGenericReceive    0x080042e7   0x184  Code  Gb  queue.o [1]
xQueueGenericReset      0x08003ed9    0x78  Code  Gb  queue.o [1]
xQueueGenericSend       0x08004017   0x160  Code  Gb  queue.o [1]
xQueueGenericSendFromISR
                        0x08004177    0xc2  Code  Gb  queue.o [1]
xQueueGiveFromISR       0x08004239    0xae  Code  Gb  queue.o [1]
xQueueReceiveFromISR    0x0800446b    0xa2  Code  Gb  queue.o [1]
xQueueRegistry          0x2000ad5c    0x40  Data  Gb  queue.o [1]
xSchedulerRunning       0x2000b1c8     0x4  Data  Lc  tasks.o [1]
xStart                  0x2000b130     0x8  Data  Lc  heap_4.o [1]
xSuspendedTaskList      0x2000b0e0    0x14  Data  Lc  tasks.o [1]
xTaskCheckForTimeOut    0x080028dd    0x76  Code  Gb  tasks.o [1]
xTaskGenericCreate      0x08002069   0x158  Code  Gb  tasks.o [1]
xTaskGetCurrentTaskHandle
                        0x08002c0d     0xa  Code  Gb  tasks.o [1]
xTaskGetSchedulerState  0x08002c1d    0x26  Code  Gb  tasks.o [1]
xTaskGetTickCount       0x08002539     0xa  Code  Gb  tasks.o [1]
xTaskIncrementTick      0x0800256f   0x13c  Code  Gb  tasks.o [1]
xTaskPriorityDisinherit
                        0x08002cf9    0xa6  Code  Gb  tasks.o [1]
xTaskRemoveFromEventList
                        0x08002831    0x86  Code  Gb  tasks.o [1]
xTaskResumeAll          0x08002451    0xe8  Code  Gb  tasks.o [1]
xTaskResumeFromISR      0x08002325    0x86  Code  Gb  tasks.o [1]
xTasksWaitingTermination
                        0x2000b0cc    0x14  Data  Lc  tasks.o [1]
xTickCount              0x2000b1c0     0x4  Data  Lc  tasks.o [1]
xTimerCreate            0x080032cf    0x58  Code  Gb  timers.o [1]
xTimerCreateTimerTask   0x08003289    0x46  Code  Gb  timers.o [1]
xTimerGenericCommand    0x08003327    0x7a  Code  Gb  timers.o [1]
xTimerQueue             0x2000b1ec     0x4  Data  Lc  timers.o [1]
xYieldPending           0x2000b1d0     0x4  Data  Lc  tasks.o [1]


[1] = C:\GitHub\Wireless-control\Project-IAR\EWARM\SmartHouse\Obj
[2] = command line
[3] = dl7M_tlf.a
[4] = m7M_tl.a
[5] = rt7M_tl.a
[6] = shb_l.a

  53 062 bytes of readonly  code memory
   1 700 bytes of readonly  data memory
  45 565 bytes of readwrite data memory

Errors: none
Warnings: none
